Run: results/run_20260411_041604 | Device: mps | Params: 2,187,917
Config: PeakLR=0.005  WD=1e-05  BS=16  Epochs=300
--------------------------------------------------------------------------------------------------------------
Epoch   0 | LR: 0.000201 | Tr: tot=1.926 ctr=0.312 sz=0.627 or=0.495 cf=0.491 | Val: tot=1.888 ctr=0.253 sz=0.547 or=0.490 cf=0.598
Epoch   1 | LR: 0.000206 | Tr: tot=1.263 ctr=0.277 sz=0.142 or=0.480 cf=0.364 | Val: tot=1.565 ctr=0.287 sz=0.297 or=0.481 cf=0.500
Epoch   2 | LR: 0.000213 | Tr: tot=1.112 ctr=0.254 sz=0.080 or=0.477 cf=0.301 | Val: tot=1.141 ctr=0.222 sz=0.133 or=0.479 cf=0.308
Epoch   3 | LR: 0.000223 | Tr: tot=1.035 ctr=0.217 sz=0.074 or=0.483 cf=0.261 | Val: tot=1.010 ctr=0.184 sz=0.087 or=0.475 cf=0.264
Epoch   4 | LR: 0.000237 | Tr: tot=0.966 ctr=0.187 sz=0.064 or=0.479 cf=0.236 | Val: tot=0.910 ctr=0.140 sz=0.090 or=0.470 cf=0.210
Epoch   5 | LR: 0.000253 | Tr: tot=0.916 ctr=0.169 sz=0.067 or=0.467 cf=0.213 | Val: tot=0.814 ctr=0.098 sz=0.072 or=0.466 cf=0.178
Epoch   6 | LR: 0.000271 | Tr: tot=0.890 ctr=0.159 sz=0.068 or=0.477 cf=0.186 | Val: tot=0.769 ctr=0.094 sz=0.059 or=0.464 cf=0.153
Epoch   7 | LR: 0.000293 | Tr: tot=0.838 ctr=0.148 sz=0.054 or=0.480 cf=0.157 | Val: tot=0.745 ctr=0.098 sz=0.050 or=0.476 cf=0.122
Epoch   8 | LR: 0.000318 | Tr: tot=0.787 ctr=0.146 sz=0.054 or=0.476 cf=0.111 | Val: tot=0.682 ctr=0.089 sz=0.050 or=0.468 cf=0.075
Epoch   9 | LR: 0.000345 | Tr: tot=0.735 ctr=0.139 sz=0.054 or=0.475 cf=0.067 | Val: tot=0.629 ctr=0.078 sz=0.048 or=0.466 cf=0.036
Epoch  10 | LR: 0.000375 | Tr: tot=0.694 ctr=0.132 sz=0.057 or=0.474 cf=0.030 | Val: tot=0.609 ctr=0.075 sz=0.049 or=0.471 cf=0.015
Epoch  11 | LR: 0.000408 | Tr: tot=0.670 ctr=0.126 sz=0.055 or=0.478 cf=0.012 | Val: tot=0.614 ctr=0.086 sz=0.048 or=0.475 cf=0.005
Epoch  12 | LR: 0.000443 | Tr: tot=0.654 ctr=0.125 sz=0.054 or=0.471 cf=0.004 | Val: tot=0.611 ctr=0.081 sz=0.050 or=0.478 cf=0.002
Epoch  13 | LR: 0.000482 | Tr: tot=0.648 ctr=0.117 sz=0.056 or=0.473 cf=0.002 | Val: tot=0.605 ctr=0.075 sz=0.049 or=0.479 cf=0.001
Epoch  14 | LR: 0.000522 | Tr: tot=0.646 ctr=0.113 sz=0.055 or=0.477 cf=0.001 | Val: tot=0.613 ctr=0.076 sz=0.049 or=0.488 cf=0.001
Epoch  15 | LR: 0.000565 | Tr: tot=0.637 ctr=0.112 sz=0.055 or=0.469 cf=0.001 | Val: tot=0.621 ctr=0.083 sz=0.049 or=0.489 cf=0.000
Epoch  16 | LR: 0.000611 | Tr: tot=0.630 ctr=0.113 sz=0.054 or=0.462 cf=0.001 | Val: tot=0.639 ctr=0.106 sz=0.049 or=0.484 cf=0.000
Epoch  17 | LR: 0.000659 | Tr: tot=0.637 ctr=0.119 sz=0.054 or=0.462 cf=0.001 | Val: tot=0.644 ctr=0.112 sz=0.050 or=0.482 cf=0.000
Epoch  18 | LR: 0.000710 | Tr: tot=0.628 ctr=0.120 sz=0.053 or=0.453 cf=0.001 | Val: tot=0.631 ctr=0.085 sz=0.050 or=0.496 cf=0.000
Epoch  19 | LR: 0.000763 | Tr: tot=0.625 ctr=0.109 sz=0.055 or=0.461 cf=0.000 | Val: tot=0.601 ctr=0.077 sz=0.050 or=0.474 cf=0.000
Epoch  20 | LR: 0.000818 | Tr: tot=0.643 ctr=0.108 sz=0.054 or=0.481 cf=0.001 | Val: tot=0.619 ctr=0.094 sz=0.049 or=0.476 cf=0.000
Epoch  21 | LR: 0.000875 | Tr: tot=0.636 ctr=0.104 sz=0.053 or=0.478 cf=0.001 | Val: tot=0.609 ctr=0.078 sz=0.050 or=0.481 cf=0.000
Epoch  22 | LR: 0.000934 | Tr: tot=0.615 ctr=0.100 sz=0.053 or=0.461 cf=0.001 | Val: tot=0.601 ctr=0.073 sz=0.048 or=0.480 cf=0.000
