Run: results/run_20260411_114316 | Device: mps | Params: 2,187,917
Config: PeakLR=0.005  WD=1e-05  BS=16  Epochs=300
--------------------------------------------------------------------------------------------------------------
Epoch   0 | LR: 0.000201 | Tr: tot=11.646 ctr=0.432 sz=1.747 or=0.484 cf=0.602 | Val: tot=10.990 ctr=0.332 sz=1.674 or=0.446 cf=0.599
Epoch   1 | LR: 0.000206 | Tr: tot=8.189 ctr=0.305 sz=1.088 or=0.479 cf=0.486 | Val: tot=12.019 ctr=0.316 sz=1.883 or=0.447 cf=0.541
Epoch   2 | LR: 0.000213 | Tr: tot=6.575 ctr=0.259 sz=0.784 or=0.471 cf=0.425 | Val: tot=10.327 ctr=0.295 sz=1.542 or=0.456 cf=0.443
Epoch   3 | LR: 0.000223 | Tr: tot=6.160 ctr=0.226 sz=0.709 or=0.470 cf=0.398 | Val: tot=7.181 ctr=0.202 sz=0.936 or=0.452 cf=0.383
Epoch   4 | LR: 0.000237 | Tr: tot=6.129 ctr=0.213 sz=0.708 or=0.467 cf=0.383 | Val: tot=6.993 ctr=0.193 sz=0.904 or=0.449 cf=0.364
Epoch   5 | LR: 0.000253 | Tr: tot=5.948 ctr=0.191 sz=0.677 or=0.467 cf=0.372 | Val: tot=6.103 ctr=0.123 sz=0.743 or=0.446 cf=0.337
Epoch   6 | LR: 0.000271 | Tr: tot=5.847 ctr=0.173 sz=0.664 or=0.463 cf=0.360 | Val: tot=5.627 ctr=0.111 sz=0.656 or=0.441 cf=0.328
Epoch   7 | LR: 0.000293 | Tr: tot=5.774 ctr=0.163 sz=0.645 or=0.470 cf=0.350 | Val: tot=5.563 ctr=0.109 sz=0.639 or=0.445 cf=0.322
Epoch   8 | LR: 0.000318 | Tr: tot=5.742 ctr=0.161 sz=0.642 or=0.467 cf=0.336 | Val: tot=5.417 ctr=0.091 sz=0.624 or=0.435 cf=0.304
Epoch   9 | LR: 0.000345 | Tr: tot=5.651 ctr=0.155 sz=0.638 or=0.455 cf=0.319 | Val: tot=5.425 ctr=0.108 sz=0.613 or=0.444 cf=0.289
Epoch  10 | LR: 0.000375 | Tr: tot=5.616 ctr=0.150 sz=0.629 or=0.458 cf=0.301 | Val: tot=5.449 ctr=0.094 sz=0.621 or=0.445 cf=0.272
Epoch  11 | LR: 0.000408 | Tr: tot=5.549 ctr=0.148 sz=0.621 or=0.454 cf=0.274 | Val: tot=5.479 ctr=0.098 sz=0.625 or=0.446 cf=0.244
Epoch  12 | LR: 0.000443 | Tr: tot=5.642 ctr=0.151 sz=0.640 or=0.453 cf=0.251 | Val: tot=5.430 ctr=0.126 sz=0.610 or=0.446 cf=0.218
Epoch  13 | LR: 0.000482 | Tr: tot=5.625 ctr=0.153 sz=0.630 or=0.460 cf=0.219 | Val: tot=5.452 ctr=0.115 sz=0.614 or=0.450 cf=0.191
Epoch  14 | LR: 0.000522 | Tr: tot=5.457 ctr=0.144 sz=0.606 or=0.453 cf=0.183 | Val: tot=5.316 ctr=0.090 sz=0.596 or=0.446 cf=0.152
Epoch  15 | LR: 0.000565 | Tr: tot=5.455 ctr=0.139 sz=0.605 or=0.456 cf=0.146 | Val: tot=5.440 ctr=0.095 sz=0.618 or=0.449 cf=0.120
Epoch  16 | LR: 0.000611 | Tr: tot=5.470 ctr=0.138 sz=0.616 or=0.448 cf=0.109 | Val: tot=5.389 ctr=0.102 sz=0.620 or=0.435 cf=0.085
Epoch  17 | LR: 0.000659 | Tr: tot=5.442 ctr=0.139 sz=0.617 or=0.442 cf=0.079 | Val: tot=5.508 ctr=0.090 sz=0.631 or=0.451 cf=0.061
Epoch  18 | LR: 0.000710 | Tr: tot=5.476 ctr=0.135 sz=0.614 or=0.453 cf=0.055 | Val: tot=5.487 ctr=0.115 sz=0.634 or=0.439 cf=0.043
Epoch  19 | LR: 0.000763 | Tr: tot=5.423 ctr=0.134 sz=0.610 or=0.447 cf=0.037 | Val: tot=5.744 ctr=0.122 sz=0.672 or=0.452 cf=0.032
Epoch  20 | LR: 0.000818 | Tr: tot=5.437 ctr=0.137 sz=0.622 or=0.438 cf=0.029 | Val: tot=5.333 ctr=0.097 sz=0.598 or=0.448 cf=0.024
Epoch  21 | LR: 0.000875 | Tr: tot=5.404 ctr=0.130 sz=0.621 or=0.433 cf=0.025 | Val: tot=5.297 ctr=0.096 sz=0.592 or=0.448 cf=0.021
Epoch  22 | LR: 0.000934 | Tr: tot=5.289 ctr=0.126 sz=0.603 or=0.430 cf=0.022 | Val: tot=5.369 ctr=0.109 sz=0.609 or=0.443 cf=0.019
Epoch  23 | LR: 0.000996 | Tr: tot=5.225 ctr=0.131 sz=0.593 or=0.425 cf=0.019 | Val: tot=5.498 ctr=0.099 sz=0.623 or=0.456 cf=0.015
Epoch  24 | LR: 0.001059 | Tr: tot=5.320 ctr=0.123 sz=0.610 or=0.429 cf=0.016 | Val: tot=5.525 ctr=0.106 sz=0.652 or=0.431 cf=0.013
Epoch  25 | LR: 0.001124 | Tr: tot=5.245 ctr=0.122 sz=0.603 or=0.421 cf=0.015 | Val: tot=5.312 ctr=0.109 sz=0.622 or=0.418 cf=0.013
Epoch  26 | LR: 0.001191 | Tr: tot=5.426 ctr=0.133 sz=0.622 or=0.437 cf=0.014 | Val: tot=6.238 ctr=0.137 sz=0.777 or=0.443 cf=0.013
Epoch  27 | LR: 0.001260 | Tr: tot=6.227 ctr=0.167 sz=0.799 or=0.413 cf=0.013 | Val: tot=5.792 ctr=0.123 sz=0.690 or=0.444 cf=0.012
Epoch  28 | LR: 0.001330 | Tr: tot=6.138 ctr=0.162 sz=0.775 or=0.420 cf=0.012 | Val: tot=6.622 ctr=0.185 sz=0.847 or=0.440 cf=0.011
Epoch  29 | LR: 0.001402 | Tr: tot=5.546 ctr=0.145 sz=0.666 or=0.414 cf=0.011 | Val: tot=5.657 ctr=0.115 sz=0.665 or=0.443 cf=0.009
Epoch  30 | LR: 0.001476 | Tr: tot=5.332 ctr=0.129 sz=0.626 or=0.414 cf=0.008 | Val: tot=5.294 ctr=0.092 sz=0.600 or=0.440 cf=0.006
Epoch  31 | LR: 0.001551 | Tr: tot=5.466 ctr=0.128 sz=0.656 or=0.412 cf=0.007 | Val: tot=5.155 ctr=0.100 sz=0.596 or=0.415 cf=0.005
Epoch  32 | LR: 0.001627 | Tr: tot=5.253 ctr=0.126 sz=0.616 or=0.409 cf=0.007 | Val: tot=5.288 ctr=0.106 sz=0.600 or=0.437 cf=0.005
Epoch  33 | LR: 0.001704 | Tr: tot=5.276 ctr=0.131 sz=0.607 or=0.422 cf=0.006 | Val: tot=5.161 ctr=0.094 sz=0.594 or=0.420 cf=0.005
Epoch  34 | LR: 0.001782 | Tr: tot=5.237 ctr=0.119 sz=0.615 or=0.409 cf=0.006 | Val: tot=5.627 ctr=0.121 sz=0.663 or=0.438 cf=0.006
Epoch  35 | LR: 0.001862 | Tr: tot=5.326 ctr=0.124 sz=0.632 or=0.408 cf=0.009 | Val: tot=5.792 ctr=0.118 sz=0.691 or=0.444 cf=0.006
Epoch  36 | LR: 0.001942 | Tr: tot=5.329 ctr=0.121 sz=0.617 or=0.424 cf=0.008 | Val: tot=5.549 ctr=0.107 sz=0.654 or=0.435 cf=0.006
Epoch  37 | LR: 0.002023 | Tr: tot=5.181 ctr=0.117 sz=0.602 or=0.410 cf=0.008 | Val: tot=5.382 ctr=0.089 sz=0.619 or=0.439 cf=0.005
Epoch  38 | LR: 0.002105 | Tr: tot=5.053 ctr=0.112 sz=0.587 or=0.401 cf=0.007 | Val: tot=5.594 ctr=0.103 sz=0.682 or=0.416 cf=0.004
Epoch  39 | LR: 0.002187 | Tr: tot=5.567 ctr=0.134 sz=0.681 or=0.405 cf=0.007 | Val: tot=5.687 ctr=0.114 sz=0.658 or=0.456 cf=0.004
Epoch  40 | LR: 0.002270 | Tr: tot=5.179 ctr=0.111 sz=0.615 or=0.398 cf=0.006 | Val: tot=5.194 ctr=0.086 sz=0.587 or=0.434 cf=0.004
Epoch  41 | LR: 0.002353 | Tr: tot=5.502 ctr=0.122 sz=0.655 or=0.421 cf=0.004 | Val: tot=5.753 ctr=0.126 sz=0.685 or=0.440 cf=0.004
Epoch  42 | LR: 0.002437 | Tr: tot=5.470 ctr=0.121 sz=0.659 or=0.411 cf=0.007 | Val: tot=5.473 ctr=0.118 sz=0.633 or=0.437 cf=0.004
Epoch  43 | LR: 0.002520 | Tr: tot=5.267 ctr=0.117 sz=0.619 or=0.411 cf=0.007 | Val: tot=5.226 ctr=0.109 sz=0.590 or=0.433 cf=0.005
Epoch  44 | LR: 0.002604 | Tr: tot=5.089 ctr=0.110 sz=0.594 or=0.402 cf=0.006 | Val: tot=5.206 ctr=0.103 sz=0.604 or=0.417 cf=0.004
Epoch  45 | LR: 0.002688 | Tr: tot=5.311 ctr=0.123 sz=0.627 or=0.410 cf=0.007 | Val: tot=5.473 ctr=0.089 sz=0.634 or=0.443 cf=0.004
Epoch  46 | LR: 0.002772 | Tr: tot=5.202 ctr=0.106 sz=0.610 or=0.409 cf=0.006 | Val: tot=5.340 ctr=0.097 sz=0.615 or=0.433 cf=0.004
Epoch  47 | LR: 0.002855 | Tr: tot=5.198 ctr=0.108 sz=0.619 or=0.399 cf=0.006 | Val: tot=5.611 ctr=0.128 sz=0.680 or=0.417 cf=0.004
Epoch  48 | LR: 0.002939 | Tr: tot=5.289 ctr=0.121 sz=0.643 or=0.391 cf=0.004 | Val: tot=5.354 ctr=0.086 sz=0.612 or=0.442 cf=0.003
Epoch  49 | LR: 0.003021 | Tr: tot=5.330 ctr=0.117 sz=0.638 or=0.404 cf=0.005 | Val: tot=5.407 ctr=0.104 sz=0.617 or=0.443 cf=0.005
Epoch  50 | LR: 0.003104 | Tr: tot=5.388 ctr=0.125 sz=0.657 or=0.395 cf=0.007 | Val: tot=5.640 ctr=0.114 sz=0.672 or=0.434 cf=0.004
Epoch  51 | LR: 0.003185 | Tr: tot=5.196 ctr=0.117 sz=0.619 or=0.396 cf=0.005 | Val: tot=5.185 ctr=0.093 sz=0.597 or=0.421 cf=0.004
Epoch  52 | LR: 0.003266 | Tr: tot=5.165 ctr=0.117 sz=0.618 or=0.392 cf=0.004 | Val: tot=5.581 ctr=0.120 sz=0.678 or=0.415 cf=0.004
Epoch  53 | LR: 0.003346 | Tr: tot=5.251 ctr=0.113 sz=0.632 or=0.396 cf=0.006 | Val: tot=5.364 ctr=0.117 sz=0.608 or=0.441 cf=0.004
Epoch  54 | LR: 0.003426 | Tr: tot=5.109 ctr=0.110 sz=0.605 or=0.395 cf=0.007 | Val: tot=5.511 ctr=0.102 sz=0.653 or=0.428 cf=0.004
Epoch  55 | LR: 0.003504 | Tr: tot=5.070 ctr=0.103 sz=0.605 or=0.389 cf=0.007 | Val: tot=5.445 ctr=0.111 sz=0.643 or=0.423 cf=0.004
Epoch  56 | LR: 0.003581 | Tr: tot=5.639 ctr=0.131 sz=0.716 or=0.385 cf=0.006 | Val: tot=8.195 ctr=0.233 sz=1.155 or=0.437 cf=0.011
Epoch  57 | LR: 0.003657 | Tr: tot=6.130 ctr=0.150 sz=0.798 or=0.398 cf=0.007 | Val: tot=5.629 ctr=0.102 sz=0.670 or=0.435 cf=0.004
Epoch  58 | LR: 0.003732 | Tr: tot=5.373 ctr=0.114 sz=0.645 or=0.406 cf=0.008 | Val: tot=5.129 ctr=0.084 sz=0.584 or=0.425 cf=0.006
Epoch  59 | LR: 0.003805 | Tr: tot=5.440 ctr=0.125 sz=0.665 or=0.398 cf=0.009 | Val: tot=5.970 ctr=0.124 sz=0.740 or=0.430 cf=0.006
Epoch  60 | LR: 0.003877 | Tr: tot=5.410 ctr=0.118 sz=0.659 or=0.399 cf=0.009 | Val: tot=5.772 ctr=0.098 sz=0.723 or=0.412 cf=0.009
Epoch  61 | LR: 0.003947 | Tr: tot=5.231 ctr=0.110 sz=0.626 or=0.398 cf=0.009 | Val: tot=5.131 ctr=0.089 sz=0.591 or=0.418 cf=0.004
Epoch  62 | LR: 0.004015 | Tr: tot=5.207 ctr=0.110 sz=0.637 or=0.382 cf=0.005 | Val: tot=5.609 ctr=0.134 sz=0.701 or=0.394 cf=0.006
Epoch  63 | LR: 0.004082 | Tr: tot=5.234 ctr=0.115 sz=0.630 or=0.394 cf=0.006 | Val: tot=5.402 ctr=0.107 sz=0.630 or=0.429 cf=0.004
Epoch  64 | LR: 0.004147 | Tr: tot=5.084 ctr=0.103 sz=0.609 or=0.387 cf=0.007 | Val: tot=5.004 ctr=0.119 sz=0.574 or=0.403 cf=0.007
Epoch  65 | LR: 0.004210 | Tr: tot=4.936 ctr=0.107 sz=0.581 or=0.385 cf=0.009 | Val: tot=5.127 ctr=0.096 sz=0.603 or=0.403 cf=0.006
Epoch  66 | LR: 0.004272 | Tr: tot=5.303 ctr=0.109 sz=0.641 or=0.398 cf=0.015 | Val: tot=5.422 ctr=0.115 sz=0.651 or=0.410 cf=0.011
Epoch  67 | LR: 0.004331 | Tr: tot=5.065 ctr=0.100 sz=0.602 or=0.391 cf=0.021 | Val: tot=5.378 ctr=0.114 sz=0.638 or=0.415 cf=0.003
Epoch  68 | LR: 0.004388 | Tr: tot=5.132 ctr=0.104 sz=0.622 or=0.383 cf=0.007 | Val: tot=5.248 ctr=0.103 sz=0.614 or=0.415 cf=0.010
Epoch  69 | LR: 0.004443 | Tr: tot=5.080 ctr=0.097 sz=0.605 or=0.391 cf=0.020 | Val: tot=5.162 ctr=0.088 sz=0.603 or=0.411 cf=0.008
Epoch  70 | LR: 0.004495 | Tr: tot=4.959 ctr=0.092 sz=0.586 or=0.387 cf=0.017 | Val: tot=5.114 ctr=0.091 sz=0.585 or=0.420 cf=0.007
Epoch  71 | LR: 0.004546 | Tr: tot=5.045 ctr=0.099 sz=0.605 or=0.384 cf=0.009 | Val: tot=5.000 ctr=0.087 sz=0.576 or=0.407 cf=0.005
Epoch  72 | LR: 0.004593 | Tr: tot=4.862 ctr=0.092 sz=0.576 or=0.378 cf=0.007 | Val: tot=5.418 ctr=0.106 sz=0.673 or=0.389 cf=0.007
Epoch  73 | LR: 0.004639 | Tr: tot=4.955 ctr=0.099 sz=0.590 or=0.381 cf=0.009 | Val: tot=5.045 ctr=0.105 sz=0.609 or=0.378 cf=0.011
Epoch  74 | LR: 0.004682 | Tr: tot=4.819 ctr=0.099 sz=0.573 or=0.370 cf=0.013 | Val: tot=5.455 ctr=0.088 sz=0.629 or=0.444 cf=0.007
Epoch  75 | LR: 0.004722 | Tr: tot=4.934 ctr=0.099 sz=0.585 or=0.381 cf=0.016 | Val: tot=5.099 ctr=0.079 sz=0.586 or=0.418 cf=0.009
Epoch  76 | LR: 0.004760 | Tr: tot=4.838 ctr=0.093 sz=0.579 or=0.370 cf=0.011 | Val: tot=4.944 ctr=0.080 sz=0.567 or=0.406 cf=0.010
Epoch  77 | LR: 0.004795 | Tr: tot=4.970 ctr=0.095 sz=0.591 or=0.384 cf=0.016 | Val: tot=5.276 ctr=0.085 sz=0.603 or=0.435 cf=0.011
Epoch  78 | LR: 0.004828 | Tr: tot=4.880 ctr=0.089 sz=0.568 or=0.390 cf=0.012 | Val: tot=5.212 ctr=0.087 sz=0.604 or=0.421 cf=0.008
Epoch  79 | LR: 0.004858 | Tr: tot=4.755 ctr=0.088 sz=0.563 or=0.370 cf=0.011 | Val: tot=4.915 ctr=0.083 sz=0.567 or=0.399 cf=0.006
Epoch  80 | LR: 0.004885 | Tr: tot=4.841 ctr=0.087 sz=0.575 or=0.376 cf=0.015 | Val: tot=5.588 ctr=0.106 sz=0.649 or=0.447 cf=0.015
Epoch  81 | LR: 0.004909 | Tr: tot=4.914 ctr=0.093 sz=0.586 or=0.378 cf=0.023 | Val: tot=5.075 ctr=0.087 sz=0.596 or=0.402 cf=0.005
Epoch  82 | LR: 0.004931 | Tr: tot=4.839 ctr=0.090 sz=0.572 or=0.377 cf=0.021 | Val: tot=4.920 ctr=0.074 sz=0.588 or=0.381 cf=0.013
Epoch  83 | LR: 0.004949 | Tr: tot=4.789 ctr=0.088 sz=0.560 or=0.380 cf=0.010 | Val: tot=4.889 ctr=0.076 sz=0.575 or=0.388 cf=0.006
Epoch  84 | LR: 0.004965 | Tr: tot=4.757 ctr=0.087 sz=0.562 or=0.371 cf=0.012 | Val: tot=4.818 ctr=0.077 sz=0.563 or=0.385 cf=0.006
Epoch  85 | LR: 0.004978 | Tr: tot=4.649 ctr=0.087 sz=0.552 or=0.360 cf=0.017 | Val: tot=5.021 ctr=0.088 sz=0.579 or=0.407 cf=0.012
Epoch  86 | LR: 0.004988 | Tr: tot=4.674 ctr=0.088 sz=0.550 or=0.367 cf=0.017 | Val: tot=4.916 ctr=0.076 sz=0.587 or=0.381 cf=0.009
Epoch  87 | LR: 0.004995 | Tr: tot=4.696 ctr=0.086 sz=0.556 or=0.366 cf=0.013 | Val: tot=4.935 ctr=0.074 sz=0.570 or=0.402 cf=0.008
Epoch  88 | LR: 0.004999 | Tr: tot=4.793 ctr=0.087 sz=0.562 or=0.378 cf=0.017 | Val: tot=5.114 ctr=0.082 sz=0.599 or=0.408 cf=0.007
Epoch  89 | LR: 0.005000 | Tr: tot=4.700 ctr=0.084 sz=0.556 or=0.367 cf=0.015 | Val: tot=4.983 ctr=0.079 sz=0.576 or=0.405 cf=0.005
Epoch  90 | LR: 0.005000 | Tr: tot=4.686 ctr=0.088 sz=0.556 or=0.363 cf=0.012 | Val: tot=4.827 ctr=0.074 sz=0.557 or=0.394 cf=0.008
Epoch  91 | LR: 0.004999 | Tr: tot=4.736 ctr=0.090 sz=0.573 or=0.356 cf=0.012 | Val: tot=5.074 ctr=0.086 sz=0.609 or=0.389 cf=0.007
Epoch  92 | LR: 0.004997 | Tr: tot=4.684 ctr=0.089 sz=0.555 or=0.364 cf=0.012 | Val: tot=4.856 ctr=0.078 sz=0.560 or=0.395 cf=0.005
Epoch  93 | LR: 0.004995 | Tr: tot=4.578 ctr=0.087 sz=0.541 or=0.357 cf=0.013 | Val: tot=4.634 ctr=0.070 sz=0.541 or=0.371 cf=0.004
Epoch  94 | LR: 0.004993 | Tr: tot=4.618 ctr=0.085 sz=0.546 or=0.360 cf=0.016 | Val: tot=4.826 ctr=0.086 sz=0.541 or=0.407 cf=0.007
Epoch  95 | LR: 0.004990 | Tr: tot=4.560 ctr=0.087 sz=0.538 or=0.357 cf=0.014 | Val: tot=4.909 ctr=0.090 sz=0.560 or=0.404 cf=0.006
Epoch  96 | LR: 0.004986 | Tr: tot=4.656 ctr=0.089 sz=0.548 or=0.366 cf=0.009 | Val: tot=4.829 ctr=0.083 sz=0.552 or=0.397 cf=0.004
Epoch  97 | LR: 0.004982 | Tr: tot=4.624 ctr=0.091 sz=0.541 or=0.366 cf=0.013 | Val: tot=4.747 ctr=0.074 sz=0.546 or=0.389 cf=0.004
Epoch  98 | LR: 0.004977 | Tr: tot=4.598 ctr=0.085 sz=0.539 or=0.364 cf=0.007 | Val: tot=4.706 ctr=0.077 sz=0.535 or=0.390 cf=0.004
Epoch  99 | LR: 0.004972 | Tr: tot=4.559 ctr=0.087 sz=0.541 or=0.354 cf=0.010 | Val: tot=4.604 ctr=0.083 sz=0.526 or=0.378 cf=0.006
Epoch 100 | LR: 0.004966 | Tr: tot=4.487 ctr=0.084 sz=0.526 or=0.355 cf=0.006 | Val: tot=5.032 ctr=0.073 sz=0.581 or=0.411 cf=0.002
Epoch 101 | LR: 0.004959 | Tr: tot=4.565 ctr=0.083 sz=0.534 or=0.362 cf=0.004 | Val: tot=4.721 ctr=0.074 sz=0.566 or=0.363 cf=0.008
Epoch 102 | LR: 0.004952 | Tr: tot=4.509 ctr=0.083 sz=0.533 or=0.352 cf=0.006 | Val: tot=5.178 ctr=0.070 sz=0.604 or=0.417 cf=0.006
Epoch 103 | LR: 0.004945 | Tr: tot=4.477 ctr=0.081 sz=0.538 or=0.341 cf=0.008 | Val: tot=4.528 ctr=0.069 sz=0.528 or=0.364 cf=0.002
Epoch 104 | LR: 0.004936 | Tr: tot=4.473 ctr=0.080 sz=0.528 or=0.351 cf=0.008 | Val: tot=4.552 ctr=0.069 sz=0.532 or=0.365 cf=0.001
Epoch 105 | LR: 0.004928 | Tr: tot=4.441 ctr=0.082 sz=0.522 or=0.350 cf=0.004 | Val: tot=4.594 ctr=0.076 sz=0.533 or=0.370 cf=0.001
Epoch 106 | LR: 0.004919 | Tr: tot=4.447 ctr=0.083 sz=0.529 or=0.344 cf=0.004 | Val: tot=4.859 ctr=0.084 sz=0.548 or=0.407 cf=0.001
Epoch 107 | LR: 0.004909 | Tr: tot=4.472 ctr=0.097 sz=0.534 or=0.341 cf=0.006 | Val: tot=4.925 ctr=0.074 sz=0.570 or=0.400 cf=0.003
Epoch 108 | LR: 0.004899 | Tr: tot=4.453 ctr=0.087 sz=0.524 or=0.349 cf=0.007 | Val: tot=4.625 ctr=0.073 sz=0.537 or=0.373 cf=0.004
Epoch 109 | LR: 0.004888 | Tr: tot=4.433 ctr=0.086 sz=0.520 or=0.349 cf=0.008 | Val: tot=4.811 ctr=0.081 sz=0.566 or=0.380 cf=0.004
Epoch 110 | LR: 0.004876 | Tr: tot=4.519 ctr=0.087 sz=0.541 or=0.345 cf=0.010 | Val: tot=4.790 ctr=0.078 sz=0.564 or=0.378 cf=0.003
Epoch 111 | LR: 0.004865 | Tr: tot=4.403 ctr=0.083 sz=0.522 or=0.342 cf=0.004 | Val: tot=4.631 ctr=0.075 sz=0.532 or=0.379 cf=0.002
Epoch 112 | LR: 0.004852 | Tr: tot=4.345 ctr=0.082 sz=0.510 or=0.343 cf=0.004 | Val: tot=4.647 ctr=0.071 sz=0.516 or=0.399 cf=0.003
Epoch 113 | LR: 0.004839 | Tr: tot=4.333 ctr=0.085 sz=0.510 or=0.340 cf=0.005 | Val: tot=4.859 ctr=0.072 sz=0.570 or=0.387 cf=0.002
Epoch 114 | LR: 0.004826 | Tr: tot=4.305 ctr=0.080 sz=0.505 or=0.340 cf=0.007 | Val: tot=4.777 ctr=0.065 sz=0.566 or=0.376 cf=0.004
Epoch 115 | LR: 0.004812 | Tr: tot=4.284 ctr=0.080 sz=0.506 or=0.334 cf=0.003 | Val: tot=4.638 ctr=0.068 sz=0.542 or=0.372 cf=0.003
Epoch 116 | LR: 0.004797 | Tr: tot=4.301 ctr=0.082 sz=0.506 or=0.338 cf=0.005 | Val: tot=4.982 ctr=0.079 sz=0.571 or=0.409 cf=0.001
Epoch 117 | LR: 0.004782 | Tr: tot=4.307 ctr=0.081 sz=0.508 or=0.337 cf=0.002 | Val: tot=4.818 ctr=0.073 sz=0.562 or=0.387 cf=0.003
Epoch 118 | LR: 0.004767 | Tr: tot=4.352 ctr=0.081 sz=0.517 or=0.338 cf=0.003 | Val: tot=4.784 ctr=0.071 sz=0.553 or=0.389 cf=0.002
Epoch 119 | LR: 0.004751 | Tr: tot=4.314 ctr=0.081 sz=0.510 or=0.337 cf=0.009 | Val: tot=4.618 ctr=0.067 sz=0.545 or=0.365 cf=0.004
Epoch 120 | LR: 0.004734 | Tr: tot=4.380 ctr=0.083 sz=0.532 or=0.327 cf=0.004 | Val: tot=4.867 ctr=0.079 sz=0.563 or=0.395 cf=0.003
Epoch 121 | LR: 0.004717 | Tr: tot=4.264 ctr=0.081 sz=0.509 or=0.328 cf=0.005 | Val: tot=4.722 ctr=0.073 sz=0.552 or=0.377 cf=0.001
Epoch 122 | LR: 0.004700 | Tr: tot=4.231 ctr=0.080 sz=0.500 or=0.330 cf=0.002 | Val: tot=4.401 ctr=0.075 sz=0.508 or=0.358 cf=0.002
Epoch 123 | LR: 0.004682 | Tr: tot=4.277 ctr=0.082 sz=0.508 or=0.331 cf=0.001 | Val: tot=4.656 ctr=0.075 sz=0.533 or=0.383 cf=0.001
Epoch 124 | LR: 0.004663 | Tr: tot=4.255 ctr=0.080 sz=0.506 or=0.329 cf=0.005 | Val: tot=4.809 ctr=0.078 sz=0.551 or=0.395 cf=0.003
Epoch 125 | LR: 0.004644 | Tr: tot=4.157 ctr=0.080 sz=0.495 or=0.321 cf=0.003 | Val: tot=4.493 ctr=0.072 sz=0.527 or=0.357 cf=0.003
Epoch 126 | LR: 0.004625 | Tr: tot=4.173 ctr=0.083 sz=0.496 or=0.322 cf=0.004 | Val: tot=4.549 ctr=0.077 sz=0.507 or=0.387 cf=0.003
Epoch 127 | LR: 0.004605 | Tr: tot=4.247 ctr=0.081 sz=0.497 or=0.336 cf=0.003 | Val: tot=4.539 ctr=0.073 sz=0.520 or=0.373 cf=0.003
Epoch 128 | LR: 0.004584 | Tr: tot=4.150 ctr=0.080 sz=0.497 or=0.316 cf=0.003 | Val: tot=4.600 ctr=0.073 sz=0.516 or=0.389 cf=0.001
Epoch 129 | LR: 0.004564 | Tr: tot=4.088 ctr=0.082 sz=0.486 or=0.315 cf=0.002 | Val: tot=4.771 ctr=0.071 sz=0.550 or=0.390 cf=0.002
Epoch 130 | LR: 0.004542 | Tr: tot=4.159 ctr=0.080 sz=0.498 or=0.318 cf=0.001 | Val: tot=4.550 ctr=0.072 sz=0.519 or=0.376 cf=0.001
Epoch 131 | LR: 0.004520 | Tr: tot=4.013 ctr=0.075 sz=0.479 or=0.309 cf=0.002 | Val: tot=4.607 ctr=0.070 sz=0.525 or=0.383 cf=0.002
Epoch 132 | LR: 0.004498 | Tr: tot=4.167 ctr=0.079 sz=0.499 or=0.318 cf=0.003 | Val: tot=4.624 ctr=0.069 sz=0.547 or=0.364 cf=0.002
Epoch 133 | LR: 0.004475 | Tr: tot=4.099 ctr=0.078 sz=0.488 or=0.316 cf=0.003 | Val: tot=4.643 ctr=0.074 sz=0.528 or=0.386 cf=0.001
Epoch 134 | LR: 0.004452 | Tr: tot=4.075 ctr=0.079 sz=0.485 or=0.314 cf=0.002 | Val: tot=4.694 ctr=0.075 sz=0.526 or=0.398 cf=0.001
Epoch 135 | LR: 0.004429 | Tr: tot=4.051 ctr=0.078 sz=0.478 or=0.316 cf=0.002 | Val: tot=4.607 ctr=0.069 sz=0.521 or=0.386 cf=0.002
Epoch 136 | LR: 0.004405 | Tr: tot=4.006 ctr=0.079 sz=0.475 or=0.311 cf=0.001 | Val: tot=4.589 ctr=0.074 sz=0.510 or=0.393 cf=0.001
Epoch 137 | LR: 0.004380 | Tr: tot=4.067 ctr=0.076 sz=0.486 or=0.312 cf=0.006 | Val: tot=4.530 ctr=0.072 sz=0.494 or=0.397 cf=0.003
Epoch 138 | LR: 0.004355 | Tr: tot=4.027 ctr=0.078 sz=0.476 or=0.314 cf=0.002 | Val: tot=4.560 ctr=0.073 sz=0.517 or=0.380 cf=0.004
Epoch 139 | LR: 0.004330 | Tr: tot=4.029 ctr=0.075 sz=0.476 or=0.315 cf=0.003 | Val: tot=4.747 ctr=0.068 sz=0.535 or=0.401 cf=0.001
Epoch 140 | LR: 0.004304 | Tr: tot=4.044 ctr=0.076 sz=0.479 or=0.314 cf=0.001 | Val: tot=4.591 ctr=0.069 sz=0.526 or=0.378 cf=0.002
Epoch 141 | LR: 0.004278 | Tr: tot=4.072 ctr=0.083 sz=0.479 or=0.318 cf=0.001 | Val: tot=5.073 ctr=0.083 sz=0.583 or=0.414 cf=0.001
Epoch 142 | LR: 0.004252 | Tr: tot=4.164 ctr=0.080 sz=0.497 or=0.320 cf=0.001 | Val: tot=4.499 ctr=0.071 sz=0.516 or=0.370 cf=0.001
Epoch 143 | LR: 0.004225 | Tr: tot=4.057 ctr=0.078 sz=0.481 or=0.315 cf=0.002 | Val: tot=4.607 ctr=0.070 sz=0.529 or=0.378 cf=0.002
Epoch 144 | LR: 0.004198 | Tr: tot=4.068 ctr=0.080 sz=0.480 or=0.317 cf=0.002 | Val: tot=4.886 ctr=0.077 sz=0.545 or=0.416 cf=0.001
Epoch 145 | LR: 0.004170 | Tr: tot=4.044 ctr=0.079 sz=0.482 or=0.311 cf=0.001 | Val: tot=4.743 ctr=0.076 sz=0.536 or=0.397 cf=0.001
Epoch 146 | LR: 0.004142 | Tr: tot=3.973 ctr=0.079 sz=0.473 or=0.306 cf=0.002 | Val: tot=4.483 ctr=0.074 sz=0.513 or=0.368 cf=0.001
Epoch 147 | LR: 0.004114 | Tr: tot=3.888 ctr=0.078 sz=0.468 or=0.294 cf=0.001 | Val: tot=4.472 ctr=0.067 sz=0.513 or=0.368 cf=0.001
Epoch 148 | LR: 0.004085 | Tr: tot=3.969 ctr=0.076 sz=0.475 or=0.303 cf=0.001 | Val: tot=4.490 ctr=0.069 sz=0.511 or=0.373 cf=0.001
Epoch 149 | LR: 0.004056 | Tr: tot=3.941 ctr=0.076 sz=0.470 or=0.303 cf=0.001 | Val: tot=4.753 ctr=0.070 sz=0.535 or=0.401 cf=0.001
Epoch 150 | LR: 0.004026 | Tr: tot=3.837 ctr=0.078 sz=0.460 or=0.292 cf=0.002 | Val: tot=4.796 ctr=0.072 sz=0.526 or=0.419 cf=0.001
Epoch 151 | LR: 0.003997 | Tr: tot=3.912 ctr=0.080 sz=0.468 or=0.298 cf=0.001 | Val: tot=4.518 ctr=0.074 sz=0.493 or=0.396 cf=0.001
Epoch 152 | LR: 0.003966 | Tr: tot=3.854 ctr=0.079 sz=0.460 or=0.295 cf=0.001 | Val: tot=4.560 ctr=0.070 sz=0.530 or=0.368 cf=0.001
Epoch 153 | LR: 0.003936 | Tr: tot=3.876 ctr=0.078 sz=0.460 or=0.299 cf=0.001 | Val: tot=4.570 ctr=0.075 sz=0.508 or=0.391 cf=0.001
Epoch 154 | LR: 0.003905 | Tr: tot=3.872 ctr=0.084 sz=0.461 or=0.297 cf=0.001 | Val: tot=4.524 ctr=0.084 sz=0.507 or=0.381 cf=0.001
Epoch 155 | LR: 0.003874 | Tr: tot=3.777 ctr=0.082 sz=0.448 or=0.291 cf=0.002 | Val: tot=4.436 ctr=0.077 sz=0.488 or=0.384 cf=0.002
Epoch 156 | LR: 0.003843 | Tr: tot=3.735 ctr=0.075 sz=0.444 or=0.287 cf=0.002 | Val: tot=4.535 ctr=0.069 sz=0.506 or=0.388 cf=0.001
Epoch 157 | LR: 0.003811 | Tr: tot=3.777 ctr=0.076 sz=0.451 or=0.289 cf=0.002 | Val: tot=4.754 ctr=0.080 sz=0.520 or=0.415 cf=0.001
Epoch 158 | LR: 0.003779 | Tr: tot=3.814 ctr=0.079 sz=0.453 or=0.294 cf=0.002 | Val: tot=4.702 ctr=0.070 sz=0.524 or=0.402 cf=0.001
Epoch 159 | LR: 0.003747 | Tr: tot=3.811 ctr=0.077 sz=0.458 or=0.289 cf=0.002 | Val: tot=4.723 ctr=0.071 sz=0.541 or=0.390 cf=0.001
Epoch 160 | LR: 0.003714 | Tr: tot=3.888 ctr=0.075 sz=0.463 or=0.299 cf=0.001 | Val: tot=4.796 ctr=0.074 sz=0.518 or=0.426 cf=0.001
Epoch 161 | LR: 0.003681 | Tr: tot=3.746 ctr=0.077 sz=0.446 or=0.288 cf=0.001 | Val: tot=4.692 ctr=0.069 sz=0.524 or=0.400 cf=0.001
Epoch 162 | LR: 0.003648 | Tr: tot=3.768 ctr=0.077 sz=0.457 or=0.281 cf=0.001 | Val: tot=4.552 ctr=0.070 sz=0.512 or=0.384 cf=0.001
Early stopping at epoch 162.
Final Test Result -> Ctr: 0.0779 | Sz: 0.4869 | Or: 0.3926 | Cf: 0.0026
--------------------------------------------------------------------------------------------------------------
Training complete — 163 epochs in 00h 19m 44s
All results saved to results/run_20260411_114316
