Run: results/run_20260411_121801 | Device: mps | Params: 2,187,917
Config: PeakLR=0.005  WD=0.0001  BS=16  Epochs=300
--------------------------------------------------------------------------------------------------------------
Epoch   0 | LR: 0.000201 | Tr: tot=13.517 ctr=0.356 sz=2.117 or=0.502 cf=0.688 | Val: tot=12.989 ctr=0.313 sz=2.029 or=0.494 cf=0.601
Epoch   1 | LR: 0.000206 | Tr: tot=9.751 ctr=0.523 sz=1.334 or=0.501 cf=0.560 | Val: tot=11.281 ctr=0.258 sz=1.693 or=0.501 cf=0.546
Epoch   2 | LR: 0.000213 | Tr: tot=7.955 ctr=0.314 sz=1.010 or=0.508 cf=0.512 | Val: tot=11.516 ctr=0.293 sz=1.702 or=0.533 cf=0.502
Epoch   3 | LR: 0.000223 | Tr: tot=7.577 ctr=0.291 sz=0.940 or=0.506 cf=0.534 | Val: tot=7.580 ctr=0.193 sz=0.954 or=0.515 cf=0.436
Epoch   4 | LR: 0.000237 | Tr: tot=8.093 ctr=0.307 sz=1.054 or=0.493 cf=0.526 | Val: tot=9.440 ctr=0.243 sz=1.308 or=0.523 cf=0.395
Epoch   5 | LR: 0.000253 | Tr: tot=7.874 ctr=0.269 sz=1.005 or=0.507 cf=0.466 | Val: tot=6.409 ctr=0.116 sz=0.728 or=0.524 cf=0.358
Epoch   6 | LR: 0.000271 | Tr: tot=6.964 ctr=0.260 sz=0.832 or=0.500 cf=0.418 | Val: tot=7.499 ctr=0.145 sz=0.945 or=0.520 cf=0.329
Epoch   7 | LR: 0.000293 | Tr: tot=6.638 ctr=0.244 sz=0.775 or=0.495 cf=0.400 | Val: tot=6.684 ctr=0.133 sz=0.812 or=0.491 cf=0.321
Epoch   8 | LR: 0.000318 | Tr: tot=6.660 ctr=0.231 sz=0.785 or=0.492 cf=0.453 | Val: tot=6.202 ctr=0.112 sz=0.714 or=0.497 cf=0.345
Epoch   9 | LR: 0.000345 | Tr: tot=6.878 ctr=0.224 sz=0.831 or=0.491 cf=0.463 | Val: tot=6.079 ctr=0.100 sz=0.683 or=0.506 cf=0.355
Epoch  10 | LR: 0.000375 | Tr: tot=6.270 ctr=0.212 sz=0.720 or=0.483 cf=0.408 | Val: tot=6.741 ctr=0.144 sz=0.808 or=0.505 cf=0.301
Epoch  11 | LR: 0.000408 | Tr: tot=6.540 ctr=0.209 sz=0.773 or=0.486 cf=0.364 | Val: tot=7.509 ctr=0.174 sz=0.963 or=0.498 cf=0.281
Epoch  12 | LR: 0.000443 | Tr: tot=6.399 ctr=0.195 sz=0.752 or=0.483 cf=0.312 | Val: tot=5.767 ctr=0.100 sz=0.623 or=0.505 cf=0.259
Epoch  13 | LR: 0.000482 | Tr: tot=6.954 ctr=0.210 sz=0.863 or=0.478 cf=0.354 | Val: tot=6.495 ctr=0.135 sz=0.752 or=0.515 cf=0.250
Epoch  14 | LR: 0.000522 | Tr: tot=6.027 ctr=0.174 sz=0.697 or=0.468 cf=0.302 | Val: tot=6.901 ctr=0.136 sz=0.832 or=0.516 cf=0.244
Epoch  15 | LR: 0.000565 | Tr: tot=6.174 ctr=0.177 sz=0.709 or=0.485 cf=0.263 | Val: tot=7.447 ctr=0.169 sz=0.942 or=0.510 cf=0.214
Epoch  16 | LR: 0.000611 | Tr: tot=6.589 ctr=0.170 sz=0.803 or=0.475 cf=0.275 | Val: tot=6.837 ctr=0.137 sz=0.824 or=0.512 cf=0.186
Epoch  17 | LR: 0.000659 | Tr: tot=6.276 ctr=0.163 sz=0.743 or=0.476 cf=0.203 | Val: tot=6.955 ctr=0.154 sz=0.841 or=0.516 cf=0.139
Epoch  18 | LR: 0.000710 | Tr: tot=6.317 ctr=0.157 sz=0.750 or=0.478 cf=0.216 | Val: tot=5.847 ctr=0.093 sz=0.621 or=0.528 cf=0.117
Epoch  19 | LR: 0.000763 | Tr: tot=6.241 ctr=0.147 sz=0.736 or=0.480 cf=0.153 | Val: tot=6.149 ctr=0.107 sz=0.675 or=0.531 cf=0.088
Epoch  20 | LR: 0.000818 | Tr: tot=6.423 ctr=0.161 sz=0.764 or=0.486 cf=0.089 | Val: tot=5.835 ctr=0.090 sz=0.619 or=0.529 cf=0.069
Epoch  21 | LR: 0.000875 | Tr: tot=6.601 ctr=0.149 sz=0.807 or=0.482 cf=0.069 | Val: tot=6.374 ctr=0.115 sz=0.736 or=0.515 cf=0.055
Epoch  22 | LR: 0.000934 | Tr: tot=6.743 ctr=0.164 sz=0.831 or=0.482 cf=0.133 | Val: tot=6.295 ctr=0.145 sz=0.710 or=0.519 cf=0.036
Epoch  23 | LR: 0.000996 | Tr: tot=6.263 ctr=0.135 sz=0.745 or=0.478 cf=0.154 | Val: tot=6.937 ctr=0.123 sz=0.848 or=0.514 cf=0.046
Epoch  24 | LR: 0.001059 | Tr: tot=6.129 ctr=0.140 sz=0.721 or=0.474 cf=0.125 | Val: tot=6.001 ctr=0.112 sz=0.656 or=0.521 cf=0.034
Epoch  25 | LR: 0.001124 | Tr: tot=6.759 ctr=0.151 sz=0.844 or=0.477 cf=0.036 | Val: tot=6.341 ctr=0.127 sz=0.728 or=0.515 cf=0.024
Epoch  26 | LR: 0.001191 | Tr: tot=6.500 ctr=0.144 sz=0.788 or=0.481 cf=0.088 | Val: tot=5.952 ctr=0.108 sz=0.654 or=0.515 cf=0.018
Epoch  27 | LR: 0.001260 | Tr: tot=6.095 ctr=0.128 sz=0.710 or=0.483 cf=0.022 | Val: tot=6.081 ctr=0.122 sz=0.680 or=0.512 cf=0.023
Epoch  28 | LR: 0.001330 | Tr: tot=6.694 ctr=0.166 sz=0.827 or=0.477 cf=0.066 | Val: tot=6.946 ctr=0.123 sz=0.848 or=0.516 cf=0.017
Epoch  29 | LR: 0.001402 | Tr: tot=6.213 ctr=0.130 sz=0.737 or=0.479 cf=0.020 | Val: tot=6.096 ctr=0.119 sz=0.682 or=0.513 cf=0.015
Epoch  30 | LR: 0.001476 | Tr: tot=6.610 ctr=0.144 sz=0.811 or=0.480 cf=0.098 | Val: tot=5.737 ctr=0.094 sz=0.608 or=0.520 cf=0.023
Epoch  31 | LR: 0.001551 | Tr: tot=6.351 ctr=0.129 sz=0.768 or=0.475 cf=0.103 | Val: tot=5.981 ctr=0.094 sz=0.661 or=0.516 cf=0.018
Epoch  32 | LR: 0.001627 | Tr: tot=6.736 ctr=0.147 sz=0.829 or=0.486 cf=0.105 | Val: tot=6.145 ctr=0.120 sz=0.688 or=0.517 cf=0.018
Epoch  33 | LR: 0.001704 | Tr: tot=6.216 ctr=0.131 sz=0.743 or=0.473 cf=0.019 | Val: tot=6.289 ctr=0.109 sz=0.715 or=0.521 cf=0.012
Epoch  34 | LR: 0.001782 | Tr: tot=6.912 ctr=0.149 sz=0.874 or=0.476 cf=0.126 | Val: tot=5.821 ctr=0.093 sz=0.631 or=0.515 cf=0.011
Epoch  35 | LR: 0.001862 | Tr: tot=6.679 ctr=0.145 sz=0.828 or=0.477 cf=0.063 | Val: tot=5.934 ctr=0.100 sz=0.651 or=0.515 cf=0.014
Epoch  36 | LR: 0.001942 | Tr: tot=6.086 ctr=0.124 sz=0.716 or=0.476 cf=0.018 | Val: tot=6.347 ctr=0.125 sz=0.730 or=0.515 cf=0.010
Epoch  37 | LR: 0.002023 | Tr: tot=6.547 ctr=0.142 sz=0.808 or=0.473 cf=0.012 | Val: tot=5.857 ctr=0.105 sz=0.634 or=0.516 cf=0.009
Epoch  38 | LR: 0.002105 | Tr: tot=6.840 ctr=0.152 sz=0.856 or=0.479 cf=0.125 | Val: tot=6.886 ctr=0.136 sz=0.832 or=0.517 cf=0.010
Epoch  39 | LR: 0.002187 | Tr: tot=6.430 ctr=0.134 sz=0.778 or=0.480 cf=0.053 | Val: tot=5.842 ctr=0.102 sz=0.634 or=0.513 cf=0.013
Epoch  40 | LR: 0.002270 | Tr: tot=6.210 ctr=0.124 sz=0.744 or=0.472 cf=0.060 | Val: tot=6.810 ctr=0.147 sz=0.812 or=0.520 cf=0.018
Epoch  41 | LR: 0.002353 | Tr: tot=6.710 ctr=0.142 sz=0.838 or=0.473 cf=0.107 | Val: tot=5.909 ctr=0.098 sz=0.653 or=0.509 cf=0.012
Epoch  42 | LR: 0.002437 | Tr: tot=5.967 ctr=0.117 sz=0.697 or=0.471 cf=0.098 | Val: tot=6.192 ctr=0.138 sz=0.694 or=0.517 cf=0.012
Epoch  43 | LR: 0.002520 | Tr: tot=6.159 ctr=0.124 sz=0.733 or=0.474 cf=0.014 | Val: tot=5.995 ctr=0.100 sz=0.671 or=0.508 cf=0.015
Epoch  44 | LR: 0.002604 | Tr: tot=6.111 ctr=0.121 sz=0.715 or=0.483 cf=0.016 | Val: tot=5.927 ctr=0.101 sz=0.650 or=0.515 cf=0.008
Epoch  45 | LR: 0.002688 | Tr: tot=6.945 ctr=0.179 sz=0.879 or=0.473 cf=0.053 | Val: tot=6.682 ctr=0.101 sz=0.801 or=0.515 cf=0.009
Epoch  46 | LR: 0.002772 | Tr: tot=6.166 ctr=0.124 sz=0.728 or=0.479 cf=0.077 | Val: tot=6.273 ctr=0.118 sz=0.715 or=0.516 cf=0.013
Epoch  47 | LR: 0.002855 | Tr: tot=5.935 ctr=0.117 sz=0.693 or=0.470 cf=0.049 | Val: tot=5.737 ctr=0.090 sz=0.610 or=0.519 cf=0.006
Epoch  48 | LR: 0.002939 | Tr: tot=6.292 ctr=0.121 sz=0.757 or=0.476 cf=0.052 | Val: tot=6.189 ctr=0.117 sz=0.698 or=0.516 cf=0.005
Epoch  49 | LR: 0.003021 | Tr: tot=6.170 ctr=0.120 sz=0.737 or=0.472 cf=0.060 | Val: tot=6.271 ctr=0.095 sz=0.733 or=0.502 cf=0.008
Epoch  50 | LR: 0.003104 | Tr: tot=6.275 ctr=0.126 sz=0.742 or=0.487 cf=0.053 | Val: tot=6.486 ctr=0.137 sz=0.753 or=0.517 cf=0.019
Epoch  51 | LR: 0.003185 | Tr: tot=5.952 ctr=0.112 sz=0.689 or=0.477 cf=0.107 | Val: tot=5.934 ctr=0.092 sz=0.657 or=0.511 cf=0.024
Epoch  52 | LR: 0.003266 | Tr: tot=5.974 ctr=0.116 sz=0.689 or=0.482 cf=0.061 | Val: tot=5.820 ctr=0.093 sz=0.629 or=0.516 cf=0.015
Epoch  53 | LR: 0.003346 | Tr: tot=5.743 ctr=0.098 sz=0.651 or=0.477 cf=0.068 | Val: tot=5.939 ctr=0.111 sz=0.652 or=0.514 cf=0.009
Epoch  54 | LR: 0.003426 | Tr: tot=5.676 ctr=0.103 sz=0.636 or=0.477 cf=0.065 | Val: tot=5.739 ctr=0.095 sz=0.611 or=0.517 cf=0.024
Epoch  55 | LR: 0.003504 | Tr: tot=5.673 ctr=0.097 sz=0.635 or=0.480 cf=0.026 | Val: tot=5.753 ctr=0.089 sz=0.613 or=0.519 cf=0.019
Epoch  56 | LR: 0.003581 | Tr: tot=5.786 ctr=0.098 sz=0.666 or=0.471 cf=0.029 | Val: tot=6.023 ctr=0.102 sz=0.675 or=0.509 cf=0.021
Epoch  57 | LR: 0.003657 | Tr: tot=5.664 ctr=0.101 sz=0.639 or=0.471 cf=0.128 | Val: tot=5.730 ctr=0.088 sz=0.611 or=0.517 cf=0.019
Epoch  58 | LR: 0.003732 | Tr: tot=5.564 ctr=0.096 sz=0.628 or=0.465 cf=0.022 | Val: tot=5.751 ctr=0.092 sz=0.614 or=0.518 cf=0.016
Epoch  59 | LR: 0.003805 | Tr: tot=5.573 ctr=0.099 sz=0.626 or=0.468 cf=0.019 | Val: tot=5.767 ctr=0.087 sz=0.621 or=0.514 cf=0.014
Epoch  60 | LR: 0.003877 | Tr: tot=5.533 ctr=0.093 sz=0.619 or=0.469 cf=0.015 | Val: tot=5.708 ctr=0.090 sz=0.614 or=0.509 cf=0.011
Epoch  61 | LR: 0.003947 | Tr: tot=5.759 ctr=0.104 sz=0.654 or=0.474 cf=0.152 | Val: tot=5.772 ctr=0.087 sz=0.625 or=0.510 cf=0.066
Epoch  62 | LR: 0.004015 | Tr: tot=5.550 ctr=0.097 sz=0.621 or=0.468 cf=0.091 | Val: tot=5.699 ctr=0.090 sz=0.615 or=0.506 cf=0.026
Epoch  63 | LR: 0.004082 | Tr: tot=5.634 ctr=0.097 sz=0.634 or=0.473 cf=0.018 | Val: tot=5.812 ctr=0.094 sz=0.623 or=0.521 cf=0.007
Epoch  64 | LR: 0.004147 | Tr: tot=5.712 ctr=0.102 sz=0.654 or=0.467 cf=0.030 | Val: tot=5.823 ctr=0.090 sz=0.628 or=0.518 cf=0.033
Epoch  65 | LR: 0.004210 | Tr: tot=5.520 ctr=0.098 sz=0.620 or=0.462 cf=0.134 | Val: tot=5.732 ctr=0.089 sz=0.608 or=0.520 cf=0.031
Epoch  66 | LR: 0.004272 | Tr: tot=5.663 ctr=0.096 sz=0.635 or=0.477 cf=0.039 | Val: tot=5.876 ctr=0.092 sz=0.632 or=0.525 cf=0.016
Epoch  67 | LR: 0.004331 | Tr: tot=5.745 ctr=0.099 sz=0.648 or=0.478 cf=0.126 | Val: tot=5.757 ctr=0.089 sz=0.623 or=0.511 cf=0.018
Epoch  68 | LR: 0.004388 | Tr: tot=5.673 ctr=0.094 sz=0.643 or=0.469 cf=0.187 | Val: tot=5.764 ctr=0.090 sz=0.623 or=0.512 cf=0.010
Epoch  69 | LR: 0.004443 | Tr: tot=5.665 ctr=0.098 sz=0.645 or=0.467 cf=0.078 | Val: tot=5.822 ctr=0.090 sz=0.634 or=0.511 cf=0.023
Epoch  70 | LR: 0.004495 | Tr: tot=5.631 ctr=0.095 sz=0.632 or=0.473 cf=0.112 | Val: tot=5.766 ctr=0.089 sz=0.613 or=0.522 cf=0.010
Epoch  71 | LR: 0.004546 | Tr: tot=5.662 ctr=0.097 sz=0.639 or=0.471 cf=0.149 | Val: tot=5.839 ctr=0.092 sz=0.639 or=0.510 cf=0.013
Epoch  72 | LR: 0.004593 | Tr: tot=5.629 ctr=0.095 sz=0.630 or=0.476 cf=0.026 | Val: tot=5.865 ctr=0.087 sz=0.646 or=0.510 cf=0.012
Epoch  73 | LR: 0.004639 | Tr: tot=5.698 ctr=0.097 sz=0.640 or=0.479 cf=0.063 | Val: tot=5.782 ctr=0.088 sz=0.617 or=0.521 cf=0.013
Epoch  74 | LR: 0.004682 | Tr: tot=5.632 ctr=0.093 sz=0.635 or=0.472 cf=0.019 | Val: tot=5.744 ctr=0.087 sz=0.617 or=0.514 cf=0.019
Epoch  75 | LR: 0.004722 | Tr: tot=5.781 ctr=0.096 sz=0.655 or=0.480 cf=0.108 | Val: tot=5.809 ctr=0.096 sz=0.628 or=0.514 cf=0.014
Epoch  76 | LR: 0.004760 | Tr: tot=5.650 ctr=0.099 sz=0.640 or=0.468 cf=0.127 | Val: tot=5.728 ctr=0.091 sz=0.613 or=0.514 cf=0.005
Epoch  77 | LR: 0.004795 | Tr: tot=5.750 ctr=0.101 sz=0.656 or=0.474 cf=0.009 | Val: tot=5.787 ctr=0.097 sz=0.618 or=0.519 cf=0.010
Epoch  78 | LR: 0.004828 | Tr: tot=5.657 ctr=0.101 sz=0.643 or=0.467 cf=0.059 | Val: tot=5.889 ctr=0.091 sz=0.651 or=0.508 cf=0.008
Epoch  79 | LR: 0.004858 | Tr: tot=5.691 ctr=0.095 sz=0.643 or=0.475 cf=0.059 | Val: tot=5.756 ctr=0.090 sz=0.612 or=0.521 cf=0.006
Epoch  80 | LR: 0.004885 | Tr: tot=5.737 ctr=0.099 sz=0.654 or=0.473 cf=0.038 | Val: tot=5.878 ctr=0.090 sz=0.645 or=0.512 cf=0.005
Epoch  81 | LR: 0.004909 | Tr: tot=5.626 ctr=0.095 sz=0.634 or=0.472 cf=0.050 | Val: tot=5.815 ctr=0.091 sz=0.627 or=0.517 cf=0.010
Epoch  82 | LR: 0.004931 | Tr: tot=5.628 ctr=0.096 sz=0.639 or=0.467 cf=0.010 | Val: tot=5.751 ctr=0.094 sz=0.614 or=0.517 cf=0.005
Epoch  83 | LR: 0.004949 | Tr: tot=5.615 ctr=0.098 sz=0.637 or=0.465 cf=0.045 | Val: tot=5.718 ctr=0.091 sz=0.603 or=0.522 cf=0.003
Epoch  84 | LR: 0.004965 | Tr: tot=5.574 ctr=0.094 sz=0.625 or=0.470 cf=0.045 | Val: tot=5.857 ctr=0.091 sz=0.637 or=0.516 cf=0.005
Epoch  85 | LR: 0.004978 | Tr: tot=5.584 ctr=0.096 sz=0.639 or=0.459 cf=0.012 | Val: tot=5.818 ctr=0.088 sz=0.626 or=0.520 cf=0.006
Epoch  86 | LR: 0.004988 | Tr: tot=5.637 ctr=0.102 sz=0.639 or=0.468 cf=0.008 | Val: tot=5.771 ctr=0.093 sz=0.616 or=0.519 cf=0.005
Epoch  87 | LR: 0.004995 | Tr: tot=5.562 ctr=0.094 sz=0.623 or=0.471 cf=0.006 | Val: tot=5.698 ctr=0.086 sz=0.600 or=0.523 cf=0.004
Epoch  88 | LR: 0.004999 | Tr: tot=5.554 ctr=0.095 sz=0.629 or=0.463 cf=0.005 | Val: tot=5.698 ctr=0.088 sz=0.611 or=0.511 cf=0.004
Epoch  89 | LR: 0.005000 | Tr: tot=5.572 ctr=0.092 sz=0.624 or=0.471 cf=0.007 | Val: tot=5.793 ctr=0.089 sz=0.623 or=0.518 cf=0.005
Epoch  90 | LR: 0.005000 | Tr: tot=5.693 ctr=0.092 sz=0.643 or=0.477 cf=0.010 | Val: tot=5.724 ctr=0.088 sz=0.610 or=0.517 cf=0.007
Epoch  91 | LR: 0.004999 | Tr: tot=5.569 ctr=0.093 sz=0.628 or=0.466 cf=0.075 | Val: tot=5.858 ctr=0.095 sz=0.637 or=0.516 cf=0.005
Epoch  92 | LR: 0.004997 | Tr: tot=5.590 ctr=0.094 sz=0.626 or=0.471 cf=0.109 | Val: tot=5.754 ctr=0.084 sz=0.616 or=0.518 cf=0.004
Epoch  93 | LR: 0.004995 | Tr: tot=5.546 ctr=0.095 sz=0.623 or=0.467 cf=0.045 | Val: tot=5.672 ctr=0.089 sz=0.604 or=0.512 cf=0.005
Epoch  94 | LR: 0.004993 | Tr: tot=5.538 ctr=0.092 sz=0.620 or=0.469 cf=0.009 | Val: tot=5.778 ctr=0.086 sz=0.617 or=0.522 cf=0.006
Epoch  95 | LR: 0.004990 | Tr: tot=5.515 ctr=0.094 sz=0.619 or=0.464 cf=0.051 | Val: tot=5.740 ctr=0.086 sz=0.613 or=0.518 cf=0.006
Epoch  96 | LR: 0.004986 | Tr: tot=5.619 ctr=0.092 sz=0.640 or=0.464 cf=0.074 | Val: tot=5.727 ctr=0.089 sz=0.620 or=0.508 cf=0.004
Epoch  97 | LR: 0.004982 | Tr: tot=5.664 ctr=0.096 sz=0.639 or=0.473 cf=0.054 | Val: tot=5.715 ctr=0.086 sz=0.611 or=0.514 cf=0.005
Epoch  98 | LR: 0.004977 | Tr: tot=5.536 ctr=0.092 sz=0.620 or=0.468 cf=0.054 | Val: tot=6.001 ctr=0.094 sz=0.663 or=0.518 cf=0.004
Epoch  99 | LR: 0.004972 | Tr: tot=5.613 ctr=0.097 sz=0.638 or=0.465 cf=0.009 | Val: tot=5.827 ctr=0.096 sz=0.635 or=0.511 cf=0.008
Epoch 100 | LR: 0.004966 | Tr: tot=5.629 ctr=0.094 sz=0.637 or=0.470 cf=0.017 | Val: tot=5.745 ctr=0.086 sz=0.621 or=0.511 cf=0.012
Epoch 101 | LR: 0.004959 | Tr: tot=5.595 ctr=0.092 sz=0.629 or=0.471 cf=0.057 | Val: tot=5.729 ctr=0.089 sz=0.616 or=0.512 cf=0.011
Epoch 102 | LR: 0.004952 | Tr: tot=5.583 ctr=0.091 sz=0.625 or=0.473 cf=0.017 | Val: tot=5.767 ctr=0.087 sz=0.619 or=0.517 cf=0.007
Epoch 103 | LR: 0.004945 | Tr: tot=5.556 ctr=0.094 sz=0.627 or=0.466 cf=0.008 | Val: tot=5.787 ctr=0.092 sz=0.623 or=0.516 cf=0.006
Epoch 104 | LR: 0.004936 | Tr: tot=5.562 ctr=0.093 sz=0.622 or=0.471 cf=0.053 | Val: tot=5.686 ctr=0.082 sz=0.609 or=0.511 cf=0.005
Epoch 105 | LR: 0.004928 | Tr: tot=5.573 ctr=0.088 sz=0.628 or=0.469 cf=0.006 | Val: tot=5.729 ctr=0.091 sz=0.600 or=0.527 cf=0.004
Epoch 106 | LR: 0.004919 | Tr: tot=5.631 ctr=0.091 sz=0.638 or=0.470 cf=0.046 | Val: tot=5.662 ctr=0.091 sz=0.595 or=0.520 cf=0.003
Epoch 107 | LR: 0.004909 | Tr: tot=5.585 ctr=0.092 sz=0.624 or=0.474 cf=0.046 | Val: tot=5.709 ctr=0.091 sz=0.597 or=0.527 cf=0.003
Epoch 108 | LR: 0.004899 | Tr: tot=5.591 ctr=0.091 sz=0.625 or=0.475 cf=0.004 | Val: tot=5.878 ctr=0.089 sz=0.641 or=0.516 cf=0.004
Epoch 109 | LR: 0.004888 | Tr: tot=5.539 ctr=0.091 sz=0.626 or=0.464 cf=0.007 | Val: tot=5.776 ctr=0.087 sz=0.620 or=0.517 cf=0.005
Epoch 110 | LR: 0.004876 | Tr: tot=5.549 ctr=0.089 sz=0.616 or=0.475 cf=0.048 | Val: tot=5.758 ctr=0.081 sz=0.613 or=0.522 cf=0.009
Epoch 111 | LR: 0.004865 | Tr: tot=5.515 ctr=0.093 sz=0.622 or=0.463 cf=0.011 | Val: tot=5.668 ctr=0.087 sz=0.595 or=0.521 cf=0.005
Epoch 112 | LR: 0.004852 | Tr: tot=5.565 ctr=0.095 sz=0.617 or=0.477 cf=0.004 | Val: tot=5.663 ctr=0.092 sz=0.585 or=0.529 cf=0.002
Epoch 113 | LR: 0.004839 | Tr: tot=5.575 ctr=0.095 sz=0.621 or=0.474 cf=0.046 | Val: tot=5.807 ctr=0.092 sz=0.610 or=0.533 cf=0.003
Epoch 114 | LR: 0.004826 | Tr: tot=5.598 ctr=0.092 sz=0.622 or=0.479 cf=0.002 | Val: tot=5.750 ctr=0.089 sz=0.614 or=0.518 cf=0.001
Epoch 115 | LR: 0.004812 | Tr: tot=5.575 ctr=0.092 sz=0.615 or=0.481 cf=0.043 | Val: tot=5.684 ctr=0.084 sz=0.589 or=0.531 cf=0.002
Epoch 116 | LR: 0.004797 | Tr: tot=5.539 ctr=0.092 sz=0.618 or=0.471 cf=0.047 | Val: tot=5.869 ctr=0.087 sz=0.633 or=0.523 cf=0.004
Epoch 117 | LR: 0.004782 | Tr: tot=5.496 ctr=0.088 sz=0.611 or=0.470 cf=0.005 | Val: tot=5.666 ctr=0.081 sz=0.592 or=0.524 cf=0.007
Epoch 118 | LR: 0.004767 | Tr: tot=5.530 ctr=0.089 sz=0.623 or=0.465 cf=0.049 | Val: tot=5.655 ctr=0.078 sz=0.590 or=0.525 cf=0.008
Epoch 119 | LR: 0.004751 | Tr: tot=5.484 ctr=0.090 sz=0.617 or=0.462 cf=0.005 | Val: tot=5.806 ctr=0.092 sz=0.631 or=0.512 cf=0.003
Epoch 120 | LR: 0.004734 | Tr: tot=5.454 ctr=0.089 sz=0.611 or=0.462 cf=0.004 | Val: tot=5.753 ctr=0.083 sz=0.594 or=0.540 cf=0.004
Epoch 121 | LR: 0.004717 | Tr: tot=5.515 ctr=0.090 sz=0.615 or=0.470 cf=0.002 | Val: tot=5.860 ctr=0.092 sz=0.642 or=0.512 cf=0.001
Epoch 122 | LR: 0.004700 | Tr: tot=5.522 ctr=0.090 sz=0.607 or=0.479 cf=0.037 | Val: tot=5.836 ctr=0.088 sz=0.612 or=0.537 cf=0.001
Epoch 123 | LR: 0.004682 | Tr: tot=5.580 ctr=0.091 sz=0.628 or=0.469 cf=0.039 | Val: tot=5.887 ctr=0.092 sz=0.622 or=0.537 cf=0.004
Epoch 124 | LR: 0.004663 | Tr: tot=5.584 ctr=0.094 sz=0.628 or=0.468 cf=0.115 | Val: tot=5.664 ctr=0.086 sz=0.599 or=0.516 cf=0.003
Epoch 125 | LR: 0.004644 | Tr: tot=5.525 ctr=0.088 sz=0.618 or=0.468 cf=0.051 | Val: tot=5.760 ctr=0.085 sz=0.610 or=0.525 cf=0.003
Epoch 126 | LR: 0.004625 | Tr: tot=5.465 ctr=0.089 sz=0.607 or=0.468 cf=0.004 | Val: tot=5.722 ctr=0.084 sz=0.600 or=0.527 cf=0.003
Epoch 127 | LR: 0.004605 | Tr: tot=5.542 ctr=0.089 sz=0.615 or=0.475 cf=0.007 | Val: tot=5.740 ctr=0.089 sz=0.607 or=0.523 cf=0.003
Epoch 128 | LR: 0.004584 | Tr: tot=5.494 ctr=0.096 sz=0.607 or=0.472 cf=0.051 | Val: tot=5.763 ctr=0.094 sz=0.593 or=0.541 cf=0.003
Epoch 129 | LR: 0.004564 | Tr: tot=5.561 ctr=0.093 sz=0.624 or=0.470 cf=0.002 | Val: tot=5.586 ctr=0.089 sz=0.578 or=0.521 cf=0.001
Epoch 130 | LR: 0.004542 | Tr: tot=5.460 ctr=0.090 sz=0.609 or=0.465 cf=0.001 | Val: tot=5.782 ctr=0.089 sz=0.622 or=0.516 cf=0.002
Epoch 131 | LR: 0.004520 | Tr: tot=5.523 ctr=0.092 sz=0.612 or=0.474 cf=0.002 | Val: tot=5.703 ctr=0.086 sz=0.596 or=0.527 cf=0.001
Epoch 132 | LR: 0.004498 | Tr: tot=5.459 ctr=0.094 sz=0.603 or=0.470 cf=0.001 | Val: tot=5.769 ctr=0.103 sz=0.604 or=0.529 cf=0.004
Epoch 133 | LR: 0.004475 | Tr: tot=5.549 ctr=0.094 sz=0.612 or=0.478 cf=0.059 | Val: tot=5.830 ctr=0.086 sz=0.617 or=0.531 cf=0.014
Epoch 134 | LR: 0.004452 | Tr: tot=5.510 ctr=0.092 sz=0.619 or=0.464 cf=0.006 | Val: tot=5.728 ctr=0.100 sz=0.611 or=0.515 cf=0.001
Epoch 135 | LR: 0.004429 | Tr: tot=5.557 ctr=0.097 sz=0.622 or=0.469 cf=0.045 | Val: tot=5.723 ctr=0.088 sz=0.609 or=0.518 cf=0.001
Epoch 136 | LR: 0.004405 | Tr: tot=5.509 ctr=0.093 sz=0.616 or=0.465 cf=0.119 | Val: tot=5.753 ctr=0.088 sz=0.613 or=0.520 cf=0.001
Epoch 137 | LR: 0.004380 | Tr: tot=5.513 ctr=0.096 sz=0.610 or=0.473 cf=0.043 | Val: tot=5.614 ctr=0.092 sz=0.586 or=0.519 cf=0.002
Epoch 138 | LR: 0.004355 | Tr: tot=5.473 ctr=0.091 sz=0.604 or=0.471 cf=0.040 | Val: tot=5.693 ctr=0.088 sz=0.606 or=0.515 cf=0.002
Epoch 139 | LR: 0.004330 | Tr: tot=5.546 ctr=0.091 sz=0.615 or=0.475 cf=0.044 | Val: tot=5.692 ctr=0.085 sz=0.601 or=0.520 cf=0.002
Epoch 140 | LR: 0.004304 | Tr: tot=5.450 ctr=0.090 sz=0.606 or=0.466 cf=0.005 | Val: tot=5.656 ctr=0.089 sz=0.582 or=0.531 cf=0.003
Epoch 141 | LR: 0.004278 | Tr: tot=5.530 ctr=0.091 sz=0.611 or=0.475 cf=0.042 | Val: tot=5.682 ctr=0.086 sz=0.596 or=0.523 cf=0.001
Epoch 142 | LR: 0.004252 | Tr: tot=5.567 ctr=0.092 sz=0.623 or=0.470 cf=0.084 | Val: tot=5.675 ctr=0.089 sz=0.607 or=0.510 cf=0.003
Epoch 143 | LR: 0.004225 | Tr: tot=5.486 ctr=0.089 sz=0.606 or=0.473 cf=0.004 | Val: tot=5.696 ctr=0.089 sz=0.604 or=0.518 cf=0.004
Epoch 144 | LR: 0.004198 | Tr: tot=5.568 ctr=0.092 sz=0.622 or=0.470 cf=0.151 | Val: tot=5.606 ctr=0.083 sz=0.588 or=0.517 cf=0.001
Epoch 145 | LR: 0.004170 | Tr: tot=5.493 ctr=0.089 sz=0.606 or=0.474 cf=0.002 | Val: tot=5.671 ctr=0.089 sz=0.599 or=0.518 cf=0.001
Epoch 146 | LR: 0.004142 | Tr: tot=5.529 ctr=0.091 sz=0.616 or=0.470 cf=0.078 | Val: tot=5.571 ctr=0.084 sz=0.577 or=0.520 cf=0.001
Epoch 147 | LR: 0.004114 | Tr: tot=5.470 ctr=0.090 sz=0.608 or=0.468 cf=0.001 | Val: tot=5.680 ctr=0.089 sz=0.597 or=0.521 cf=0.001
Epoch 148 | LR: 0.004085 | Tr: tot=5.528 ctr=0.092 sz=0.619 or=0.468 cf=0.040 | Val: tot=5.700 ctr=0.085 sz=0.602 or=0.521 cf=0.001
Epoch 149 | LR: 0.004056 | Tr: tot=5.506 ctr=0.092 sz=0.614 or=0.468 cf=0.039 | Val: tot=5.624 ctr=0.085 sz=0.591 or=0.517 cf=0.000
Epoch 150 | LR: 0.004026 | Tr: tot=5.453 ctr=0.089 sz=0.612 or=0.461 cf=0.000 | Val: tot=5.786 ctr=0.087 sz=0.616 or=0.524 cf=0.000
Epoch 151 | LR: 0.003997 | Tr: tot=5.495 ctr=0.094 sz=0.607 or=0.474 cf=0.000 | Val: tot=5.604 ctr=0.092 sz=0.583 or=0.519 cf=0.000
Epoch 152 | LR: 0.003966 | Tr: tot=5.544 ctr=0.094 sz=0.618 or=0.468 cf=0.232 | Val: tot=5.634 ctr=0.087 sz=0.591 or=0.518 cf=0.001
Epoch 153 | LR: 0.003936 | Tr: tot=5.439 ctr=0.092 sz=0.604 or=0.463 cf=0.123 | Val: tot=5.675 ctr=0.086 sz=0.582 or=0.535 cf=0.003
Epoch 154 | LR: 0.003905 | Tr: tot=5.540 ctr=0.087 sz=0.618 or=0.472 cf=0.004 | Val: tot=5.727 ctr=0.084 sz=0.608 or=0.521 cf=0.001
Epoch 155 | LR: 0.003874 | Tr: tot=5.504 ctr=0.093 sz=0.610 or=0.470 cf=0.072 | Val: tot=5.737 ctr=0.085 sz=0.604 or=0.527 cf=0.001
Epoch 156 | LR: 0.003843 | Tr: tot=5.399 ctr=0.091 sz=0.601 or=0.461 cf=0.001 | Val: tot=5.667 ctr=0.091 sz=0.595 or=0.520 cf=0.001
Epoch 157 | LR: 0.003811 | Tr: tot=5.356 ctr=0.094 sz=0.587 or=0.465 cf=0.001 | Val: tot=5.681 ctr=0.091 sz=0.593 or=0.525 cf=0.001
Epoch 158 | LR: 0.003779 | Tr: tot=5.456 ctr=0.091 sz=0.600 or=0.472 cf=0.073 | Val: tot=5.607 ctr=0.083 sz=0.582 or=0.523 cf=0.001
Epoch 159 | LR: 0.003747 | Tr: tot=5.425 ctr=0.088 sz=0.602 or=0.464 cf=0.043 | Val: tot=5.680 ctr=0.083 sz=0.590 or=0.530 cf=0.002
Epoch 160 | LR: 0.003714 | Tr: tot=5.462 ctr=0.091 sz=0.602 or=0.470 cf=0.121 | Val: tot=5.712 ctr=0.087 sz=0.604 or=0.521 cf=0.001
Epoch 161 | LR: 0.003681 | Tr: tot=5.498 ctr=0.093 sz=0.614 or=0.466 cf=0.040 | Val: tot=5.592 ctr=0.088 sz=0.586 or=0.514 cf=0.000
Epoch 162 | LR: 0.003648 | Tr: tot=5.523 ctr=0.093 sz=0.618 or=0.466 cf=0.077 | Val: tot=5.519 ctr=0.087 sz=0.577 or=0.509 cf=0.000
Epoch 163 | LR: 0.003615 | Tr: tot=5.488 ctr=0.093 sz=0.605 or=0.472 cf=0.077 | Val: tot=5.667 ctr=0.086 sz=0.600 or=0.516 cf=0.001
Epoch 164 | LR: 0.003581 | Tr: tot=5.545 ctr=0.095 sz=0.612 or=0.476 cf=0.106 | Val: tot=5.587 ctr=0.089 sz=0.580 or=0.520 cf=0.001
Epoch 165 | LR: 0.003548 | Tr: tot=5.451 ctr=0.091 sz=0.602 or=0.470 cf=0.006 | Val: tot=5.603 ctr=0.089 sz=0.596 or=0.506 cf=0.001
Epoch 166 | LR: 0.003513 | Tr: tot=5.383 ctr=0.091 sz=0.596 or=0.463 cf=0.003 | Val: tot=5.607 ctr=0.089 sz=0.583 or=0.520 cf=0.002
Epoch 167 | LR: 0.003479 | Tr: tot=5.427 ctr=0.091 sz=0.599 or=0.467 cf=0.045 | Val: tot=5.651 ctr=0.088 sz=0.589 or=0.524 cf=0.001
Epoch 168 | LR: 0.003445 | Tr: tot=5.386 ctr=0.089 sz=0.595 or=0.464 cf=0.001 | Val: tot=5.770 ctr=0.088 sz=0.616 or=0.521 cf=0.001
Epoch 169 | LR: 0.003410 | Tr: tot=5.495 ctr=0.091 sz=0.603 or=0.476 cf=0.081 | Val: tot=5.610 ctr=0.088 sz=0.583 or=0.521 cf=0.000
Epoch 170 | LR: 0.003375 | Tr: tot=5.476 ctr=0.092 sz=0.601 or=0.473 cf=0.122 | Val: tot=5.671 ctr=0.091 sz=0.596 or=0.519 cf=0.001
Epoch 171 | LR: 0.003340 | Tr: tot=5.453 ctr=0.089 sz=0.601 or=0.471 cf=0.040 | Val: tot=5.596 ctr=0.092 sz=0.569 or=0.532 cf=0.001
Epoch 172 | LR: 0.003305 | Tr: tot=5.452 ctr=0.090 sz=0.598 or=0.475 cf=0.002 | Val: tot=5.631 ctr=0.084 sz=0.591 or=0.518 cf=0.001
Epoch 173 | LR: 0.003269 | Tr: tot=5.350 ctr=0.090 sz=0.590 or=0.462 cf=0.001 | Val: tot=5.710 ctr=0.086 sz=0.593 or=0.532 cf=0.000
Epoch 174 | LR: 0.003233 | Tr: tot=5.400 ctr=0.091 sz=0.592 or=0.469 cf=0.041 | Val: tot=5.619 ctr=0.084 sz=0.580 or=0.528 cf=0.000
Epoch 175 | LR: 0.003198 | Tr: tot=5.451 ctr=0.090 sz=0.609 or=0.460 cf=0.154 | Val: tot=5.709 ctr=0.083 sz=0.602 or=0.523 cf=0.000
Epoch 176 | LR: 0.003162 | Tr: tot=5.386 ctr=0.088 sz=0.597 or=0.463 cf=0.000 | Val: tot=5.613 ctr=0.090 sz=0.581 or=0.523 cf=0.001
Epoch 177 | LR: 0.003125 | Tr: tot=5.343 ctr=0.090 sz=0.586 or=0.464 cf=0.039 | Val: tot=5.566 ctr=0.087 sz=0.573 or=0.523 cf=0.000
Epoch 178 | LR: 0.003089 | Tr: tot=5.395 ctr=0.089 sz=0.594 or=0.467 cf=0.001 | Val: tot=5.516 ctr=0.087 sz=0.561 or=0.525 cf=0.000
Epoch 179 | LR: 0.003053 | Tr: tot=5.372 ctr=0.088 sz=0.592 or=0.464 cf=0.040 | Val: tot=5.633 ctr=0.086 sz=0.586 or=0.523 cf=0.000
Epoch 180 | LR: 0.003016 | Tr: tot=5.403 ctr=0.087 sz=0.601 or=0.461 cf=0.060 | Val: tot=5.658 ctr=0.084 sz=0.590 or=0.525 cf=0.000
Epoch 181 | LR: 0.002980 | Tr: tot=5.543 ctr=0.088 sz=0.614 or=0.475 cf=0.105 | Val: tot=5.653 ctr=0.085 sz=0.594 or=0.520 cf=0.000
Epoch 182 | LR: 0.002943 | Tr: tot=5.353 ctr=0.087 sz=0.590 or=0.463 cf=0.001 | Val: tot=5.584 ctr=0.078 sz=0.572 or=0.529 cf=0.002
Epoch 183 | LR: 0.002906 | Tr: tot=5.378 ctr=0.087 sz=0.590 or=0.467 cf=0.043 | Val: tot=5.725 ctr=0.089 sz=0.596 or=0.531 cf=0.002
Epoch 184 | LR: 0.002869 | Tr: tot=5.433 ctr=0.093 sz=0.597 or=0.470 cf=0.043 | Val: tot=5.769 ctr=0.084 sz=0.608 or=0.529 cf=0.001
Epoch 185 | LR: 0.002832 | Tr: tot=5.414 ctr=0.094 sz=0.595 or=0.467 cf=0.067 | Val: tot=5.588 ctr=0.091 sz=0.576 or=0.523 cf=0.000
Epoch 186 | LR: 0.002795 | Tr: tot=5.383 ctr=0.091 sz=0.595 or=0.461 cf=0.116 | Val: tot=5.511 ctr=0.084 sz=0.566 or=0.520 cf=0.000
Epoch 187 | LR: 0.002758 | Tr: tot=5.375 ctr=0.087 sz=0.590 or=0.467 cf=0.000 | Val: tot=5.714 ctr=0.083 sz=0.609 or=0.517 cf=0.000
Epoch 188 | LR: 0.002720 | Tr: tot=5.355 ctr=0.087 sz=0.587 or=0.467 cf=0.000 | Val: tot=5.631 ctr=0.083 sz=0.589 or=0.521 cf=0.001
Epoch 189 | LR: 0.002683 | Tr: tot=5.335 ctr=0.089 sz=0.582 or=0.466 cf=0.039 | Val: tot=5.592 ctr=0.084 sz=0.583 or=0.519 cf=0.000
Epoch 190 | LR: 0.002646 | Tr: tot=5.376 ctr=0.089 sz=0.591 or=0.465 cf=0.078 | Val: tot=5.654 ctr=0.090 sz=0.591 or=0.522 cf=0.000
Epoch 191 | LR: 0.002609 | Tr: tot=5.299 ctr=0.088 sz=0.582 or=0.460 cf=0.001 | Val: tot=5.555 ctr=0.081 sz=0.570 or=0.525 cf=0.000
Epoch 192 | LR: 0.002571 | Tr: tot=5.360 ctr=0.087 sz=0.588 or=0.467 cf=0.001 | Val: tot=5.658 ctr=0.083 sz=0.583 or=0.532 cf=0.000
Epoch 193 | LR: 0.002534 | Tr: tot=5.422 ctr=0.090 sz=0.594 or=0.471 cf=0.082 | Val: tot=5.670 ctr=0.083 sz=0.591 or=0.526 cf=0.000
Epoch 194 | LR: 0.002496 | Tr: tot=5.438 ctr=0.089 sz=0.603 or=0.464 cf=0.118 | Val: tot=5.537 ctr=0.082 sz=0.570 or=0.521 cf=0.000
Epoch 195 | LR: 0.002459 | Tr: tot=5.307 ctr=0.085 sz=0.584 or=0.460 cf=0.001 | Val: tot=5.684 ctr=0.083 sz=0.596 or=0.524 cf=0.001
Epoch 196 | LR: 0.002422 | Tr: tot=5.390 ctr=0.087 sz=0.594 or=0.464 cf=0.114 | Val: tot=5.590 ctr=0.083 sz=0.580 or=0.522 cf=0.001
Epoch 197 | LR: 0.002384 | Tr: tot=5.373 ctr=0.090 sz=0.592 or=0.462 cf=0.122 | Val: tot=5.551 ctr=0.085 sz=0.569 or=0.524 cf=0.001
Epoch 198 | LR: 0.002347 | Tr: tot=5.366 ctr=0.088 sz=0.591 or=0.462 cf=0.118 | Val: tot=5.563 ctr=0.083 sz=0.572 or=0.524 cf=0.000
Epoch 199 | LR: 0.002310 | Tr: tot=5.315 ctr=0.087 sz=0.580 or=0.465 cf=0.001 | Val: tot=5.491 ctr=0.085 sz=0.559 or=0.523 cf=0.001
Epoch 200 | LR: 0.002272 | Tr: tot=5.320 ctr=0.089 sz=0.583 or=0.463 cf=0.037 | Val: tot=5.564 ctr=0.086 sz=0.572 or=0.524 cf=0.001
Epoch 201 | LR: 0.002235 | Tr: tot=5.275 ctr=0.089 sz=0.578 or=0.459 cf=0.001 | Val: tot=5.519 ctr=0.082 sz=0.565 or=0.522 cf=0.001
Epoch 202 | LR: 0.002198 | Tr: tot=5.279 ctr=0.088 sz=0.575 or=0.463 cf=0.001 | Val: tot=5.544 ctr=0.080 sz=0.570 or=0.523 cf=0.001
Epoch 203 | LR: 0.002161 | Tr: tot=5.248 ctr=0.086 sz=0.575 or=0.457 cf=0.002 | Val: tot=5.548 ctr=0.079 sz=0.569 or=0.525 cf=0.003
Epoch 204 | LR: 0.002124 | Tr: tot=5.355 ctr=0.086 sz=0.585 or=0.468 cf=0.042 | Val: tot=5.652 ctr=0.081 sz=0.591 or=0.524 cf=0.002
Epoch 205 | LR: 0.002087 | Tr: tot=5.317 ctr=0.084 sz=0.583 or=0.463 cf=0.002 | Val: tot=5.646 ctr=0.082 sz=0.586 or=0.527 cf=0.001
Epoch 206 | LR: 0.002050 | Tr: tot=5.307 ctr=0.086 sz=0.587 or=0.456 cf=0.077 | Val: tot=5.701 ctr=0.079 sz=0.591 or=0.534 cf=0.001
Epoch 207 | LR: 0.002013 | Tr: tot=5.346 ctr=0.084 sz=0.583 or=0.469 cf=0.039 | Val: tot=5.683 ctr=0.081 sz=0.593 or=0.527 cf=0.001
Epoch 208 | LR: 0.001977 | Tr: tot=5.363 ctr=0.084 sz=0.587 or=0.469 cf=0.001 | Val: tot=5.599 ctr=0.083 sz=0.574 or=0.530 cf=0.001
Epoch 209 | LR: 0.001940 | Tr: tot=5.334 ctr=0.085 sz=0.588 or=0.462 cf=0.001 | Val: tot=5.646 ctr=0.084 sz=0.588 or=0.525 cf=0.000
Epoch 210 | LR: 0.001904 | Tr: tot=5.432 ctr=0.086 sz=0.589 or=0.477 cf=0.134 | Val: tot=5.681 ctr=0.083 sz=0.597 or=0.523 cf=0.000
Epoch 211 | LR: 0.001868 | Tr: tot=5.365 ctr=0.089 sz=0.593 or=0.461 cf=0.070 | Val: tot=5.557 ctr=0.083 sz=0.571 or=0.523 cf=0.000
Epoch 212 | LR: 0.001831 | Tr: tot=5.286 ctr=0.088 sz=0.583 or=0.457 cf=0.001 | Val: tot=5.519 ctr=0.085 sz=0.565 or=0.521 cf=0.000
Epoch 213 | LR: 0.001795 | Tr: tot=5.380 ctr=0.088 sz=0.591 or=0.465 cf=0.122 | Val: tot=5.608 ctr=0.080 sz=0.583 or=0.522 cf=0.000
Epoch 214 | LR: 0.001760 | Tr: tot=5.326 ctr=0.087 sz=0.581 or=0.465 cf=0.077 | Val: tot=5.658 ctr=0.083 sz=0.588 or=0.526 cf=0.000
Epoch 215 | LR: 0.001724 | Tr: tot=5.330 ctr=0.087 sz=0.583 or=0.464 cf=0.075 | Val: tot=5.566 ctr=0.084 sz=0.572 or=0.525 cf=0.000
Epoch 216 | LR: 0.001689 | Tr: tot=5.343 ctr=0.087 sz=0.581 or=0.470 cf=0.041 | Val: tot=5.586 ctr=0.081 sz=0.573 or=0.528 cf=0.000
Epoch 217 | LR: 0.001653 | Tr: tot=5.275 ctr=0.087 sz=0.573 or=0.463 cf=0.035 | Val: tot=5.600 ctr=0.083 sz=0.577 or=0.526 cf=0.000
Epoch 218 | LR: 0.001618 | Tr: tot=5.362 ctr=0.087 sz=0.591 or=0.462 cf=0.113 | Val: tot=5.663 ctr=0.082 sz=0.583 or=0.533 cf=0.000
Epoch 219 | LR: 0.001583 | Tr: tot=5.313 ctr=0.084 sz=0.577 or=0.469 cf=0.000 | Val: tot=5.584 ctr=0.081 sz=0.574 or=0.527 cf=0.000
Epoch 220 | LR: 0.001549 | Tr: tot=5.239 ctr=0.083 sz=0.571 or=0.460 cf=0.000 | Val: tot=5.501 ctr=0.080 sz=0.562 or=0.522 cf=0.000
Epoch 221 | LR: 0.001514 | Tr: tot=5.389 ctr=0.084 sz=0.584 or=0.476 cf=0.062 | Val: tot=5.533 ctr=0.080 sz=0.571 or=0.520 cf=0.000
Epoch 222 | LR: 0.001480 | Tr: tot=5.277 ctr=0.082 sz=0.582 or=0.457 cf=0.000 | Val: tot=5.508 ctr=0.079 sz=0.564 or=0.522 cf=0.000
Epoch 223 | LR: 0.001446 | Tr: tot=5.302 ctr=0.084 sz=0.577 or=0.466 cf=0.036 | Val: tot=5.514 ctr=0.078 sz=0.564 or=0.523 cf=0.000
Epoch 224 | LR: 0.001412 | Tr: tot=5.334 ctr=0.086 sz=0.580 or=0.468 cf=0.085 | Val: tot=5.475 ctr=0.080 sz=0.560 or=0.519 cf=0.000
Epoch 225 | LR: 0.001379 | Tr: tot=5.294 ctr=0.086 sz=0.574 or=0.467 cf=0.039 | Val: tot=5.457 ctr=0.080 sz=0.557 or=0.518 cf=0.000
Epoch 226 | LR: 0.001345 | Tr: tot=5.282 ctr=0.084 sz=0.581 or=0.459 cf=0.001 | Val: tot=5.547 ctr=0.078 sz=0.572 or=0.522 cf=0.000
Epoch 227 | LR: 0.001312 | Tr: tot=5.237 ctr=0.084 sz=0.571 or=0.459 cf=0.001 | Val: tot=5.630 ctr=0.080 sz=0.588 or=0.522 cf=0.000
Epoch 228 | LR: 0.001279 | Tr: tot=5.289 ctr=0.084 sz=0.577 or=0.464 cf=0.033 | Val: tot=5.486 ctr=0.080 sz=0.559 or=0.522 cf=0.000
Epoch 229 | LR: 0.001247 | Tr: tot=5.270 ctr=0.083 sz=0.575 or=0.462 cf=0.001 | Val: tot=5.407 ctr=0.081 sz=0.544 or=0.521 cf=0.000
Epoch 230 | LR: 0.001215 | Tr: tot=5.283 ctr=0.084 sz=0.578 or=0.461 cf=0.036 | Val: tot=5.450 ctr=0.080 sz=0.553 or=0.521 cf=0.000
Epoch 231 | LR: 0.001183 | Tr: tot=5.349 ctr=0.087 sz=0.581 or=0.468 cf=0.142 | Val: tot=5.458 ctr=0.079 sz=0.555 or=0.520 cf=0.000
Epoch 232 | LR: 0.001151 | Tr: tot=5.330 ctr=0.085 sz=0.579 or=0.468 cf=0.079 | Val: tot=5.482 ctr=0.081 sz=0.558 or=0.522 cf=0.000
Epoch 233 | LR: 0.001120 | Tr: tot=5.277 ctr=0.083 sz=0.575 or=0.463 cf=0.032 | Val: tot=5.555 ctr=0.080 sz=0.570 or=0.525 cf=0.000
Epoch 234 | LR: 0.001089 | Tr: tot=5.305 ctr=0.086 sz=0.582 or=0.459 cf=0.113 | Val: tot=5.537 ctr=0.079 sz=0.568 or=0.523 cf=0.000
Epoch 235 | LR: 0.001058 | Tr: tot=5.248 ctr=0.084 sz=0.578 or=0.454 cf=0.042 | Val: tot=5.525 ctr=0.080 sz=0.563 or=0.526 cf=0.000
Epoch 236 | LR: 0.001028 | Tr: tot=5.223 ctr=0.084 sz=0.570 or=0.458 cf=0.000 | Val: tot=5.547 ctr=0.079 sz=0.564 or=0.530 cf=0.000
Epoch 237 | LR: 0.000998 | Tr: tot=5.231 ctr=0.083 sz=0.570 or=0.460 cf=0.000 | Val: tot=5.574 ctr=0.080 sz=0.573 or=0.526 cf=0.000
Epoch 238 | LR: 0.000968 | Tr: tot=5.275 ctr=0.086 sz=0.580 or=0.457 cf=0.074 | Val: tot=5.475 ctr=0.080 sz=0.555 or=0.524 cf=0.000
Epoch 239 | LR: 0.000939 | Tr: tot=5.276 ctr=0.085 sz=0.578 or=0.459 cf=0.075 | Val: tot=5.499 ctr=0.080 sz=0.557 or=0.527 cf=0.000
Epoch 240 | LR: 0.000909 | Tr: tot=5.260 ctr=0.083 sz=0.574 or=0.460 cf=0.035 | Val: tot=5.526 ctr=0.079 sz=0.563 or=0.526 cf=0.000
Epoch 241 | LR: 0.000881 | Tr: tot=5.261 ctr=0.083 sz=0.575 or=0.460 cf=0.043 | Val: tot=5.523 ctr=0.079 sz=0.562 or=0.526 cf=0.000
Epoch 242 | LR: 0.000853 | Tr: tot=5.306 ctr=0.085 sz=0.578 or=0.464 cf=0.117 | Val: tot=5.482 ctr=0.078 sz=0.557 or=0.524 cf=0.000
Epoch 243 | LR: 0.000825 | Tr: tot=5.192 ctr=0.084 sz=0.566 or=0.456 cf=0.000 | Val: tot=5.502 ctr=0.078 sz=0.560 or=0.525 cf=0.000
Epoch 244 | LR: 0.000797 | Tr: tot=5.337 ctr=0.083 sz=0.582 or=0.468 cf=0.041 | Val: tot=5.536 ctr=0.078 sz=0.568 or=0.524 cf=0.000
Epoch 245 | LR: 0.000770 | Tr: tot=5.247 ctr=0.081 sz=0.573 or=0.459 cf=0.040 | Val: tot=5.568 ctr=0.077 sz=0.571 or=0.527 cf=0.000
Epoch 246 | LR: 0.000743 | Tr: tot=5.228 ctr=0.083 sz=0.571 or=0.458 cf=0.000 | Val: tot=5.585 ctr=0.078 sz=0.575 or=0.526 cf=0.000
Epoch 247 | LR: 0.000717 | Tr: tot=5.285 ctr=0.082 sz=0.578 or=0.462 cf=0.039 | Val: tot=5.558 ctr=0.078 sz=0.568 or=0.528 cf=0.000
Epoch 248 | LR: 0.000691 | Tr: tot=5.260 ctr=0.085 sz=0.573 or=0.461 cf=0.072 | Val: tot=5.533 ctr=0.080 sz=0.563 or=0.527 cf=0.000
Epoch 249 | LR: 0.000665 | Tr: tot=5.224 ctr=0.084 sz=0.571 or=0.457 cf=0.037 | Val: tot=5.533 ctr=0.079 sz=0.563 or=0.528 cf=0.000
Epoch 250 | LR: 0.000640 | Tr: tot=5.250 ctr=0.083 sz=0.571 or=0.461 cf=0.041 | Val: tot=5.533 ctr=0.077 sz=0.564 or=0.527 cf=0.000
Epoch 251 | LR: 0.000615 | Tr: tot=5.196 ctr=0.081 sz=0.564 or=0.459 cf=0.000 | Val: tot=5.532 ctr=0.078 sz=0.565 or=0.526 cf=0.000
Epoch 252 | LR: 0.000591 | Tr: tot=5.295 ctr=0.082 sz=0.579 or=0.462 cf=0.087 | Val: tot=5.539 ctr=0.078 sz=0.566 or=0.526 cf=0.000
Epoch 253 | LR: 0.000567 | Tr: tot=5.294 ctr=0.085 sz=0.583 or=0.457 cf=0.113 | Val: tot=5.451 ctr=0.079 sz=0.550 or=0.524 cf=0.000
Epoch 254 | LR: 0.000543 | Tr: tot=5.213 ctr=0.083 sz=0.566 or=0.459 cf=0.040 | Val: tot=5.422 ctr=0.078 sz=0.543 or=0.526 cf=0.000
Epoch 255 | LR: 0.000520 | Tr: tot=5.276 ctr=0.084 sz=0.579 or=0.457 cf=0.144 | Val: tot=5.460 ctr=0.077 sz=0.548 or=0.528 cf=0.000
Epoch 256 | LR: 0.000498 | Tr: tot=5.231 ctr=0.082 sz=0.572 or=0.458 cf=0.001 | Val: tot=5.426 ctr=0.078 sz=0.545 or=0.524 cf=0.000
Epoch 257 | LR: 0.000475 | Tr: tot=5.222 ctr=0.083 sz=0.566 or=0.461 cf=0.038 | Val: tot=5.433 ctr=0.078 sz=0.547 or=0.524 cf=0.000
Epoch 258 | LR: 0.000454 | Tr: tot=5.259 ctr=0.082 sz=0.579 or=0.456 cf=0.037 | Val: tot=5.505 ctr=0.077 sz=0.558 or=0.528 cf=0.000
Epoch 259 | LR: 0.000432 | Tr: tot=5.293 ctr=0.085 sz=0.578 or=0.461 cf=0.101 | Val: tot=5.496 ctr=0.079 sz=0.557 or=0.526 cf=0.000
Epoch 260 | LR: 0.000412 | Tr: tot=5.268 ctr=0.084 sz=0.575 or=0.461 cf=0.082 | Val: tot=5.478 ctr=0.078 sz=0.557 or=0.523 cf=0.000
Epoch 261 | LR: 0.000391 | Tr: tot=5.174 ctr=0.082 sz=0.563 or=0.455 cf=0.001 | Val: tot=5.486 ctr=0.077 sz=0.557 or=0.525 cf=0.000
Epoch 262 | LR: 0.000372 | Tr: tot=5.281 ctr=0.083 sz=0.572 or=0.466 cf=0.070 | Val: tot=5.500 ctr=0.077 sz=0.559 or=0.526 cf=0.000
Epoch 263 | LR: 0.000352 | Tr: tot=5.240 ctr=0.082 sz=0.577 or=0.454 cf=0.038 | Val: tot=5.525 ctr=0.078 sz=0.563 or=0.527 cf=0.000
Epoch 264 | LR: 0.000333 | Tr: tot=5.256 ctr=0.082 sz=0.574 or=0.460 cf=0.035 | Val: tot=5.540 ctr=0.077 sz=0.567 or=0.525 cf=0.000
Epoch 265 | LR: 0.000315 | Tr: tot=5.237 ctr=0.082 sz=0.569 or=0.461 cf=0.040 | Val: tot=5.546 ctr=0.077 sz=0.570 or=0.524 cf=0.000
Epoch 266 | LR: 0.000297 | Tr: tot=5.257 ctr=0.081 sz=0.568 or=0.468 cf=0.000 | Val: tot=5.539 ctr=0.078 sz=0.569 or=0.524 cf=0.000
Epoch 267 | LR: 0.000280 | Tr: tot=5.243 ctr=0.081 sz=0.572 or=0.461 cf=0.001 | Val: tot=5.547 ctr=0.077 sz=0.570 or=0.525 cf=0.000
Epoch 268 | LR: 0.000263 | Tr: tot=5.209 ctr=0.084 sz=0.567 or=0.457 cf=0.076 | Val: tot=5.542 ctr=0.077 sz=0.569 or=0.524 cf=0.000
Epoch 269 | LR: 0.000246 | Tr: tot=5.237 ctr=0.081 sz=0.565 or=0.466 cf=0.000 | Val: tot=5.532 ctr=0.077 sz=0.565 or=0.526 cf=0.000
Early stopping at epoch 269.
Final Test Result -> Ctr: 0.0837 | Sz: 0.4950 | Or: 0.4703 | Cf: 0.0014
--------------------------------------------------------------------------------------------------------------
Training complete — 270 epochs in 00h 26m 27s
All results saved to results/run_20260411_121801
