Run: results/run_20260410_175156
Device: mps  |  Trainable params: 2,516,108
Config: LR=0.0003  WD=0  BS=4  AUGMENT=False  Epochs=300  Warmup=5
------------------------------------------------------------------------------------------
Epoch   0 [L1-only] | Train: tot=0.1495 ctr=0.0000 sz=0.0000 l1=0.1495 | Val: tot=0.3526 ctr=0.1861 sz=0.0622 l1=0.1974 | 8.9s
Epoch   1 [L1-only] | Train: tot=0.1180 ctr=0.0000 sz=0.0000 l1=0.1180 | Val: tot=0.2067 ctr=0.0809 sz=0.0710 l1=0.0952 | 5.5s
Epoch   2 [L1-only] | Train: tot=0.0990 ctr=0.0000 sz=0.0000 l1=0.0990 | Val: tot=0.1973 ctr=0.0714 sz=0.0748 l1=0.0868 | 5.0s
Epoch   3 [L1-only] | Train: tot=0.0857 ctr=0.0000 sz=0.0000 l1=0.0857 | Val: tot=0.1923 ctr=0.0641 sz=0.0787 l1=0.0816 | 5.0s
Epoch   4 [L1-only] | Train: tot=0.0772 ctr=0.0000 sz=0.0000 l1=0.0772 | Val: tot=0.2128 ctr=0.0721 sz=0.0852 l1=0.0916 | 5.3s
Epoch   5 [Hybrid ] | Train: tot=0.1796 ctr=0.0571 sz=0.0713 l1=0.0798 | Val: tot=0.1607 ctr=0.0489 sz=0.0609 l1=0.0753 | 5.3s
Epoch   6 [Hybrid ] | Train: tot=0.1535 ctr=0.0457 sz=0.0554 l1=0.0753 | Val: tot=0.1410 ctr=0.0354 sz=0.0544 l1=0.0689 | 5.4s
Epoch   7 [Hybrid ] | Train: tot=0.1573 ctr=0.0487 sz=0.0525 l1=0.0804 | Val: tot=0.1682 ctr=0.0562 sz=0.0532 l1=0.0869 | 5.4s
Epoch   8 [Hybrid ] | Train: tot=0.1476 ctr=0.0422 sz=0.0525 l1=0.0740 | Val: tot=0.1705 ctr=0.0592 sz=0.0523 l1=0.0886 | 5.4s
Epoch   9 [Hybrid ] | Train: tot=0.1594 ctr=0.0515 sz=0.0511 l1=0.0826 | Val: tot=0.1404 ctr=0.0356 sz=0.0523 l1=0.0704 | 5.4s
Epoch  10 [Hybrid ] | Train: tot=0.1358 ctr=0.0322 sz=0.0515 l1=0.0683 | Val: tot=0.1302 ctr=0.0256 sz=0.0518 l1=0.0656 | 5.3s
Epoch  11 [Hybrid ] | Train: tot=0.1288 ctr=0.0270 sz=0.0513 l1=0.0640 | Val: tot=0.1293 ctr=0.0259 sz=0.0518 l1=0.0645 | 5.7s
Epoch  12 [Hybrid ] | Train: tot=0.1280 ctr=0.0257 sz=0.0503 l1=0.0648 | Val: tot=0.1266 ctr=0.0227 sz=0.0517 l1=0.0636 | 6.8s
Epoch  13 [Hybrid ] | Train: tot=0.1270 ctr=0.0250 sz=0.0508 l1=0.0636 | Val: tot=0.1271 ctr=0.0247 sz=0.0512 l1=0.0635 | 5.5s
Epoch  14 [Hybrid ] | Train: tot=0.1275 ctr=0.0264 sz=0.0501 l1=0.0642 | Val: tot=0.1282 ctr=0.0269 sz=0.0508 l1=0.0639 | 5.2s
Epoch  15 [Hybrid ] | Train: tot=0.1251 ctr=0.0253 sz=0.0499 l1=0.0626 | Val: tot=0.1263 ctr=0.0243 sz=0.0507 l1=0.0634 | 5.2s
Epoch  16 [Hybrid ] | Train: tot=0.1201 ctr=0.0200 sz=0.0498 l1=0.0603 | Val: tot=0.1253 ctr=0.0244 sz=0.0500 l1=0.0631 | 5.3s
Epoch  17 [Hybrid ] | Train: tot=0.1229 ctr=0.0228 sz=0.0492 l1=0.0622 | Val: tot=0.1240 ctr=0.0215 sz=0.0504 l1=0.0629 | 5.5s
Epoch  18 [Hybrid ] | Train: tot=0.1235 ctr=0.0245 sz=0.0493 l1=0.0620 | Val: tot=0.1386 ctr=0.0349 sz=0.0518 l1=0.0694 | 6.7s
Epoch  19 [Hybrid ] | Train: tot=0.1231 ctr=0.0226 sz=0.0497 l1=0.0621 | Val: tot=0.1240 ctr=0.0213 sz=0.0495 l1=0.0639 | 6.8s
Epoch  20 [Hybrid ] | Train: tot=0.1224 ctr=0.0232 sz=0.0487 l1=0.0621 | Val: tot=0.1283 ctr=0.0261 sz=0.0503 l1=0.0650 | 6.0s
Epoch  21 [Hybrid ] | Train: tot=0.1188 ctr=0.0194 sz=0.0488 l1=0.0603 | Val: tot=0.1222 ctr=0.0196 sz=0.0507 l1=0.0617 | 5.9s
Epoch  22 [Hybrid ] | Train: tot=0.1212 ctr=0.0221 sz=0.0482 l1=0.0619 | Val: tot=0.1225 ctr=0.0208 sz=0.0508 l1=0.0614 | 6.5s
Epoch  23 [Hybrid ] | Train: tot=0.1173 ctr=0.0192 sz=0.0480 l1=0.0597 | Val: tot=0.1202 ctr=0.0189 sz=0.0516 l1=0.0592 | 5.7s
Epoch  24 [Hybrid ] | Train: tot=0.1163 ctr=0.0179 sz=0.0486 l1=0.0587 | Val: tot=0.1199 ctr=0.0183 sz=0.0493 l1=0.0614 | 7.2s
Epoch  25 [Hybrid ] | Train: tot=0.1171 ctr=0.0191 sz=0.0481 l1=0.0594 | Val: tot=0.1223 ctr=0.0214 sz=0.0504 l1=0.0612 | 5.8s
Epoch  26 [Hybrid ] | Train: tot=0.1183 ctr=0.0206 sz=0.0481 l1=0.0599 | Val: tot=0.1234 ctr=0.0223 sz=0.0499 l1=0.0623 | 5.5s
Epoch  27 [Hybrid ] | Train: tot=0.1176 ctr=0.0193 sz=0.0481 l1=0.0599 | Val: tot=0.1202 ctr=0.0183 sz=0.0504 l1=0.0607 | 5.3s
Epoch  28 [Hybrid ] | Train: tot=0.1161 ctr=0.0184 sz=0.0474 l1=0.0595 | Val: tot=0.1259 ctr=0.0253 sz=0.0500 l1=0.0633 | 5.6s
Epoch  29 [Hybrid ] | Train: tot=0.1160 ctr=0.0191 sz=0.0475 l1=0.0589 | Val: tot=0.1182 ctr=0.0168 sz=0.0486 l1=0.0613 | 6.3s
Epoch  30 [Hybrid ] | Train: tot=0.1162 ctr=0.0193 sz=0.0477 l1=0.0589 | Val: tot=0.1195 ctr=0.0186 sz=0.0498 l1=0.0604 | 5.4s
Epoch  31 [Hybrid ] | Train: tot=0.1147 ctr=0.0189 sz=0.0472 l1=0.0580 | Val: tot=0.1251 ctr=0.0236 sz=0.0495 l1=0.0638 | 5.2s
Epoch  32 [Hybrid ] | Train: tot=0.1120 ctr=0.0162 sz=0.0471 l1=0.0568 | Val: tot=0.1180 ctr=0.0168 sz=0.0493 l1=0.0603 | 5.4s
Epoch  33 [Hybrid ] | Train: tot=0.1110 ctr=0.0164 sz=0.0463 l1=0.0566 | Val: tot=0.1176 ctr=0.0164 sz=0.0491 l1=0.0604 | 5.5s
Epoch  34 [Hybrid ] | Train: tot=0.1119 ctr=0.0168 sz=0.0465 l1=0.0570 | Val: tot=0.1201 ctr=0.0185 sz=0.0498 l1=0.0610 | 5.5s
Epoch  35 [Hybrid ] | Train: tot=0.1125 ctr=0.0168 sz=0.0468 l1=0.0573 | Val: tot=0.1181 ctr=0.0169 sz=0.0484 l1=0.0612 | 5.7s
Epoch  36 [Hybrid ] | Train: tot=0.1125 ctr=0.0175 sz=0.0471 l1=0.0567 | Val: tot=0.1227 ctr=0.0221 sz=0.0477 l1=0.0640 | 5.3s
Epoch  37 [Hybrid ] | Train: tot=0.1100 ctr=0.0157 sz=0.0465 l1=0.0557 | Val: tot=0.1255 ctr=0.0249 sz=0.0488 l1=0.0642 | 5.3s
Epoch  38 [Hybrid ] | Train: tot=0.1108 ctr=0.0167 sz=0.0457 l1=0.0567 | Val: tot=0.1198 ctr=0.0189 sz=0.0484 l1=0.0619 | 5.9s
Epoch  39 [Hybrid ] | Train: tot=0.1116 ctr=0.0176 sz=0.0459 l1=0.0569 | Val: tot=0.1168 ctr=0.0157 sz=0.0507 l1=0.0583 | 6.3s
Epoch  40 [Hybrid ] | Train: tot=0.1215 ctr=0.0254 sz=0.0455 l1=0.0634 | Val: tot=0.1503 ctr=0.0448 sz=0.0491 l1=0.0788 | 5.4s
Epoch  41 [Hybrid ] | Train: tot=0.1220 ctr=0.0252 sz=0.0462 l1=0.0632 | Val: tot=0.1178 ctr=0.0164 sz=0.0481 l1=0.0616 | 5.3s
Epoch  42 [Hybrid ] | Train: tot=0.1097 ctr=0.0150 sz=0.0455 l1=0.0567 | Val: tot=0.1199 ctr=0.0194 sz=0.0473 l1=0.0629 | 5.4s
Epoch  43 [Hybrid ] | Train: tot=0.1080 ctr=0.0152 sz=0.0450 l1=0.0554 | Val: tot=0.1187 ctr=0.0174 sz=0.0490 l1=0.0611 | 6.6s
Epoch  44 [Hybrid ] | Train: tot=0.1092 ctr=0.0166 sz=0.0452 l1=0.0557 | Val: tot=0.1165 ctr=0.0166 sz=0.0490 l1=0.0592 | 6.8s
Epoch  45 [Hybrid ] | Train: tot=0.1073 ctr=0.0165 sz=0.0435 l1=0.0556 | Val: tot=0.1299 ctr=0.0296 sz=0.0469 l1=0.0682 | 5.8s
Epoch  46 [Hybrid ] | Train: tot=0.1160 ctr=0.0243 sz=0.0440 l1=0.0599 | Val: tot=0.1176 ctr=0.0181 sz=0.0479 l1=0.0607 | 5.4s
Epoch  47 [Hybrid ] | Train: tot=0.1085 ctr=0.0171 sz=0.0436 l1=0.0563 | Val: tot=0.1182 ctr=0.0189 sz=0.0476 l1=0.0611 | 5.4s
Epoch  48 [Hybrid ] | Train: tot=0.1111 ctr=0.0165 sz=0.0445 l1=0.0583 | Val: tot=0.1152 ctr=0.0149 sz=0.0477 l1=0.0600 | 5.6s
Epoch  49 [Hybrid ] | Train: tot=0.1104 ctr=0.0181 sz=0.0443 l1=0.0571 | Val: tot=0.1308 ctr=0.0312 sz=0.0487 l1=0.0665 | 5.4s
Epoch  50 [Hybrid ] | Train: tot=0.1088 ctr=0.0193 sz=0.0434 l1=0.0558 | Val: tot=0.1189 ctr=0.0202 sz=0.0484 l1=0.0604 | 5.4s
Epoch  51 [Hybrid ] | Train: tot=0.1052 ctr=0.0160 sz=0.0429 l1=0.0543 | Val: tot=0.1151 ctr=0.0167 sz=0.0480 l1=0.0587 | 5.4s
Epoch  52 [Hybrid ] | Train: tot=0.1044 ctr=0.0150 sz=0.0425 l1=0.0544 | Val: tot=0.1150 ctr=0.0154 sz=0.0472 l1=0.0601 | 5.6s
Epoch  53 [Hybrid ] | Train: tot=0.1035 ctr=0.0145 sz=0.0420 l1=0.0543 | Val: tot=0.1138 ctr=0.0143 sz=0.0480 l1=0.0586 | 5.4s
Epoch  54 [Hybrid ] | Train: tot=0.1068 ctr=0.0163 sz=0.0426 l1=0.0560 | Val: tot=0.1183 ctr=0.0169 sz=0.0477 l1=0.0622 | 5.4s
Epoch  55 [Hybrid ] | Train: tot=0.1084 ctr=0.0161 sz=0.0424 l1=0.0580 | Val: tot=0.1156 ctr=0.0152 sz=0.0478 l1=0.0603 | 5.4s
Epoch  56 [Hybrid ] | Train: tot=0.1050 ctr=0.0161 sz=0.0415 l1=0.0555 | Val: tot=0.1194 ctr=0.0206 sz=0.0484 l1=0.0606 | 5.6s
Epoch  57 [Hybrid ] | Train: tot=0.1064 ctr=0.0166 sz=0.0419 l1=0.0563 | Val: tot=0.1252 ctr=0.0258 sz=0.0470 l1=0.0653 | 6.2s
Epoch  58 [Hybrid ] | Train: tot=0.1079 ctr=0.0194 sz=0.0417 l1=0.0566 | Val: tot=0.1206 ctr=0.0210 sz=0.0466 l1=0.0634 | 6.7s
Epoch  59 [Hybrid ] | Train: tot=0.1045 ctr=0.0168 sz=0.0412 l1=0.0550 | Val: tot=0.1187 ctr=0.0189 sz=0.0476 l1=0.0617 | 7.1s
Epoch  60 [Hybrid ] | Train: tot=0.1031 ctr=0.0173 sz=0.0401 l1=0.0543 | Val: tot=0.1166 ctr=0.0163 sz=0.0465 l1=0.0620 | 6.3s
Epoch  61 [Hybrid ] | Train: tot=0.1029 ctr=0.0170 sz=0.0403 l1=0.0542 | Val: tot=0.1167 ctr=0.0184 sz=0.0472 l1=0.0603 | 606.5s
Epoch  62 [Hybrid ] | Train: tot=0.1012 ctr=0.0166 sz=0.0395 l1=0.0534 | Val: tot=0.1150 ctr=0.0177 sz=0.0467 l1=0.0595 | 7.6s
Epoch  63 [Hybrid ] | Train: tot=0.0993 ctr=0.0150 sz=0.0387 l1=0.0532 | Val: tot=0.1152 ctr=0.0157 sz=0.0462 l1=0.0612 | 6.0s
Epoch  64 [Hybrid ] | Train: tot=0.1017 ctr=0.0173 sz=0.0391 l1=0.0540 | Val: tot=0.1253 ctr=0.0268 sz=0.0465 l1=0.0654 | 6.8s
Epoch  65 [Hybrid ] | Train: tot=0.1021 ctr=0.0162 sz=0.0395 l1=0.0544 | Val: tot=0.1155 ctr=0.0161 sz=0.0471 l1=0.0604 | 5.8s
Epoch  66 [Hybrid ] | Train: tot=0.1052 ctr=0.0191 sz=0.0387 l1=0.0569 | Val: tot=0.1147 ctr=0.0170 sz=0.0464 l1=0.0599 | 5.4s
Epoch  67 [Hybrid ] | Train: tot=0.0985 ctr=0.0144 sz=0.0387 l1=0.0527 | Val: tot=0.1152 ctr=0.0153 sz=0.0456 l1=0.0619 | 5.2s
Epoch  68 [Hybrid ] | Train: tot=0.0977 ctr=0.0135 sz=0.0381 l1=0.0528 | Val: tot=0.1145 ctr=0.0155 sz=0.0459 l1=0.0609 | 5.2s
Epoch  69 [Hybrid ] | Train: tot=0.0973 ctr=0.0149 sz=0.0374 l1=0.0524 | Val: tot=0.1170 ctr=0.0181 sz=0.0456 l1=0.0624 | 5.3s
Epoch  70 [Hybrid ] | Train: tot=0.0985 ctr=0.0163 sz=0.0378 l1=0.0525 | Val: tot=0.1146 ctr=0.0166 sz=0.0474 l1=0.0589 | 5.2s
Epoch  71 [Hybrid ] | Train: tot=0.0964 ctr=0.0152 sz=0.0370 l1=0.0518 | Val: tot=0.1163 ctr=0.0184 sz=0.0462 l1=0.0609 | 5.2s
Epoch  72 [Hybrid ] | Train: tot=0.0955 ctr=0.0151 sz=0.0367 l1=0.0512 | Val: tot=0.1152 ctr=0.0166 sz=0.0467 l1=0.0603 | 5.3s
Epoch  73 [Hybrid ] | Train: tot=0.0940 ctr=0.0136 sz=0.0364 l1=0.0508 | Val: tot=0.1161 ctr=0.0170 sz=0.0462 l1=0.0614 | 5.2s
Epoch  74 [Hybrid ] | Train: tot=0.0956 ctr=0.0148 sz=0.0363 l1=0.0519 | Val: tot=0.1148 ctr=0.0150 sz=0.0466 l1=0.0608 | 5.2s
Epoch  75 [Hybrid ] | Train: tot=0.0908 ctr=0.0124 sz=0.0348 l1=0.0499 | Val: tot=0.1114 ctr=0.0137 sz=0.0455 l1=0.0591 | 5.2s
Epoch  76 [Hybrid ] | Train: tot=0.0899 ctr=0.0113 sz=0.0350 l1=0.0492 | Val: tot=0.1121 ctr=0.0148 sz=0.0452 l1=0.0595 | 5.3s
Epoch  77 [Hybrid ] | Train: tot=0.0886 ctr=0.0106 sz=0.0346 l1=0.0487 | Val: tot=0.1115 ctr=0.0141 sz=0.0455 l1=0.0590 | 5.3s
Epoch  78 [Hybrid ] | Train: tot=0.0888 ctr=0.0107 sz=0.0344 l1=0.0490 | Val: tot=0.1120 ctr=0.0142 sz=0.0454 l1=0.0595 | 5.3s
Epoch  79 [Hybrid ] | Train: tot=0.0891 ctr=0.0109 sz=0.0346 l1=0.0491 | Val: tot=0.1097 ctr=0.0128 sz=0.0461 l1=0.0573 | 5.2s
Epoch  80 [Hybrid ] | Train: tot=0.0871 ctr=0.0104 sz=0.0338 l1=0.0481 | Val: tot=0.1105 ctr=0.0135 sz=0.0454 l1=0.0583 | 5.3s
Epoch  81 [Hybrid ] | Train: tot=0.0876 ctr=0.0112 sz=0.0335 l1=0.0485 | Val: tot=0.1114 ctr=0.0144 sz=0.0445 l1=0.0597 | 5.2s
Epoch  82 [Hybrid ] | Train: tot=0.0871 ctr=0.0112 sz=0.0330 l1=0.0485 | Val: tot=0.1101 ctr=0.0126 sz=0.0451 l1=0.0587 | 5.2s
Epoch  83 [Hybrid ] | Train: tot=0.0870 ctr=0.0105 sz=0.0333 l1=0.0485 | Val: tot=0.1092 ctr=0.0120 sz=0.0456 l1=0.0576 | 5.2s
Epoch  84 [Hybrid ] | Train: tot=0.0860 ctr=0.0108 sz=0.0323 l1=0.0483 | Val: tot=0.1107 ctr=0.0138 sz=0.0442 l1=0.0596 | 5.4s
Epoch  85 [Hybrid ] | Train: tot=0.0875 ctr=0.0120 sz=0.0333 l1=0.0482 | Val: tot=0.1102 ctr=0.0135 sz=0.0442 l1=0.0593 | 5.2s
Epoch  86 [Hybrid ] | Train: tot=0.0871 ctr=0.0118 sz=0.0326 l1=0.0485 | Val: tot=0.1121 ctr=0.0146 sz=0.0445 l1=0.0603 | 5.3s
Epoch  87 [Hybrid ] | Train: tot=0.0858 ctr=0.0121 sz=0.0319 l1=0.0478 | Val: tot=0.1125 ctr=0.0158 sz=0.0442 l1=0.0605 | 5.3s
Epoch  88 [Hybrid ] | Train: tot=0.0861 ctr=0.0115 sz=0.0327 l1=0.0477 | Val: tot=0.1096 ctr=0.0129 sz=0.0443 l1=0.0589 | 5.3s
Epoch  89 [Hybrid ] | Train: tot=0.0848 ctr=0.0104 sz=0.0320 l1=0.0475 | Val: tot=0.1091 ctr=0.0120 sz=0.0444 l1=0.0587 | 5.2s
Epoch  90 [Hybrid ] | Train: tot=0.0853 ctr=0.0112 sz=0.0319 l1=0.0477 | Val: tot=0.1074 ctr=0.0123 sz=0.0442 l1=0.0570 | 5.2s
Epoch  91 [Hybrid ] | Train: tot=0.0845 ctr=0.0111 sz=0.0317 l1=0.0472 | Val: tot=0.1095 ctr=0.0130 sz=0.0449 l1=0.0580 | 5.2s
Epoch  92 [Hybrid ] | Train: tot=0.0846 ctr=0.0117 sz=0.0317 l1=0.0471 | Val: tot=0.1100 ctr=0.0139 sz=0.0444 l1=0.0586 | 5.3s
Epoch  93 [Hybrid ] | Train: tot=0.0831 ctr=0.0100 sz=0.0312 l1=0.0469 | Val: tot=0.1094 ctr=0.0126 sz=0.0445 l1=0.0585 | 5.2s
Epoch  94 [Hybrid ] | Train: tot=0.0834 ctr=0.0103 sz=0.0315 l1=0.0467 | Val: tot=0.1089 ctr=0.0142 sz=0.0434 l1=0.0583 | 5.3s
Epoch  95 [Hybrid ] | Train: tot=0.0825 ctr=0.0100 sz=0.0305 l1=0.0469 | Val: tot=0.1091 ctr=0.0129 sz=0.0436 l1=0.0590 | 5.3s
Epoch  96 [Hybrid ] | Train: tot=0.0827 ctr=0.0106 sz=0.0307 l1=0.0468 | Val: tot=0.1084 ctr=0.0118 sz=0.0439 l1=0.0585 | 5.2s
Epoch  97 [Hybrid ] | Train: tot=0.0820 ctr=0.0110 sz=0.0305 l1=0.0460 | Val: tot=0.1092 ctr=0.0126 sz=0.0438 l1=0.0591 | 5.2s
Epoch  98 [Hybrid ] | Train: tot=0.0819 ctr=0.0095 sz=0.0307 l1=0.0464 | Val: tot=0.1074 ctr=0.0114 sz=0.0436 l1=0.0581 | 5.2s
Epoch  99 [Hybrid ] | Train: tot=0.0825 ctr=0.0114 sz=0.0301 l1=0.0467 | Val: tot=0.1081 ctr=0.0127 sz=0.0435 l1=0.0583 | 5.2s
Epoch 100 [Hybrid ] | Train: tot=0.0823 ctr=0.0105 sz=0.0305 l1=0.0466 | Val: tot=0.1094 ctr=0.0124 sz=0.0430 l1=0.0602 | 5.2s
Epoch 101 [Hybrid ] | Train: tot=0.0823 ctr=0.0105 sz=0.0305 l1=0.0466 | Val: tot=0.1080 ctr=0.0129 sz=0.0434 l1=0.0582 | 5.2s
Epoch 102 [Hybrid ] | Train: tot=0.0825 ctr=0.0112 sz=0.0300 l1=0.0469 | Val: tot=0.1109 ctr=0.0139 sz=0.0424 l1=0.0615 | 5.2s
Epoch 103 [Hybrid ] | Train: tot=0.0850 ctr=0.0110 sz=0.0303 l1=0.0491 | Val: tot=0.1110 ctr=0.0148 sz=0.0440 l1=0.0596 | 5.2s
Epoch 104 [Hybrid ] | Train: tot=0.0822 ctr=0.0102 sz=0.0299 l1=0.0471 | Val: tot=0.1088 ctr=0.0125 sz=0.0430 l1=0.0595 | 5.3s
Epoch 105 [Hybrid ] | Train: tot=0.0816 ctr=0.0110 sz=0.0299 l1=0.0462 | Val: tot=0.1083 ctr=0.0125 sz=0.0435 l1=0.0585 | 5.2s
Epoch 106 [Hybrid ] | Train: tot=0.0801 ctr=0.0104 sz=0.0290 l1=0.0459 | Val: tot=0.1083 ctr=0.0124 sz=0.0432 l1=0.0589 | 5.3s
Epoch 107 [Hybrid ] | Train: tot=0.0803 ctr=0.0108 sz=0.0291 l1=0.0458 | Val: tot=0.1132 ctr=0.0167 sz=0.0434 l1=0.0614 | 5.2s
Epoch 108 [Hybrid ] | Train: tot=0.0818 ctr=0.0119 sz=0.0290 l1=0.0469 | Val: tot=0.1135 ctr=0.0160 sz=0.0436 l1=0.0619 | 5.2s
Epoch 109 [Hybrid ] | Train: tot=0.0826 ctr=0.0131 sz=0.0293 l1=0.0468 | Val: tot=0.1090 ctr=0.0127 sz=0.0418 l1=0.0608 | 5.2s
Epoch 110 [Hybrid ] | Train: tot=0.0810 ctr=0.0113 sz=0.0293 l1=0.0460 | Val: tot=0.1083 ctr=0.0125 sz=0.0427 l1=0.0593 | 5.2s
Epoch 111 [Hybrid ] | Train: tot=0.0806 ctr=0.0107 sz=0.0288 l1=0.0465 | Val: tot=0.1089 ctr=0.0134 sz=0.0439 l1=0.0583 | 5.2s
Epoch 112 [Hybrid ] | Train: tot=0.0775 ctr=0.0094 sz=0.0277 l1=0.0451 | Val: tot=0.1072 ctr=0.0115 sz=0.0430 l1=0.0585 | 5.2s
Epoch 113 [Hybrid ] | Train: tot=0.0775 ctr=0.0094 sz=0.0280 l1=0.0448 | Val: tot=0.1065 ctr=0.0122 sz=0.0427 l1=0.0577 | 5.4s
Epoch 114 [Hybrid ] | Train: tot=0.0772 ctr=0.0095 sz=0.0280 l1=0.0445 | Val: tot=0.1071 ctr=0.0128 sz=0.0422 l1=0.0586 | 5.2s
Epoch 115 [Hybrid ] | Train: tot=0.0758 ctr=0.0087 sz=0.0275 l1=0.0439 | Val: tot=0.1061 ctr=0.0115 sz=0.0422 l1=0.0581 | 5.2s
Epoch 116 [Hybrid ] | Train: tot=0.0753 ctr=0.0085 sz=0.0275 l1=0.0436 | Val: tot=0.1065 ctr=0.0125 sz=0.0427 l1=0.0576 | 5.4s
Epoch 117 [Hybrid ] | Train: tot=0.0759 ctr=0.0091 sz=0.0275 l1=0.0439 | Val: tot=0.1061 ctr=0.0115 sz=0.0423 l1=0.0581 | 5.3s
Epoch 118 [Hybrid ] | Train: tot=0.0751 ctr=0.0089 sz=0.0272 l1=0.0434 | Val: tot=0.1059 ctr=0.0120 sz=0.0421 l1=0.0579 | 5.2s
Epoch 119 [Hybrid ] | Train: tot=0.0766 ctr=0.0096 sz=0.0273 l1=0.0445 | Val: tot=0.1053 ctr=0.0123 sz=0.0417 l1=0.0574 | 5.2s
Epoch 120 [Hybrid ] | Train: tot=0.0750 ctr=0.0092 sz=0.0268 l1=0.0436 | Val: tot=0.1057 ctr=0.0120 sz=0.0418 l1=0.0579 | 5.3s
Epoch 121 [Hybrid ] | Train: tot=0.0748 ctr=0.0087 sz=0.0269 l1=0.0435 | Val: tot=0.1066 ctr=0.0134 sz=0.0418 l1=0.0582 | 5.4s
Epoch 122 [Hybrid ] | Train: tot=0.0741 ctr=0.0085 sz=0.0265 l1=0.0433 | Val: tot=0.1054 ctr=0.0113 sz=0.0418 l1=0.0580 | 5.2s
Epoch 123 [Hybrid ] | Train: tot=0.0740 ctr=0.0080 sz=0.0268 l1=0.0432 | Val: tot=0.1063 ctr=0.0120 sz=0.0417 l1=0.0586 | 5.2s
Epoch 124 [Hybrid ] | Train: tot=0.0734 ctr=0.0086 sz=0.0262 l1=0.0429 | Val: tot=0.1061 ctr=0.0122 sz=0.0424 l1=0.0576 | 5.4s
Epoch 125 [Hybrid ] | Train: tot=0.0732 ctr=0.0087 sz=0.0262 l1=0.0427 | Val: tot=0.1061 ctr=0.0120 sz=0.0418 l1=0.0583 | 5.5s
Epoch 126 [Hybrid ] | Train: tot=0.0738 ctr=0.0085 sz=0.0267 l1=0.0429 | Val: tot=0.1072 ctr=0.0136 sz=0.0417 l1=0.0586 | 5.6s
Epoch 127 [Hybrid ] | Train: tot=0.0736 ctr=0.0091 sz=0.0257 l1=0.0433 | Val: tot=0.1060 ctr=0.0120 sz=0.0414 l1=0.0586 | 5.5s
Epoch 128 [Hybrid ] | Train: tot=0.0742 ctr=0.0085 sz=0.0271 l1=0.0428 | Val: tot=0.1060 ctr=0.0122 sz=0.0415 l1=0.0583 | 5.3s
Epoch 129 [Hybrid ] | Train: tot=0.0733 ctr=0.0086 sz=0.0261 l1=0.0429 | Val: tot=0.1048 ctr=0.0115 sz=0.0411 l1=0.0580 | 5.2s
Epoch 130 [Hybrid ] | Train: tot=0.0730 ctr=0.0082 sz=0.0262 l1=0.0427 | Val: tot=0.1070 ctr=0.0135 sz=0.0418 l1=0.0584 | 5.2s
Epoch 131 [Hybrid ] | Train: tot=0.0736 ctr=0.0085 sz=0.0261 l1=0.0432 | Val: tot=0.1046 ctr=0.0110 sz=0.0413 l1=0.0578 | 5.2s
Epoch 132 [Hybrid ] | Train: tot=0.0731 ctr=0.0084 sz=0.0261 l1=0.0428 | Val: tot=0.1053 ctr=0.0114 sz=0.0420 l1=0.0576 | 5.3s
Epoch 133 [Hybrid ] | Train: tot=0.0725 ctr=0.0086 sz=0.0259 l1=0.0424 | Val: tot=0.1082 ctr=0.0142 sz=0.0422 l1=0.0590 | 5.2s
Epoch 134 [Hybrid ] | Train: tot=0.0751 ctr=0.0107 sz=0.0261 l1=0.0436 | Val: tot=0.1078 ctr=0.0145 sz=0.0412 l1=0.0594 | 5.3s
Epoch 135 [Hybrid ] | Train: tot=0.0721 ctr=0.0085 sz=0.0256 l1=0.0423 | Val: tot=0.1057 ctr=0.0122 sz=0.0417 l1=0.0579 | 5.2s
Epoch 136 [Hybrid ] | Train: tot=0.0718 ctr=0.0085 sz=0.0255 l1=0.0421 | Val: tot=0.1055 ctr=0.0118 sz=0.0413 l1=0.0582 | 5.2s
Epoch 137 [Hybrid ] | Train: tot=0.0711 ctr=0.0081 sz=0.0251 l1=0.0420 | Val: tot=0.1041 ctr=0.0111 sz=0.0415 l1=0.0570 | 5.4s
Epoch 138 [Hybrid ] | Train: tot=0.0715 ctr=0.0078 sz=0.0256 l1=0.0420 | Val: tot=0.1053 ctr=0.0123 sz=0.0409 l1=0.0583 | 5.4s
Epoch 139 [Hybrid ] | Train: tot=0.0710 ctr=0.0078 sz=0.0252 l1=0.0420 | Val: tot=0.1041 ctr=0.0114 sz=0.0412 l1=0.0573 | 5.2s
Epoch 140 [Hybrid ] | Train: tot=0.0713 ctr=0.0084 sz=0.0251 l1=0.0420 | Val: tot=0.1056 ctr=0.0119 sz=0.0411 l1=0.0586 | 5.2s
Epoch 141 [Hybrid ] | Train: tot=0.0717 ctr=0.0084 sz=0.0251 l1=0.0424 | Val: tot=0.1048 ctr=0.0126 sz=0.0407 l1=0.0579 | 5.3s
Epoch 142 [Hybrid ] | Train: tot=0.0716 ctr=0.0091 sz=0.0247 l1=0.0424 | Val: tot=0.1039 ctr=0.0111 sz=0.0406 l1=0.0577 | 5.2s
Epoch 143 [Hybrid ] | Train: tot=0.0723 ctr=0.0090 sz=0.0250 l1=0.0428 | Val: tot=0.1064 ctr=0.0129 sz=0.0417 l1=0.0583 | 5.3s
Epoch 144 [Hybrid ] | Train: tot=0.0728 ctr=0.0093 sz=0.0252 l1=0.0429 | Val: tot=0.1060 ctr=0.0124 sz=0.0414 l1=0.0584 | 5.2s
Epoch 145 [Hybrid ] | Train: tot=0.0713 ctr=0.0084 sz=0.0248 l1=0.0423 | Val: tot=0.1045 ctr=0.0110 sz=0.0404 l1=0.0586 | 5.4s
Epoch 146 [Hybrid ] | Train: tot=0.0706 ctr=0.0083 sz=0.0244 l1=0.0420 | Val: tot=0.1046 ctr=0.0112 sz=0.0408 l1=0.0582 | 5.2s
Epoch 147 [Hybrid ] | Train: tot=0.0719 ctr=0.0083 sz=0.0256 l1=0.0421 | Val: tot=0.1063 ctr=0.0113 sz=0.0420 l1=0.0586 | 5.2s
Epoch 148 [Hybrid ] | Train: tot=0.0712 ctr=0.0091 sz=0.0249 l1=0.0417 | Val: tot=0.1050 ctr=0.0123 sz=0.0406 l1=0.0582 | 5.2s
Epoch 149 [Hybrid ] | Train: tot=0.0702 ctr=0.0082 sz=0.0246 l1=0.0414 | Val: tot=0.1050 ctr=0.0118 sz=0.0404 l1=0.0586 | 5.3s
Epoch 150 [Hybrid ] | Train: tot=0.0714 ctr=0.0085 sz=0.0252 l1=0.0419 | Val: tot=0.1031 ctr=0.0112 sz=0.0402 l1=0.0572 | 5.2s
Epoch 151 [Hybrid ] | Train: tot=0.0708 ctr=0.0086 sz=0.0245 l1=0.0420 | Val: tot=0.1036 ctr=0.0116 sz=0.0400 l1=0.0578 | 5.2s
Epoch 152 [Hybrid ] | Train: tot=0.0711 ctr=0.0088 sz=0.0249 l1=0.0418 | Val: tot=0.1036 ctr=0.0108 sz=0.0403 l1=0.0579 | 5.2s
Epoch 153 [Hybrid ] | Train: tot=0.0706 ctr=0.0089 sz=0.0242 l1=0.0420 | Val: tot=0.1043 ctr=0.0127 sz=0.0403 l1=0.0576 | 5.2s
Epoch 154 [Hybrid ] | Train: tot=0.0691 ctr=0.0079 sz=0.0241 l1=0.0411 | Val: tot=0.1041 ctr=0.0123 sz=0.0399 l1=0.0580 | 5.2s
Epoch 155 [Hybrid ] | Train: tot=0.0698 ctr=0.0085 sz=0.0243 l1=0.0413 | Val: tot=0.1044 ctr=0.0116 sz=0.0404 l1=0.0582 | 5.2s
Epoch 156 [Hybrid ] | Train: tot=0.0695 ctr=0.0079 sz=0.0242 l1=0.0414 | Val: tot=0.1042 ctr=0.0120 sz=0.0403 l1=0.0578 | 5.2s
Epoch 157 [Hybrid ] | Train: tot=0.0685 ctr=0.0081 sz=0.0235 l1=0.0409 | Val: tot=0.1039 ctr=0.0121 sz=0.0402 l1=0.0576 | 5.2s
Epoch 158 [Hybrid ] | Train: tot=0.0680 ctr=0.0079 sz=0.0236 l1=0.0405 | Val: tot=0.1032 ctr=0.0110 sz=0.0397 l1=0.0579 | 5.2s
Epoch 159 [Hybrid ] | Train: tot=0.0678 ctr=0.0076 sz=0.0236 l1=0.0404 | Val: tot=0.1040 ctr=0.0122 sz=0.0403 l1=0.0576 | 5.2s
Epoch 160 [Hybrid ] | Train: tot=0.0683 ctr=0.0078 sz=0.0239 l1=0.0406 | Val: tot=0.1035 ctr=0.0111 sz=0.0401 l1=0.0578 | 5.2s
Epoch 161 [Hybrid ] | Train: tot=0.0679 ctr=0.0077 sz=0.0236 l1=0.0404 | Val: tot=0.1029 ctr=0.0115 sz=0.0402 l1=0.0569 | 5.2s
Epoch 162 [Hybrid ] | Train: tot=0.0685 ctr=0.0078 sz=0.0238 l1=0.0409 | Val: tot=0.1039 ctr=0.0117 sz=0.0403 l1=0.0578 | 5.4s
Epoch 163 [Hybrid ] | Train: tot=0.0692 ctr=0.0078 sz=0.0239 l1=0.0415 | Val: tot=0.1050 ctr=0.0122 sz=0.0400 l1=0.0589 | 5.2s
Epoch 164 [Hybrid ] | Train: tot=0.0697 ctr=0.0083 sz=0.0238 l1=0.0418 | Val: tot=0.1034 ctr=0.0114 sz=0.0392 l1=0.0585 | 5.2s
Epoch 165 [Hybrid ] | Train: tot=0.0679 ctr=0.0080 sz=0.0233 l1=0.0406 | Val: tot=0.1024 ctr=0.0109 sz=0.0398 l1=0.0572 | 5.2s
Epoch 166 [Hybrid ] | Train: tot=0.0679 ctr=0.0080 sz=0.0231 l1=0.0408 | Val: tot=0.1059 ctr=0.0120 sz=0.0413 l1=0.0586 | 5.3s
Epoch 167 [Hybrid ] | Train: tot=0.0686 ctr=0.0090 sz=0.0234 l1=0.0407 | Val: tot=0.1031 ctr=0.0110 sz=0.0403 l1=0.0573 | 5.2s
Epoch 168 [Hybrid ] | Train: tot=0.0676 ctr=0.0083 sz=0.0228 l1=0.0407 | Val: tot=0.1046 ctr=0.0111 sz=0.0398 l1=0.0592 | 5.2s
Epoch 169 [Hybrid ] | Train: tot=0.0681 ctr=0.0086 sz=0.0231 l1=0.0406 | Val: tot=0.1049 ctr=0.0120 sz=0.0404 l1=0.0585 | 5.2s
Epoch 170 [Hybrid ] | Train: tot=0.0669 ctr=0.0076 sz=0.0227 l1=0.0404 | Val: tot=0.1043 ctr=0.0116 sz=0.0403 l1=0.0582 | 5.4s
Epoch 171 [Hybrid ] | Train: tot=0.0729 ctr=0.0092 sz=0.0242 l1=0.0441 | Val: tot=0.1077 ctr=0.0127 sz=0.0416 l1=0.0598 | 6.0s
Epoch 172 [Hybrid ] | Train: tot=0.0735 ctr=0.0086 sz=0.0248 l1=0.0444 | Val: tot=0.1059 ctr=0.0130 sz=0.0409 l1=0.0585 | 5.4s
Epoch 173 [Hybrid ] | Train: tot=0.0698 ctr=0.0084 sz=0.0238 l1=0.0418 | Val: tot=0.1055 ctr=0.0123 sz=0.0407 l1=0.0586 | 5.3s
Epoch 174 [Hybrid ] | Train: tot=0.0685 ctr=0.0080 sz=0.0236 l1=0.0409 | Val: tot=0.1043 ctr=0.0119 sz=0.0398 l1=0.0585 | 5.2s
Epoch 175 [Hybrid ] | Train: tot=0.0674 ctr=0.0088 sz=0.0226 l1=0.0404 | Val: tot=0.1040 ctr=0.0120 sz=0.0395 l1=0.0585 | 5.2s
Epoch 176 [Hybrid ] | Train: tot=0.0681 ctr=0.0084 sz=0.0232 l1=0.0408 | Val: tot=0.1039 ctr=0.0127 sz=0.0401 l1=0.0574 | 5.2s
Epoch 177 [Hybrid ] | Train: tot=0.0668 ctr=0.0082 sz=0.0228 l1=0.0399 | Val: tot=0.1041 ctr=0.0115 sz=0.0402 l1=0.0581 | 5.2s
Epoch 178 [Hybrid ] | Train: tot=0.0664 ctr=0.0080 sz=0.0224 l1=0.0400 | Val: tot=0.1041 ctr=0.0118 sz=0.0399 l1=0.0583 | 5.2s
Epoch 179 [Hybrid ] | Train: tot=0.0671 ctr=0.0083 sz=0.0226 l1=0.0403 | Val: tot=0.1028 ctr=0.0111 sz=0.0401 l1=0.0572 | 5.2s
Epoch 180 [Hybrid ] | Train: tot=0.0670 ctr=0.0078 sz=0.0229 l1=0.0402 | Val: tot=0.1031 ctr=0.0110 sz=0.0395 l1=0.0580 | 5.2s
Epoch 181 [Hybrid ] | Train: tot=0.0663 ctr=0.0079 sz=0.0224 l1=0.0399 | Val: tot=0.1049 ctr=0.0140 sz=0.0394 l1=0.0585 | 5.9s
Epoch 182 [Hybrid ] | Train: tot=0.0674 ctr=0.0088 sz=0.0224 l1=0.0406 | Val: tot=0.1048 ctr=0.0128 sz=0.0399 l1=0.0586 | 961.4s
Epoch 183 [Hybrid ] | Train: tot=0.0667 ctr=0.0082 sz=0.0228 l1=0.0398 | Val: tot=0.1046 ctr=0.0116 sz=0.0408 l1=0.0580 | 417.4s
Epoch 184 [Hybrid ] | Train: tot=0.0659 ctr=0.0084 sz=0.0220 l1=0.0397 | Val: tot=0.1031 ctr=0.0116 sz=0.0397 l1=0.0577 | 5.2s
Epoch 185 [Hybrid ] | Train: tot=0.0655 ctr=0.0082 sz=0.0219 l1=0.0395 | Val: tot=0.1048 ctr=0.0136 sz=0.0394 l1=0.0586 | 5.1s
Epoch 186 [Hybrid ] | Train: tot=0.0665 ctr=0.0083 sz=0.0223 l1=0.0401 | Val: tot=0.1030 ctr=0.0114 sz=0.0392 l1=0.0581 | 5.3s
Epoch 187 [Hybrid ] | Train: tot=0.0650 ctr=0.0077 sz=0.0219 l1=0.0393 | Val: tot=0.1032 ctr=0.0118 sz=0.0397 l1=0.0576 | 5.3s
Epoch 188 [Hybrid ] | Train: tot=0.0639 ctr=0.0075 sz=0.0213 l1=0.0389 | Val: tot=0.1039 ctr=0.0108 sz=0.0406 l1=0.0580 | 5.2s
Epoch 189 [Hybrid ] | Train: tot=0.0639 ctr=0.0068 sz=0.0220 l1=0.0385 | Val: tot=0.1023 ctr=0.0107 sz=0.0394 l1=0.0575 | 5.1s
Epoch 190 [Hybrid ] | Train: tot=0.0665 ctr=0.0073 sz=0.0219 l1=0.0410 | Val: tot=0.1036 ctr=0.0110 sz=0.0398 l1=0.0582 | 5.1s
Epoch 191 [Hybrid ] | Train: tot=0.0643 ctr=0.0074 sz=0.0213 l1=0.0394 | Val: tot=0.1026 ctr=0.0112 sz=0.0395 l1=0.0575 | 5.1s
Epoch 192 [Hybrid ] | Train: tot=0.0637 ctr=0.0071 sz=0.0216 l1=0.0385 | Val: tot=0.1025 ctr=0.0111 sz=0.0395 l1=0.0574 | 144.5s
Epoch 193 [Hybrid ] | Train: tot=0.0640 ctr=0.0073 sz=0.0218 l1=0.0386 | Val: tot=0.1026 ctr=0.0111 sz=0.0396 l1=0.0575 | 5.7s
Epoch 194 [Hybrid ] | Train: tot=0.0629 ctr=0.0070 sz=0.0214 l1=0.0380 | Val: tot=0.1021 ctr=0.0114 sz=0.0392 l1=0.0572 | 5.0s
Epoch 195 [Hybrid ] | Train: tot=0.0632 ctr=0.0069 sz=0.0213 l1=0.0384 | Val: tot=0.1022 ctr=0.0110 sz=0.0391 l1=0.0576 | 5.2s
Epoch 196 [Hybrid ] | Train: tot=0.0639 ctr=0.0074 sz=0.0214 l1=0.0388 | Val: tot=0.1020 ctr=0.0108 sz=0.0392 l1=0.0573 | 5.1s
Epoch 197 [Hybrid ] | Train: tot=0.0633 ctr=0.0072 sz=0.0211 l1=0.0386 | Val: tot=0.1024 ctr=0.0112 sz=0.0394 l1=0.0575 | 5.1s
Epoch 198 [Hybrid ] | Train: tot=0.0629 ctr=0.0074 sz=0.0208 l1=0.0384 | Val: tot=0.1025 ctr=0.0116 sz=0.0389 l1=0.0578 | 5.1s
Epoch 199 [Hybrid ] | Train: tot=0.0630 ctr=0.0069 sz=0.0213 l1=0.0382 | Val: tot=0.1020 ctr=0.0107 sz=0.0394 l1=0.0572 | 5.2s
Epoch 200 [Hybrid ] | Train: tot=0.0619 ctr=0.0065 sz=0.0211 l1=0.0376 | Val: tot=0.1017 ctr=0.0106 sz=0.0391 l1=0.0574 | 5.1s
Epoch 201 [Hybrid ] | Train: tot=0.0633 ctr=0.0069 sz=0.0215 l1=0.0384 | Val: tot=0.1014 ctr=0.0110 sz=0.0392 l1=0.0567 | 275.3s
Epoch 202 [Hybrid ] | Train: tot=0.0622 ctr=0.0070 sz=0.0212 l1=0.0376 | Val: tot=0.1019 ctr=0.0109 sz=0.0394 l1=0.0571 | 5.7s
Epoch 203 [Hybrid ] | Train: tot=0.0627 ctr=0.0068 sz=0.0211 l1=0.0382 | Val: tot=0.1025 ctr=0.0111 sz=0.0389 l1=0.0580 | 5.1s
Epoch 204 [Hybrid ] | Train: tot=0.0624 ctr=0.0073 sz=0.0209 l1=0.0379 | Val: tot=0.1016 ctr=0.0109 sz=0.0392 l1=0.0570 | 5.3s
Epoch 205 [Hybrid ] | Train: tot=0.0627 ctr=0.0069 sz=0.0212 l1=0.0381 | Val: tot=0.1014 ctr=0.0107 sz=0.0391 l1=0.0569 | 5.2s
Epoch 206 [Hybrid ] | Train: tot=0.0630 ctr=0.0068 sz=0.0214 l1=0.0383 | Val: tot=0.1026 ctr=0.0107 sz=0.0393 l1=0.0580 | 5.2s
Epoch 207 [Hybrid ] | Train: tot=0.0630 ctr=0.0068 sz=0.0217 l1=0.0379 | Val: tot=0.1020 ctr=0.0108 sz=0.0390 l1=0.0575 | 5.2s
Epoch 208 [Hybrid ] | Train: tot=0.0636 ctr=0.0072 sz=0.0210 l1=0.0390 | Val: tot=0.1029 ctr=0.0113 sz=0.0395 l1=0.0577 | 5.4s
Epoch 209 [Hybrid ] | Train: tot=0.0633 ctr=0.0070 sz=0.0210 l1=0.0389 | Val: tot=0.1014 ctr=0.0106 sz=0.0393 l1=0.0568 | 5.2s
Epoch 210 [Hybrid ] | Train: tot=0.0622 ctr=0.0069 sz=0.0210 l1=0.0378 | Val: tot=0.1020 ctr=0.0105 sz=0.0387 l1=0.0580 | 45.3s
Epoch 211 [Hybrid ] | Train: tot=0.0616 ctr=0.0069 sz=0.0205 l1=0.0377 | Val: tot=0.1036 ctr=0.0108 sz=0.0406 l1=0.0576 | 5.1s
Epoch 212 [Hybrid ] | Train: tot=0.0618 ctr=0.0069 sz=0.0208 l1=0.0375 | Val: tot=0.1034 ctr=0.0109 sz=0.0403 l1=0.0577 | 5.1s
Epoch 213 [Hybrid ] | Train: tot=0.0623 ctr=0.0070 sz=0.0212 l1=0.0377 | Val: tot=0.1008 ctr=0.0101 sz=0.0392 l1=0.0566 | 5.2s
Epoch 214 [Hybrid ] | Train: tot=0.0609 ctr=0.0068 sz=0.0202 l1=0.0373 | Val: tot=0.1016 ctr=0.0108 sz=0.0389 l1=0.0573 | 5.2s
Epoch 215 [Hybrid ] | Train: tot=0.0623 ctr=0.0069 sz=0.0210 l1=0.0379 | Val: tot=0.1013 ctr=0.0107 sz=0.0391 l1=0.0568 | 5.2s
Epoch 216 [Hybrid ] | Train: tot=0.0612 ctr=0.0068 sz=0.0202 l1=0.0376 | Val: tot=0.1014 ctr=0.0112 sz=0.0392 l1=0.0566 | 5.1s
Epoch 217 [Hybrid ] | Train: tot=0.0620 ctr=0.0069 sz=0.0208 l1=0.0377 | Val: tot=0.1033 ctr=0.0106 sz=0.0402 l1=0.0577 | 5.1s
Epoch 218 [Hybrid ] | Train: tot=0.0618 ctr=0.0070 sz=0.0208 l1=0.0375 | Val: tot=0.1007 ctr=0.0105 sz=0.0383 l1=0.0571 | 205.7s
Epoch 219 [Hybrid ] | Train: tot=0.0616 ctr=0.0069 sz=0.0203 l1=0.0378 | Val: tot=0.1002 ctr=0.0104 sz=0.0384 l1=0.0566 | 5.2s
Epoch 220 [Hybrid ] | Train: tot=0.0613 ctr=0.0068 sz=0.0203 l1=0.0376 | Val: tot=0.1009 ctr=0.0108 sz=0.0388 l1=0.0567 | 5.3s
Epoch 221 [Hybrid ] | Train: tot=0.0616 ctr=0.0074 sz=0.0206 l1=0.0373 | Val: tot=0.1014 ctr=0.0111 sz=0.0388 l1=0.0571 | 5.2s
Epoch 222 [Hybrid ] | Train: tot=0.0605 ctr=0.0067 sz=0.0202 l1=0.0370 | Val: tot=0.1009 ctr=0.0106 sz=0.0388 l1=0.0568 | 5.2s
Epoch 223 [Hybrid ] | Train: tot=0.0608 ctr=0.0065 sz=0.0204 l1=0.0372 | Val: tot=0.1016 ctr=0.0105 sz=0.0391 l1=0.0573 | 5.1s
Epoch 224 [Hybrid ] | Train: tot=0.0605 ctr=0.0065 sz=0.0201 l1=0.0371 | Val: tot=0.1012 ctr=0.0104 sz=0.0389 l1=0.0571 | 5.1s
Epoch 225 [Hybrid ] | Train: tot=0.0638 ctr=0.0070 sz=0.0210 l1=0.0393 | Val: tot=0.1029 ctr=0.0106 sz=0.0397 l1=0.0579 | 5.1s
Epoch 226 [Hybrid ] | Train: tot=0.0628 ctr=0.0070 sz=0.0207 l1=0.0387 | Val: tot=0.1014 ctr=0.0113 sz=0.0390 l1=0.0568 | 5.1s
Epoch 227 [Hybrid ] | Train: tot=0.0622 ctr=0.0067 sz=0.0204 l1=0.0385 | Val: tot=0.1016 ctr=0.0112 sz=0.0390 l1=0.0570 | 240.3s
Epoch 228 [Hybrid ] | Train: tot=0.0614 ctr=0.0070 sz=0.0205 l1=0.0374 | Val: tot=0.1010 ctr=0.0113 sz=0.0387 l1=0.0567 | 5.1s
Epoch 229 [Hybrid ] | Train: tot=0.0613 ctr=0.0067 sz=0.0207 l1=0.0373 | Val: tot=0.1009 ctr=0.0109 sz=0.0381 l1=0.0573 | 5.1s
Epoch 230 [Hybrid ] | Train: tot=0.0608 ctr=0.0068 sz=0.0200 l1=0.0373 | Val: tot=0.1009 ctr=0.0104 sz=0.0385 l1=0.0572 | 5.2s
Epoch 231 [Hybrid ] | Train: tot=0.0609 ctr=0.0072 sz=0.0202 l1=0.0371 | Val: tot=0.1019 ctr=0.0117 sz=0.0389 l1=0.0572 | 5.2s
Epoch 232 [Hybrid ] | Train: tot=0.0608 ctr=0.0074 sz=0.0202 l1=0.0369 | Val: tot=0.1006 ctr=0.0109 sz=0.0389 l1=0.0562 | 5.1s
Epoch 233 [Hybrid ] | Train: tot=0.0616 ctr=0.0070 sz=0.0206 l1=0.0375 | Val: tot=0.1009 ctr=0.0113 sz=0.0380 l1=0.0573 | 5.1s
Epoch 234 [Hybrid ] | Train: tot=0.0610 ctr=0.0069 sz=0.0203 l1=0.0373 | Val: tot=0.1000 ctr=0.0104 sz=0.0388 l1=0.0560 | 5.1s
Epoch 235 [Hybrid ] | Train: tot=0.0609 ctr=0.0065 sz=0.0203 l1=0.0373 | Val: tot=0.1001 ctr=0.0106 sz=0.0385 l1=0.0564 | 44.3s
Epoch 236 [Hybrid ] | Train: tot=0.0602 ctr=0.0075 sz=0.0196 l1=0.0369 | Val: tot=0.1005 ctr=0.0104 sz=0.0385 l1=0.0568 | 5.2s
Epoch 237 [Hybrid ] | Train: tot=0.0606 ctr=0.0065 sz=0.0205 l1=0.0369 | Val: tot=0.1006 ctr=0.0109 sz=0.0390 l1=0.0562 | 5.4s
Epoch 238 [Hybrid ] | Train: tot=0.0615 ctr=0.0067 sz=0.0207 l1=0.0375 | Val: tot=0.1003 ctr=0.0105 sz=0.0387 l1=0.0564 | 5.6s
Epoch 239 [Hybrid ] | Train: tot=0.0600 ctr=0.0070 sz=0.0200 l1=0.0364 | Val: tot=0.1025 ctr=0.0113 sz=0.0399 l1=0.0569 | 5.3s
Epoch 240 [Hybrid ] | Train: tot=0.0607 ctr=0.0074 sz=0.0200 l1=0.0370 | Val: tot=0.1013 ctr=0.0113 sz=0.0384 l1=0.0572 | 5.2s
Epoch 241 [Hybrid ] | Train: tot=0.0605 ctr=0.0070 sz=0.0201 l1=0.0369 | Val: tot=0.1008 ctr=0.0114 sz=0.0382 l1=0.0569 | 5.1s
Epoch 242 [Hybrid ] | Train: tot=0.0598 ctr=0.0069 sz=0.0200 l1=0.0363 | Val: tot=0.1006 ctr=0.0115 sz=0.0381 l1=0.0567 | 5.1s
Epoch 243 [Hybrid ] | Train: tot=0.0610 ctr=0.0068 sz=0.0204 l1=0.0373 | Val: tot=0.1002 ctr=0.0108 sz=0.0386 l1=0.0562 | 5.1s
Epoch 244 [Hybrid ] | Train: tot=0.0600 ctr=0.0067 sz=0.0201 l1=0.0366 | Val: tot=0.1003 ctr=0.0102 sz=0.0388 l1=0.0564 | 437.8s
Epoch 245 [Hybrid ] | Train: tot=0.0604 ctr=0.0071 sz=0.0202 l1=0.0367 | Val: tot=0.0997 ctr=0.0106 sz=0.0384 l1=0.0560 | 6.0s
Epoch 246 [Hybrid ] | Train: tot=0.0591 ctr=0.0070 sz=0.0194 l1=0.0362 | Val: tot=0.1001 ctr=0.0107 sz=0.0386 l1=0.0561 | 5.3s
Epoch 247 [Hybrid ] | Train: tot=0.0607 ctr=0.0072 sz=0.0202 l1=0.0370 | Val: tot=0.0990 ctr=0.0104 sz=0.0380 l1=0.0558 | 5.1s
Epoch 248 [Hybrid ] | Train: tot=0.0600 ctr=0.0066 sz=0.0199 l1=0.0368 | Val: tot=0.1009 ctr=0.0106 sz=0.0386 l1=0.0570 | 5.2s
Epoch 249 [Hybrid ] | Train: tot=0.0597 ctr=0.0067 sz=0.0199 l1=0.0364 | Val: tot=0.1001 ctr=0.0106 sz=0.0386 l1=0.0562 | 5.1s
Epoch 250 [Hybrid ] | Train: tot=0.0587 ctr=0.0064 sz=0.0190 l1=0.0365 | Val: tot=0.1000 ctr=0.0105 sz=0.0385 l1=0.0562 | 5.2s
Epoch 251 [Hybrid ] | Train: tot=0.0592 ctr=0.0067 sz=0.0196 l1=0.0363 | Val: tot=0.1000 ctr=0.0105 sz=0.0384 l1=0.0564 | 5.1s
Epoch 252 [Hybrid ] | Train: tot=0.0596 ctr=0.0066 sz=0.0200 l1=0.0363 | Val: tot=0.1001 ctr=0.0105 sz=0.0388 l1=0.0561 | 5.1s
Epoch 253 [Hybrid ] | Train: tot=0.0615 ctr=0.0068 sz=0.0203 l1=0.0377 | Val: tot=0.0997 ctr=0.0106 sz=0.0384 l1=0.0560 | 148.6s
Epoch 254 [Hybrid ] | Train: tot=0.0587 ctr=0.0064 sz=0.0195 l1=0.0361 | Val: tot=0.1003 ctr=0.0114 sz=0.0381 l1=0.0565 | 5.1s
Epoch 255 [Hybrid ] | Train: tot=0.0597 ctr=0.0069 sz=0.0197 l1=0.0366 | Val: tot=0.1006 ctr=0.0112 sz=0.0383 l1=0.0566 | 5.2s
Epoch 256 [Hybrid ] | Train: tot=0.0595 ctr=0.0068 sz=0.0197 l1=0.0364 | Val: tot=0.0995 ctr=0.0107 sz=0.0383 l1=0.0558 | 5.9s
Epoch 257 [Hybrid ] | Train: tot=0.0593 ctr=0.0064 sz=0.0196 l1=0.0364 | Val: tot=0.1004 ctr=0.0105 sz=0.0382 l1=0.0570 | 5.1s
Epoch 258 [Hybrid ] | Train: tot=0.0592 ctr=0.0066 sz=0.0193 l1=0.0366 | Val: tot=0.1004 ctr=0.0115 sz=0.0385 l1=0.0562 | 5.1s
Epoch 259 [Hybrid ] | Train: tot=0.0606 ctr=0.0068 sz=0.0204 l1=0.0368 | Val: tot=0.1017 ctr=0.0102 sz=0.0398 l1=0.0568 | 5.1s
Epoch 260 [Hybrid ] | Train: tot=0.0598 ctr=0.0067 sz=0.0199 l1=0.0364 | Val: tot=0.1001 ctr=0.0106 sz=0.0384 l1=0.0564 | 5.2s
Epoch 261 [Hybrid ] | Train: tot=0.0597 ctr=0.0068 sz=0.0198 l1=0.0364 | Val: tot=0.1006 ctr=0.0108 sz=0.0382 l1=0.0570 | 5.1s
Epoch 262 [Hybrid ] | Train: tot=0.0589 ctr=0.0068 sz=0.0192 l1=0.0363 | Val: tot=0.1005 ctr=0.0109 sz=0.0381 l1=0.0570 | 234.8s
Epoch 263 [Hybrid ] | Train: tot=0.0602 ctr=0.0068 sz=0.0198 l1=0.0370 | Val: tot=0.0994 ctr=0.0105 sz=0.0378 l1=0.0563 | 5.8s
Epoch 264 [Hybrid ] | Train: tot=0.0587 ctr=0.0063 sz=0.0194 l1=0.0362 | Val: tot=0.0993 ctr=0.0108 sz=0.0377 l1=0.0562 | 5.1s
Epoch 265 [Hybrid ] | Train: tot=0.0586 ctr=0.0068 sz=0.0193 l1=0.0359 | Val: tot=0.0991 ctr=0.0109 sz=0.0378 l1=0.0558 | 5.3s
Epoch 266 [Hybrid ] | Train: tot=0.0596 ctr=0.0066 sz=0.0196 l1=0.0367 | Val: tot=0.0994 ctr=0.0109 sz=0.0376 l1=0.0563 | 5.1s
Epoch 267 [Hybrid ] | Train: tot=0.0592 ctr=0.0066 sz=0.0196 l1=0.0362 | Val: tot=0.0987 ctr=0.0100 sz=0.0382 l1=0.0555 | 5.1s
Epoch 268 [Hybrid ] | Train: tot=0.0586 ctr=0.0066 sz=0.0193 l1=0.0361 | Val: tot=0.0988 ctr=0.0106 sz=0.0382 l1=0.0554 | 5.1s
Epoch 269 [Hybrid ] | Train: tot=0.0589 ctr=0.0066 sz=0.0194 l1=0.0363 | Val: tot=0.0993 ctr=0.0102 sz=0.0386 l1=0.0557 | 5.1s
Epoch 270 [Hybrid ] | Train: tot=0.0591 ctr=0.0064 sz=0.0197 l1=0.0363 | Val: tot=0.0990 ctr=0.0104 sz=0.0389 l1=0.0549 | 625.7s
Epoch 271 [Hybrid ] | Train: tot=0.0588 ctr=0.0066 sz=0.0194 l1=0.0361 | Val: tot=0.0992 ctr=0.0101 sz=0.0382 l1=0.0560 | 6.6s
Epoch 272 [Hybrid ] | Train: tot=0.0588 ctr=0.0069 sz=0.0195 l1=0.0359 | Val: tot=0.1005 ctr=0.0110 sz=0.0386 l1=0.0565 | 5.6s
Epoch 273 [Hybrid ] | Train: tot=0.0595 ctr=0.0068 sz=0.0195 l1=0.0366 | Val: tot=0.1006 ctr=0.0118 sz=0.0386 l1=0.0561 | 5.3s
Epoch 274 [Hybrid ] | Train: tot=0.0583 ctr=0.0066 sz=0.0192 l1=0.0358 | Val: tot=0.0994 ctr=0.0109 sz=0.0381 l1=0.0558 | 5.1s
Epoch 275 [Hybrid ] | Train: tot=0.0582 ctr=0.0064 sz=0.0191 l1=0.0359 | Val: tot=0.0982 ctr=0.0104 sz=0.0377 l1=0.0553 | 5.1s
Epoch 276 [Hybrid ] | Train: tot=0.0590 ctr=0.0070 sz=0.0195 l1=0.0359 | Val: tot=0.0990 ctr=0.0105 sz=0.0377 l1=0.0561 | 5.2s
Epoch 277 [Hybrid ] | Train: tot=0.0592 ctr=0.0070 sz=0.0195 l1=0.0362 | Val: tot=0.0985 ctr=0.0104 sz=0.0385 l1=0.0549 | 5.1s
Epoch 278 [Hybrid ] | Train: tot=0.0579 ctr=0.0065 sz=0.0188 l1=0.0358 | Val: tot=0.0995 ctr=0.0105 sz=0.0383 l1=0.0560 | 5.1s
Epoch 279 [Hybrid ] | Train: tot=0.0579 ctr=0.0065 sz=0.0185 l1=0.0361 | Val: tot=0.0982 ctr=0.0101 sz=0.0376 l1=0.0555 | 202.1s
Epoch 280 [Hybrid ] | Train: tot=0.0586 ctr=0.0066 sz=0.0194 l1=0.0358 | Val: tot=0.0994 ctr=0.0101 sz=0.0385 l1=0.0559 | 5.4s
Epoch 281 [Hybrid ] | Train: tot=0.0585 ctr=0.0065 sz=0.0193 l1=0.0360 | Val: tot=0.0991 ctr=0.0107 sz=0.0383 l1=0.0554 | 5.1s
Epoch 282 [Hybrid ] | Train: tot=0.0580 ctr=0.0064 sz=0.0191 l1=0.0358 | Val: tot=0.0999 ctr=0.0111 sz=0.0386 l1=0.0558 | 5.2s
Epoch 283 [Hybrid ] | Train: tot=0.0582 ctr=0.0067 sz=0.0190 l1=0.0358 | Val: tot=0.0986 ctr=0.0114 sz=0.0378 l1=0.0550 | 6.2s
Epoch 284 [Hybrid ] | Train: tot=0.0583 ctr=0.0067 sz=0.0191 l1=0.0359 | Val: tot=0.0984 ctr=0.0100 sz=0.0378 l1=0.0555 | 5.2s
Epoch 285 [Hybrid ] | Train: tot=0.0580 ctr=0.0064 sz=0.0191 l1=0.0357 | Val: tot=0.0988 ctr=0.0106 sz=0.0379 l1=0.0556 | 5.1s
Epoch 286 [Hybrid ] | Train: tot=0.0576 ctr=0.0064 sz=0.0189 l1=0.0354 | Val: tot=0.0984 ctr=0.0101 sz=0.0381 l1=0.0553 | 5.1s
Epoch 287 [Hybrid ] | Train: tot=0.0584 ctr=0.0065 sz=0.0191 l1=0.0360 | Val: tot=0.0992 ctr=0.0110 sz=0.0379 l1=0.0557 | 5.1s
Epoch 288 [Hybrid ] | Train: tot=0.0578 ctr=0.0064 sz=0.0189 l1=0.0357 | Val: tot=0.0998 ctr=0.0107 sz=0.0386 l1=0.0559 | 119.4s
Epoch 289 [Hybrid ] | Train: tot=0.0581 ctr=0.0067 sz=0.0190 l1=0.0357 | Val: tot=0.0993 ctr=0.0105 sz=0.0383 l1=0.0558 | 5.8s
Epoch 290 [Hybrid ] | Train: tot=0.0577 ctr=0.0062 sz=0.0189 l1=0.0357 | Val: tot=0.0984 ctr=0.0103 sz=0.0381 l1=0.0552 | 5.2s
Epoch 291 [Hybrid ] | Train: tot=0.0578 ctr=0.0065 sz=0.0189 l1=0.0356 | Val: tot=0.0992 ctr=0.0109 sz=0.0383 l1=0.0554 | 5.2s
Epoch 292 [Hybrid ] | Train: tot=0.0570 ctr=0.0065 sz=0.0186 l1=0.0351 | Val: tot=0.0989 ctr=0.0102 sz=0.0381 l1=0.0557 | 5.4s
Epoch 293 [Hybrid ] | Train: tot=0.0572 ctr=0.0064 sz=0.0189 l1=0.0352 | Val: tot=0.0992 ctr=0.0107 sz=0.0382 l1=0.0556 | 5.1s
Epoch 294 [Hybrid ] | Train: tot=0.0578 ctr=0.0065 sz=0.0191 l1=0.0355 | Val: tot=0.0996 ctr=0.0105 sz=0.0382 l1=0.0562 | 5.2s
Epoch 295 [Hybrid ] | Train: tot=0.0577 ctr=0.0064 sz=0.0188 l1=0.0357 | Val: tot=0.0986 ctr=0.0107 sz=0.0380 l1=0.0552 | 5.2s
Epoch 296 [Hybrid ] | Train: tot=0.0571 ctr=0.0065 sz=0.0187 l1=0.0351 | Val: tot=0.0997 ctr=0.0114 sz=0.0383 l1=0.0557 | 5.1s
Epoch 297 [Hybrid ] | Train: tot=0.0583 ctr=0.0069 sz=0.0190 l1=0.0359 | Val: tot=0.1003 ctr=0.0105 sz=0.0383 l1=0.0568 | 203.7s
Epoch 298 [Hybrid ] | Train: tot=0.0605 ctr=0.0066 sz=0.0190 l1=0.0382 | Val: tot=0.1014 ctr=0.0111 sz=0.0382 l1=0.0577 | 5.0s
Epoch 299 [Hybrid ] | Train: tot=0.0594 ctr=0.0064 sz=0.0192 l1=0.0370 | Val: tot=0.1008 ctr=0.0108 sz=0.0382 l1=0.0572 | 5.0s
Final Test Result -> Ctr: 0.0129 | Sz: 0.0380 | L1: 0.0591
------------------------------------------------------------------------------------------
Training complete — 300 epochs in 06h 08m 10s  (mean 21.5s/epoch)
All results saved to results/run_20260410_175156
