Run: results/run_20260411_043917 | Device: mps | Params: 2,187,917
Config: PeakLR=0.005  WD=1e-05  BS=16  Epochs=300
--------------------------------------------------------------------------------------------------------------
Epoch   0 | LR: 0.000201 | Tr: tot=7.775 ctr=0.459 sz=2.393 or=0.487 cf=0.520 | Val: tot=8.089 ctr=0.427 sz=2.420 or=0.518 cf=0.618
Epoch   1 | LR: 0.000206 | Tr: tot=6.860 ctr=0.359 sz=1.752 or=0.471 cf=0.406 | Val: tot=7.194 ctr=0.339 sz=2.004 or=0.480 cf=0.505
Epoch   2 | LR: 0.000213 | Tr: tot=6.284 ctr=0.312 sz=1.224 or=0.471 cf=0.351 | Val: tot=6.499 ctr=0.260 sz=1.409 or=0.479 cf=0.430
Epoch   3 | LR: 0.000223 | Tr: tot=5.934 ctr=0.257 sz=0.988 or=0.466 cf=0.297 | Val: tot=6.499 ctr=0.261 sz=1.368 or=0.484 cf=0.344
Epoch   4 | LR: 0.000237 | Tr: tot=5.765 ctr=0.231 sz=0.874 or=0.463 cf=0.260 | Val: tot=5.831 ctr=0.139 sz=0.807 or=0.486 cf=0.230
Epoch   5 | LR: 0.000253 | Tr: tot=5.650 ctr=0.222 sz=0.716 or=0.469 cf=0.255 | Val: tot=5.758 ctr=0.161 sz=0.730 or=0.484 cf=0.223
Epoch   6 | LR: 0.000271 | Tr: tot=5.615 ctr=0.208 sz=0.721 or=0.466 cf=0.256 | Val: tot=5.645 ctr=0.113 sz=0.659 or=0.485 cf=0.220
Epoch   7 | LR: 0.000293 | Tr: tot=5.599 ctr=0.205 sz=0.687 or=0.468 cf=0.243 | Val: tot=5.667 ctr=0.121 sz=0.646 or=0.488 cf=0.217
Epoch   8 | LR: 0.000318 | Tr: tot=5.484 ctr=0.182 sz=0.667 or=0.461 cf=0.231 | Val: tot=5.709 ctr=0.109 sz=0.661 or=0.492 cf=0.205
Epoch   9 | LR: 0.000345 | Tr: tot=5.486 ctr=0.171 sz=0.678 or=0.462 cf=0.221 | Val: tot=5.579 ctr=0.093 sz=0.614 or=0.485 cf=0.191
Epoch  10 | LR: 0.000375 | Tr: tot=5.459 ctr=0.176 sz=0.665 or=0.460 cf=0.210 | Val: tot=5.625 ctr=0.112 sz=0.631 or=0.486 cf=0.181
Epoch  11 | LR: 0.000408 | Tr: tot=5.443 ctr=0.170 sz=0.645 or=0.461 cf=0.195 | Val: tot=5.584 ctr=0.116 sz=0.619 or=0.483 cf=0.166
Epoch  12 | LR: 0.000443 | Tr: tot=5.474 ctr=0.158 sz=0.647 or=0.465 cf=0.176 | Val: tot=5.738 ctr=0.114 sz=0.621 or=0.499 cf=0.148
Epoch  13 | LR: 0.000482 | Tr: tot=5.391 ctr=0.158 sz=0.639 or=0.458 cf=0.153 | Val: tot=5.625 ctr=0.100 sz=0.600 or=0.491 cf=0.122
Epoch  14 | LR: 0.000522 | Tr: tot=5.326 ctr=0.159 sz=0.648 or=0.451 cf=0.124 | Val: tot=5.544 ctr=0.108 sz=0.605 or=0.482 cf=0.093
Epoch  15 | LR: 0.000565 | Tr: tot=5.430 ctr=0.162 sz=0.643 or=0.462 cf=0.090 | Val: tot=5.758 ctr=0.089 sz=0.617 or=0.505 cf=0.064
Epoch  16 | LR: 0.000611 | Tr: tot=5.368 ctr=0.154 sz=0.636 or=0.457 cf=0.064 | Val: tot=5.377 ctr=0.103 sz=0.600 or=0.467 cf=0.039
Epoch  17 | LR: 0.000659 | Tr: tot=5.345 ctr=0.146 sz=0.641 or=0.455 cf=0.036 | Val: tot=5.492 ctr=0.088 sz=0.606 or=0.480 cf=0.022
Epoch  18 | LR: 0.000710 | Tr: tot=5.275 ctr=0.142 sz=0.636 or=0.449 cf=0.026 | Val: tot=5.412 ctr=0.112 sz=0.619 or=0.468 cf=0.017
Epoch  19 | LR: 0.000763 | Tr: tot=5.281 ctr=0.154 sz=0.635 or=0.449 cf=0.022 | Val: tot=5.544 ctr=0.121 sz=0.611 or=0.481 cf=0.014
Epoch  20 | LR: 0.000818 | Tr: tot=5.157 ctr=0.153 sz=0.649 or=0.435 cf=0.019 | Val: tot=5.522 ctr=0.095 sz=0.608 or=0.482 cf=0.008
Epoch  21 | LR: 0.000875 | Tr: tot=5.254 ctr=0.148 sz=0.651 or=0.445 cf=0.010 | Val: tot=5.595 ctr=0.111 sz=0.632 or=0.485 cf=0.007
Epoch  22 | LR: 0.000934 | Tr: tot=5.159 ctr=0.143 sz=0.649 or=0.437 cf=0.015 | Val: tot=5.374 ctr=0.096 sz=0.625 or=0.465 cf=0.006
Epoch  23 | LR: 0.000996 | Tr: tot=5.223 ctr=0.145 sz=0.653 or=0.442 cf=0.011 | Val: tot=5.643 ctr=0.095 sz=0.625 or=0.492 cf=0.009
Epoch  24 | LR: 0.001059 | Tr: tot=5.212 ctr=0.150 sz=0.662 or=0.440 cf=0.011 | Val: tot=5.304 ctr=0.108 sz=0.633 or=0.456 cf=0.007
Epoch  25 | LR: 0.001124 | Tr: tot=5.201 ctr=0.144 sz=0.634 or=0.442 cf=0.011 | Val: tot=5.214 ctr=0.100 sz=0.656 or=0.446 cf=0.005
Epoch  26 | LR: 0.001191 | Tr: tot=5.056 ctr=0.145 sz=0.660 or=0.425 cf=0.009 | Val: tot=5.517 ctr=0.112 sz=0.603 or=0.480 cf=0.006
Epoch  27 | LR: 0.001260 | Tr: tot=5.153 ctr=0.150 sz=0.663 or=0.434 cf=0.012 | Val: tot=5.440 ctr=0.122 sz=0.634 or=0.468 cf=0.005
Epoch  28 | LR: 0.001330 | Tr: tot=5.034 ctr=0.149 sz=0.646 or=0.424 cf=0.008 | Val: tot=5.395 ctr=0.091 sz=0.630 or=0.467 cf=0.008
Epoch  29 | LR: 0.001402 | Tr: tot=5.103 ctr=0.150 sz=0.668 or=0.428 cf=0.014 | Val: tot=5.229 ctr=0.108 sz=0.633 or=0.449 cf=0.012
Epoch  30 | LR: 0.001476 | Tr: tot=4.956 ctr=0.151 sz=0.666 or=0.414 cf=0.016 | Val: tot=5.379 ctr=0.105 sz=0.633 or=0.464 cf=0.011
Epoch  31 | LR: 0.001551 | Tr: tot=4.968 ctr=0.146 sz=0.662 or=0.416 cf=0.013 | Val: tot=5.553 ctr=0.128 sz=0.626 or=0.480 cf=0.008
Epoch  32 | LR: 0.001627 | Tr: tot=4.959 ctr=0.156 sz=0.660 or=0.414 cf=0.011 | Val: tot=5.444 ctr=0.119 sz=0.687 or=0.464 cf=0.008
Epoch  33 | LR: 0.001704 | Tr: tot=5.025 ctr=0.149 sz=0.691 or=0.418 cf=0.011 | Val: tot=5.331 ctr=0.119 sz=0.659 or=0.455 cf=0.008
Epoch  34 | LR: 0.001782 | Tr: tot=4.967 ctr=0.143 sz=0.659 or=0.416 cf=0.010 | Val: tot=5.480 ctr=0.111 sz=0.637 or=0.473 cf=0.007
Epoch  35 | LR: 0.001862 | Tr: tot=4.924 ctr=0.144 sz=0.674 or=0.410 cf=0.009 | Val: tot=5.258 ctr=0.095 sz=0.613 or=0.455 cf=0.007
Epoch  36 | LR: 0.001942 | Tr: tot=5.061 ctr=0.140 sz=0.668 or=0.425 cf=0.007 | Val: tot=5.228 ctr=0.123 sz=0.687 or=0.442 cf=0.007
Epoch  37 | LR: 0.002023 | Tr: tot=4.914 ctr=0.142 sz=0.665 or=0.411 cf=0.008 | Val: tot=5.412 ctr=0.086 sz=0.608 or=0.472 cf=0.005
Epoch  38 | LR: 0.002105 | Tr: tot=4.918 ctr=0.131 sz=0.657 or=0.413 cf=0.009 | Val: tot=5.393 ctr=0.133 sz=0.639 or=0.462 cf=0.004
Epoch  39 | LR: 0.002187 | Tr: tot=4.834 ctr=0.155 sz=0.656 or=0.402 cf=0.006 | Val: tot=5.490 ctr=0.105 sz=0.760 or=0.462 cf=0.005
Epoch  40 | LR: 0.002270 | Tr: tot=4.859 ctr=0.138 sz=0.661 or=0.406 cf=0.007 | Val: tot=5.608 ctr=0.098 sz=0.622 or=0.489 cf=0.007
Epoch  41 | LR: 0.002353 | Tr: tot=4.854 ctr=0.146 sz=0.665 or=0.404 cf=0.011 | Val: tot=5.377 ctr=0.088 sz=0.628 or=0.466 cf=0.007
Epoch  42 | LR: 0.002437 | Tr: tot=4.962 ctr=0.140 sz=0.672 or=0.415 cf=0.010 | Val: tot=5.390 ctr=0.098 sz=0.659 or=0.463 cf=0.006
Epoch  43 | LR: 0.002520 | Tr: tot=4.990 ctr=0.156 sz=0.693 or=0.414 cf=0.012 | Val: tot=5.913 ctr=0.102 sz=0.666 or=0.514 cf=0.010
Epoch  44 | LR: 0.002604 | Tr: tot=5.084 ctr=0.148 sz=0.713 or=0.422 cf=0.013 | Val: tot=5.683 ctr=0.141 sz=0.716 or=0.482 cf=0.010
Epoch  45 | LR: 0.002688 | Tr: tot=4.958 ctr=0.152 sz=0.677 or=0.413 cf=0.009 | Val: tot=5.499 ctr=0.107 sz=0.649 or=0.474 cf=0.007
Epoch  46 | LR: 0.002772 | Tr: tot=4.769 ctr=0.143 sz=0.639 or=0.399 cf=0.008 | Val: tot=5.261 ctr=0.107 sz=0.640 or=0.451 cf=0.008
Epoch  47 | LR: 0.002855 | Tr: tot=4.867 ctr=0.134 sz=0.659 or=0.407 cf=0.010 | Val: tot=5.366 ctr=0.116 sz=0.679 or=0.457 cf=0.007
Epoch  48 | LR: 0.002939 | Tr: tot=4.736 ctr=0.137 sz=0.657 or=0.394 cf=0.010 | Val: tot=5.550 ctr=0.089 sz=0.607 or=0.485 cf=0.009
Epoch  49 | LR: 0.003021 | Tr: tot=4.807 ctr=0.144 sz=0.688 or=0.397 cf=0.010 | Val: tot=5.131 ctr=0.097 sz=0.620 or=0.441 cf=0.006
Epoch  50 | LR: 0.003104 | Tr: tot=4.902 ctr=0.143 sz=0.704 or=0.405 cf=0.009 | Val: tot=5.558 ctr=0.119 sz=0.703 or=0.473 cf=0.010
Epoch  51 | LR: 0.003185 | Tr: tot=4.963 ctr=0.155 sz=0.709 or=0.410 cf=0.013 | Val: tot=5.489 ctr=0.098 sz=0.605 or=0.479 cf=0.005
Epoch  52 | LR: 0.003266 | Tr: tot=5.010 ctr=0.162 sz=0.711 or=0.414 cf=0.007 | Val: tot=5.227 ctr=0.110 sz=0.662 or=0.445 cf=0.006
Epoch  53 | LR: 0.003346 | Tr: tot=4.865 ctr=0.146 sz=0.692 or=0.403 cf=0.007 | Val: tot=5.145 ctr=0.086 sz=0.614 or=0.444 cf=0.007
Epoch  54 | LR: 0.003426 | Tr: tot=4.781 ctr=0.140 sz=0.678 or=0.396 cf=0.015 | Val: tot=4.948 ctr=0.110 sz=0.683 or=0.415 cf=0.015
Epoch  55 | LR: 0.003504 | Tr: tot=4.811 ctr=0.143 sz=0.655 or=0.401 cf=0.014 | Val: tot=5.499 ctr=0.140 sz=0.700 or=0.466 cf=0.009
Epoch  56 | LR: 0.003581 | Tr: tot=4.834 ctr=0.148 sz=0.700 or=0.398 cf=0.012 | Val: tot=5.160 ctr=0.136 sz=0.667 or=0.436 cf=0.007
Epoch  57 | LR: 0.003657 | Tr: tot=4.707 ctr=0.146 sz=0.691 or=0.387 cf=0.010 | Val: tot=5.308 ctr=0.109 sz=0.710 or=0.449 cf=0.011
Epoch  58 | LR: 0.003732 | Tr: tot=4.734 ctr=0.133 sz=0.680 or=0.392 cf=0.012 | Val: tot=5.428 ctr=0.095 sz=0.611 or=0.472 cf=0.009
Epoch  59 | LR: 0.003805 | Tr: tot=4.896 ctr=0.129 sz=0.672 or=0.409 cf=0.011 | Val: tot=5.275 ctr=0.084 sz=0.637 or=0.455 cf=0.008
Epoch  60 | LR: 0.003877 | Tr: tot=4.834 ctr=0.147 sz=0.673 or=0.401 cf=0.021 | Val: tot=5.334 ctr=0.174 sz=0.813 or=0.434 cf=0.063
Epoch  61 | LR: 0.003947 | Tr: tot=4.866 ctr=0.162 sz=0.713 or=0.399 cf=0.043 | Val: tot=5.419 ctr=0.125 sz=0.753 or=0.454 cf=0.058
Epoch  62 | LR: 0.004015 | Tr: tot=4.872 ctr=0.152 sz=0.712 or=0.401 cf=0.026 | Val: tot=5.518 ctr=0.133 sz=0.655 or=0.473 cf=0.003
Epoch  63 | LR: 0.004082 | Tr: tot=4.831 ctr=0.150 sz=0.703 or=0.398 cf=0.007 | Val: tot=5.513 ctr=0.102 sz=0.630 or=0.478 cf=0.006
Epoch  64 | LR: 0.004147 | Tr: tot=4.830 ctr=0.141 sz=0.682 or=0.401 cf=0.014 | Val: tot=5.468 ctr=0.115 sz=0.737 or=0.461 cf=0.010
Epoch  65 | LR: 0.004210 | Tr: tot=4.708 ctr=0.145 sz=0.683 or=0.388 cf=0.020 | Val: tot=5.546 ctr=0.102 sz=0.645 or=0.480 cf=0.008
Epoch  66 | LR: 0.004272 | Tr: tot=4.776 ctr=0.132 sz=0.686 or=0.396 cf=0.014 | Val: tot=5.367 ctr=0.106 sz=0.606 or=0.465 cf=0.016
Epoch  67 | LR: 0.004331 | Tr: tot=4.887 ctr=0.144 sz=0.683 or=0.406 cf=0.020 | Val: tot=5.536 ctr=0.127 sz=0.662 or=0.475 cf=0.013
Epoch  68 | LR: 0.004388 | Tr: tot=4.791 ctr=0.163 sz=0.727 or=0.390 cf=0.024 | Val: tot=5.449 ctr=0.136 sz=0.664 or=0.465 cf=0.006
Epoch  69 | LR: 0.004443 | Tr: tot=4.720 ctr=0.170 sz=0.703 or=0.385 cf=0.005 | Val: tot=5.236 ctr=0.136 sz=0.670 or=0.443 cf=0.005
Epoch  70 | LR: 0.004495 | Tr: tot=4.730 ctr=0.154 sz=0.671 or=0.390 cf=0.005 | Val: tot=5.200 ctr=0.095 sz=0.616 or=0.449 cf=0.004
Epoch  71 | LR: 0.004546 | Tr: tot=4.748 ctr=0.137 sz=0.668 or=0.394 cf=0.006 | Val: tot=5.559 ctr=0.107 sz=0.714 or=0.474 cf=0.004
Epoch  72 | LR: 0.004593 | Tr: tot=4.703 ctr=0.147 sz=0.676 or=0.388 cf=0.006 | Val: tot=5.400 ctr=0.113 sz=0.679 or=0.461 cf=0.005
Epoch  73 | LR: 0.004639 | Tr: tot=4.874 ctr=0.157 sz=0.682 or=0.403 cf=0.006 | Val: tot=5.262 ctr=0.100 sz=0.630 or=0.453 cf=0.004
Epoch  74 | LR: 0.004682 | Tr: tot=4.819 ctr=0.148 sz=0.673 or=0.400 cf=0.007 | Val: tot=5.364 ctr=0.118 sz=0.640 or=0.461 cf=0.007
Epoch  75 | LR: 0.004722 | Tr: tot=4.700 ctr=0.146 sz=0.664 or=0.389 cf=0.010 | Val: tot=5.483 ctr=0.104 sz=0.629 or=0.475 cf=0.013
Epoch  76 | LR: 0.004760 | Tr: tot=4.755 ctr=0.149 sz=0.675 or=0.393 cf=0.008 | Val: tot=5.325 ctr=0.091 sz=0.627 or=0.461 cf=0.005
Epoch  77 | LR: 0.004795 | Tr: tot=4.720 ctr=0.143 sz=0.684 or=0.389 cf=0.006 | Val: tot=5.434 ctr=0.090 sz=0.647 or=0.470 cf=0.010
Epoch  78 | LR: 0.004828 | Tr: tot=4.606 ctr=0.143 sz=0.688 or=0.377 cf=0.013 | Val: tot=5.213 ctr=0.102 sz=0.662 or=0.445 cf=0.009
Epoch  79 | LR: 0.004858 | Tr: tot=4.608 ctr=0.132 sz=0.682 or=0.379 cf=0.013 | Val: tot=5.402 ctr=0.089 sz=0.626 or=0.469 cf=0.009
Epoch  80 | LR: 0.004885 | Tr: tot=4.718 ctr=0.133 sz=0.664 or=0.392 cf=0.015 | Val: tot=5.081 ctr=0.087 sz=0.630 or=0.436 cf=0.008
Epoch  81 | LR: 0.004909 | Tr: tot=4.596 ctr=0.130 sz=0.662 or=0.380 cf=0.011 | Val: tot=5.402 ctr=0.090 sz=0.625 or=0.469 cf=0.010
Epoch  82 | LR: 0.004931 | Tr: tot=4.684 ctr=0.137 sz=0.672 or=0.387 cf=0.007 | Val: tot=5.307 ctr=0.102 sz=0.703 or=0.450 cf=0.006
Epoch  83 | LR: 0.004949 | Tr: tot=4.836 ctr=0.142 sz=0.681 or=0.401 cf=0.012 | Val: tot=5.229 ctr=0.118 sz=0.729 or=0.438 cf=0.011
Epoch  84 | LR: 0.004965 | Tr: tot=4.899 ctr=0.143 sz=0.694 or=0.406 cf=0.009 | Val: tot=5.324 ctr=0.095 sz=0.665 or=0.456 cf=0.010
Epoch  85 | LR: 0.004978 | Tr: tot=5.024 ctr=0.150 sz=0.721 or=0.415 cf=0.008 | Val: tot=5.430 ctr=0.142 sz=0.753 or=0.453 cf=0.009
Epoch  86 | LR: 0.004988 | Tr: tot=4.938 ctr=0.160 sz=0.686 or=0.409 cf=0.004 | Val: tot=5.276 ctr=0.111 sz=0.655 or=0.451 cf=0.012
Epoch  87 | LR: 0.004995 | Tr: tot=4.767 ctr=0.152 sz=0.688 or=0.393 cf=0.021 | Val: tot=5.454 ctr=0.122 sz=0.709 or=0.462 cf=0.004
Epoch  88 | LR: 0.004999 | Tr: tot=4.711 ctr=0.177 sz=0.679 or=0.385 cf=0.012 | Val: tot=5.133 ctr=0.122 sz=0.744 or=0.427 cf=0.010
Epoch  89 | LR: 0.005000 | Tr: tot=4.686 ctr=0.159 sz=0.703 or=0.382 cf=0.008 | Val: tot=5.210 ctr=0.098 sz=0.690 or=0.442 cf=0.008
Epoch  90 | LR: 0.005000 | Tr: tot=4.571 ctr=0.137 sz=0.673 or=0.376 cf=0.009 | Val: tot=5.280 ctr=0.097 sz=0.665 or=0.452 cf=0.005
Epoch  91 | LR: 0.004999 | Tr: tot=4.667 ctr=0.147 sz=0.661 or=0.386 cf=0.009 | Val: tot=5.096 ctr=0.101 sz=0.644 or=0.435 cf=0.009
Epoch  92 | LR: 0.004997 | Tr: tot=4.710 ctr=0.140 sz=0.662 or=0.391 cf=0.007 | Val: tot=5.173 ctr=0.091 sz=0.606 or=0.447 cf=0.009
Epoch  93 | LR: 0.004995 | Tr: tot=4.588 ctr=0.133 sz=0.661 or=0.379 cf=0.009 | Val: tot=5.183 ctr=0.103 sz=0.656 or=0.442 cf=0.009
Epoch  94 | LR: 0.004993 | Tr: tot=4.643 ctr=0.140 sz=0.666 or=0.384 cf=0.015 | Val: tot=5.328 ctr=0.082 sz=0.639 or=0.461 cf=0.007
Early stopping at epoch 94.
Final Test Result -> Ctr: 0.1163 | Sz: 0.6460 | Or: 0.4732 | Cf: 0.0136
