Run: results/run_20260411_033150 | Device: mps | Params: 2,187,917
Config: PeakLR=0.005  WD=1e-05  BS=16  Epochs=100
--------------------------------------------------------------------------------------------------------------
Epoch   0 | LR: 0.000213 | Tr: tot=7.336 ctr=0.263 sz=0.052 or=0.702 cf=0.446 | Val: tot=7.555 ctr=0.288 sz=0.050 or=0.720 cf=0.595
Epoch   1 | LR: 0.000253 | Tr: tot=7.203 ctr=0.177 sz=0.052 or=0.699 cf=0.332 | Val: tot=7.463 ctr=0.264 sz=0.050 or=0.714 cf=0.500
Epoch   2 | LR: 0.000318 | Tr: tot=7.170 ctr=0.162 sz=0.051 or=0.697 cf=0.281 | Val: tot=7.293 ctr=0.238 sz=0.050 or=0.701 cf=0.357
Epoch   3 | LR: 0.000409 | Tr: tot=7.173 ctr=0.159 sz=0.052 or=0.698 cf=0.256 | Val: tot=7.144 ctr=0.158 sz=0.050 or=0.696 cf=0.245
Epoch   4 | LR: 0.000524 | Tr: tot=7.145 ctr=0.143 sz=0.052 or=0.697 cf=0.234 | Val: tot=7.043 ctr=0.098 sz=0.050 or=0.692 cf=0.208
Epoch   5 | LR: 0.000661 | Tr: tot=7.143 ctr=0.135 sz=0.052 or=0.698 cf=0.210 | Val: tot=7.056 ctr=0.106 sz=0.050 or=0.693 cf=0.171
Epoch   6 | LR: 0.000820 | Tr: tot=7.132 ctr=0.137 sz=0.051 or=0.697 cf=0.171 | Val: tot=7.039 ctr=0.092 sz=0.050 or=0.693 cf=0.125
Epoch   7 | LR: 0.000999 | Tr: tot=7.120 ctr=0.128 sz=0.052 or=0.698 cf=0.107 | Val: tot=7.072 ctr=0.118 sz=0.050 or=0.694 cf=0.061
Epoch   8 | LR: 0.001195 | Tr: tot=7.113 ctr=0.127 sz=0.052 or=0.698 cf=0.044 | Val: tot=7.017 ctr=0.115 sz=0.049 or=0.690 cf=0.015
Epoch   9 | LR: 0.001407 | Tr: tot=7.094 ctr=0.128 sz=0.051 or=0.696 cf=0.011 | Val: tot=7.030 ctr=0.106 sz=0.050 or=0.692 cf=0.005
Epoch  10 | LR: 0.001632 | Tr: tot=7.105 ctr=0.127 sz=0.052 or=0.697 cf=0.006 | Val: tot=7.023 ctr=0.084 sz=0.050 or=0.693 cf=0.002
Epoch  11 | LR: 0.001868 | Tr: tot=7.094 ctr=0.122 sz=0.052 or=0.697 cf=0.008 | Val: tot=6.975 ctr=0.082 sz=0.049 or=0.689 cf=0.005
Epoch  12 | LR: 0.002112 | Tr: tot=7.101 ctr=0.140 sz=0.052 or=0.696 cf=0.008 | Val: tot=7.029 ctr=0.101 sz=0.049 or=0.692 cf=0.008
Epoch  13 | LR: 0.002361 | Tr: tot=7.107 ctr=0.122 sz=0.052 or=0.698 cf=0.007 | Val: tot=7.070 ctr=0.129 sz=0.050 or=0.694 cf=0.003
Epoch  14 | LR: 0.002613 | Tr: tot=7.099 ctr=0.121 sz=0.051 or=0.697 cf=0.004 | Val: tot=7.034 ctr=0.093 sz=0.051 or=0.694 cf=0.004
Epoch  15 | LR: 0.002864 | Tr: tot=7.097 ctr=0.112 sz=0.052 or=0.698 cf=0.005 | Val: tot=7.004 ctr=0.057 sz=0.051 or=0.694 cf=0.001
Epoch  16 | LR: 0.003113 | Tr: tot=7.056 ctr=0.100 sz=0.052 or=0.695 cf=0.003 | Val: tot=7.070 ctr=0.134 sz=0.050 or=0.693 cf=0.002
Epoch  17 | LR: 0.003356 | Tr: tot=7.107 ctr=0.130 sz=0.052 or=0.697 cf=0.003 | Val: tot=7.017 ctr=0.095 sz=0.050 or=0.692 cf=0.003
Epoch  18 | LR: 0.003591 | Tr: tot=7.094 ctr=0.135 sz=0.051 or=0.695 cf=0.004 | Val: tot=6.986 ctr=0.075 sz=0.048 or=0.691 cf=0.002
Epoch  19 | LR: 0.003815 | Tr: tot=7.099 ctr=0.116 sz=0.051 or=0.698 cf=0.002 | Val: tot=7.015 ctr=0.076 sz=0.049 or=0.693 cf=0.002
Epoch  20 | LR: 0.004025 | Tr: tot=7.060 ctr=0.099 sz=0.051 or=0.696 cf=0.005 | Val: tot=7.025 ctr=0.089 sz=0.049 or=0.693 cf=0.007
Epoch  21 | LR: 0.004220 | Tr: tot=7.077 ctr=0.089 sz=0.052 or=0.698 cf=0.003 | Val: tot=6.994 ctr=0.071 sz=0.051 or=0.692 cf=0.002
Epoch  22 | LR: 0.004396 | Tr: tot=7.056 ctr=0.083 sz=0.052 or=0.697 cf=0.001 | Val: tot=7.042 ctr=0.127 sz=0.050 or=0.691 cf=0.001
Epoch  23 | LR: 0.004553 | Tr: tot=7.087 ctr=0.105 sz=0.052 or=0.698 cf=0.002 | Val: tot=7.083 ctr=0.113 sz=0.048 or=0.696 cf=0.002
Epoch  24 | LR: 0.004689 | Tr: tot=7.097 ctr=0.102 sz=0.052 or=0.699 cf=0.004 | Val: tot=7.031 ctr=0.080 sz=0.047 or=0.695 cf=0.002
Epoch  25 | LR: 0.004801 | Tr: tot=7.092 ctr=0.103 sz=0.051 or=0.698 cf=0.003 | Val: tot=7.035 ctr=0.088 sz=0.050 or=0.694 cf=0.003
Epoch  26 | LR: 0.004889 | Tr: tot=7.093 ctr=0.101 sz=0.052 or=0.699 cf=0.003 | Val: tot=6.976 ctr=0.058 sz=0.049 or=0.691 cf=0.001
Epoch  27 | LR: 0.004952 | Tr: tot=7.044 ctr=0.086 sz=0.051 or=0.695 cf=0.002 | Val: tot=7.015 ctr=0.070 sz=0.048 or=0.694 cf=0.002
Epoch  28 | LR: 0.004989 | Tr: tot=7.030 ctr=0.079 sz=0.050 or=0.695 cf=0.002 | Val: tot=7.002 ctr=0.076 sz=0.049 or=0.692 cf=0.000
Epoch  29 | LR: 0.005000 | Tr: tot=7.074 ctr=0.076 sz=0.052 or=0.699 cf=0.001 | Val: tot=6.978 ctr=0.062 sz=0.048 or=0.691 cf=0.002
Epoch  30 | LR: 0.004997 | Tr: tot=7.048 ctr=0.090 sz=0.053 or=0.695 cf=0.002 | Val: tot=6.972 ctr=0.056 sz=0.050 or=0.691 cf=0.001
Epoch  31 | LR: 0.004989 | Tr: tot=7.071 ctr=0.104 sz=0.053 or=0.696 cf=0.001 | Val: tot=6.988 ctr=0.083 sz=0.050 or=0.690 cf=0.001
Epoch  32 | LR: 0.004976 | Tr: tot=7.035 ctr=0.080 sz=0.052 or=0.695 cf=0.003 | Val: tot=6.993 ctr=0.080 sz=0.050 or=0.691 cf=0.002
Epoch  33 | LR: 0.004958 | Tr: tot=7.047 ctr=0.078 sz=0.051 or=0.696 cf=0.003 | Val: tot=6.982 ctr=0.065 sz=0.049 or=0.691 cf=0.001
Epoch  34 | LR: 0.004935 | Tr: tot=7.043 ctr=0.092 sz=0.051 or=0.695 cf=0.001 | Val: tot=6.979 ctr=0.068 sz=0.048 or=0.691 cf=0.002
Epoch  35 | LR: 0.004907 | Tr: tot=7.052 ctr=0.081 sz=0.051 or=0.697 cf=0.001 | Val: tot=6.983 ctr=0.065 sz=0.050 or=0.691 cf=0.001
Epoch  36 | LR: 0.004874 | Tr: tot=7.042 ctr=0.083 sz=0.051 or=0.695 cf=0.001 | Val: tot=6.980 ctr=0.058 sz=0.051 or=0.692 cf=0.003
Epoch  37 | LR: 0.004837 | Tr: tot=7.040 ctr=0.081 sz=0.051 or=0.695 cf=0.002 | Val: tot=6.957 ctr=0.054 sz=0.048 or=0.690 cf=0.003
Epoch  38 | LR: 0.004794 | Tr: tot=7.049 ctr=0.097 sz=0.052 or=0.695 cf=0.001 | Val: tot=6.953 ctr=0.068 sz=0.051 or=0.688 cf=0.001
Epoch  39 | LR: 0.004748 | Tr: tot=7.043 ctr=0.082 sz=0.053 or=0.696 cf=0.005 | Val: tot=6.951 ctr=0.063 sz=0.049 or=0.688 cf=0.001
Epoch  40 | LR: 0.004696 | Tr: tot=7.059 ctr=0.087 sz=0.051 or=0.697 cf=0.001 | Val: tot=6.953 ctr=0.057 sz=0.051 or=0.689 cf=0.001
Epoch  41 | LR: 0.004640 | Tr: tot=7.071 ctr=0.088 sz=0.052 or=0.698 cf=0.001 | Val: tot=7.021 ctr=0.059 sz=0.049 or=0.696 cf=0.002
Epoch  42 | LR: 0.004580 | Tr: tot=7.060 ctr=0.096 sz=0.052 or=0.696 cf=0.003 | Val: tot=6.999 ctr=0.077 sz=0.049 or=0.692 cf=0.004
Epoch  43 | LR: 0.004516 | Tr: tot=7.035 ctr=0.092 sz=0.051 or=0.694 cf=0.003 | Val: tot=7.001 ctr=0.062 sz=0.050 or=0.693 cf=0.001
Epoch  44 | LR: 0.004448 | Tr: tot=7.035 ctr=0.082 sz=0.051 or=0.695 cf=0.002 | Val: tot=6.947 ctr=0.048 sz=0.048 or=0.689 cf=0.002
Epoch  45 | LR: 0.004375 | Tr: tot=7.043 ctr=0.082 sz=0.051 or=0.696 cf=0.003 | Val: tot=6.997 ctr=0.063 sz=0.048 or=0.693 cf=0.002
Epoch  46 | LR: 0.004299 | Tr: tot=7.040 ctr=0.078 sz=0.051 or=0.696 cf=0.002 | Val: tot=6.967 ctr=0.063 sz=0.049 or=0.690 cf=0.000
Epoch  47 | LR: 0.004220 | Tr: tot=7.032 ctr=0.077 sz=0.052 or=0.695 cf=0.003 | Val: tot=6.940 ctr=0.051 sz=0.049 or=0.688 cf=0.001
Epoch  48 | LR: 0.004136 | Tr: tot=7.021 ctr=0.077 sz=0.050 or=0.694 cf=0.004 | Val: tot=6.950 ctr=0.064 sz=0.048 or=0.688 cf=0.001
Epoch  49 | LR: 0.004050 | Tr: tot=7.021 ctr=0.079 sz=0.051 or=0.694 cf=0.002 | Val: tot=6.972 ctr=0.064 sz=0.049 or=0.690 cf=0.001
Epoch  50 | LR: 0.003960 | Tr: tot=7.049 ctr=0.082 sz=0.052 or=0.696 cf=0.004 | Val: tot=6.947 ctr=0.047 sz=0.048 or=0.689 cf=0.001
Epoch  51 | LR: 0.003868 | Tr: tot=7.031 ctr=0.078 sz=0.051 or=0.695 cf=0.002 | Val: tot=6.938 ctr=0.043 sz=0.048 or=0.689 cf=0.001
Epoch  52 | LR: 0.003773 | Tr: tot=7.016 ctr=0.076 sz=0.051 or=0.693 cf=0.001 | Val: tot=6.946 ctr=0.053 sz=0.048 or=0.689 cf=0.000
Epoch  53 | LR: 0.003675 | Tr: tot=7.012 ctr=0.070 sz=0.050 or=0.694 cf=0.001 | Val: tot=6.935 ctr=0.051 sz=0.048 or=0.688 cf=0.000
Epoch  54 | LR: 0.003575 | Tr: tot=7.012 ctr=0.069 sz=0.050 or=0.694 cf=0.002 | Val: tot=6.945 ctr=0.044 sz=0.048 or=0.690 cf=0.000
Epoch  55 | LR: 0.003472 | Tr: tot=7.003 ctr=0.066 sz=0.051 or=0.693 cf=0.001 | Val: tot=6.944 ctr=0.044 sz=0.047 or=0.690 cf=0.001
Epoch  56 | LR: 0.003368 | Tr: tot=7.019 ctr=0.066 sz=0.051 or=0.695 cf=0.001 | Val: tot=6.928 ctr=0.043 sz=0.049 or=0.688 cf=0.001
Epoch  57 | LR: 0.003262 | Tr: tot=7.010 ctr=0.069 sz=0.051 or=0.694 cf=0.002 | Val: tot=6.943 ctr=0.042 sz=0.050 or=0.690 cf=0.000
Epoch  58 | LR: 0.003154 | Tr: tot=7.016 ctr=0.063 sz=0.052 or=0.695 cf=0.001 | Val: tot=6.942 ctr=0.039 sz=0.048 or=0.690 cf=0.000
Epoch  59 | LR: 0.003045 | Tr: tot=7.011 ctr=0.065 sz=0.050 or=0.694 cf=0.001 | Val: tot=6.935 ctr=0.040 sz=0.048 or=0.689 cf=0.000
Epoch  60 | LR: 0.002935 | Tr: tot=7.000 ctr=0.063 sz=0.051 or=0.693 cf=0.002 | Val: tot=6.968 ctr=0.038 sz=0.049 or=0.692 cf=0.000
Epoch  61 | LR: 0.002825 | Tr: tot=6.997 ctr=0.059 sz=0.052 or=0.693 cf=0.001 | Val: tot=6.916 ctr=0.039 sz=0.048 or=0.687 cf=0.000
Epoch  62 | LR: 0.002713 | Tr: tot=7.011 ctr=0.065 sz=0.051 or=0.694 cf=0.004 | Val: tot=6.938 ctr=0.047 sz=0.049 or=0.689 cf=0.000
Epoch  63 | LR: 0.002601 | Tr: tot=6.984 ctr=0.061 sz=0.051 or=0.692 cf=0.002 | Val: tot=6.931 ctr=0.046 sz=0.050 or=0.688 cf=0.001
Epoch  64 | LR: 0.002489 | Tr: tot=6.979 ctr=0.060 sz=0.051 or=0.691 cf=0.002 | Val: tot=6.917 ctr=0.032 sz=0.048 or=0.688 cf=0.001
Epoch  65 | LR: 0.002377 | Tr: tot=6.983 ctr=0.057 sz=0.050 or=0.692 cf=0.002 | Val: tot=6.901 ctr=0.035 sz=0.047 or=0.686 cf=0.001
Epoch  66 | LR: 0.002265 | Tr: tot=6.983 ctr=0.057 sz=0.050 or=0.692 cf=0.001 | Val: tot=6.927 ctr=0.032 sz=0.048 or=0.689 cf=0.000
Epoch  67 | LR: 0.002153 | Tr: tot=6.976 ctr=0.057 sz=0.051 or=0.691 cf=0.003 | Val: tot=6.937 ctr=0.036 sz=0.048 or=0.690 cf=0.000
Epoch  68 | LR: 0.002043 | Tr: tot=6.998 ctr=0.058 sz=0.050 or=0.694 cf=0.002 | Val: tot=6.916 ctr=0.035 sz=0.047 or=0.688 cf=0.000
Epoch  69 | LR: 0.001933 | Tr: tot=6.982 ctr=0.059 sz=0.051 or=0.692 cf=0.001 | Val: tot=6.922 ctr=0.039 sz=0.048 or=0.688 cf=0.000
Epoch  70 | LR: 0.001824 | Tr: tot=6.975 ctr=0.056 sz=0.050 or=0.691 cf=0.003 | Val: tot=6.913 ctr=0.032 sz=0.048 or=0.688 cf=0.000
Epoch  71 | LR: 0.001717 | Tr: tot=6.968 ctr=0.056 sz=0.050 or=0.691 cf=0.001 | Val: tot=6.900 ctr=0.031 sz=0.048 or=0.686 cf=0.000
Epoch  72 | LR: 0.001611 | Tr: tot=6.980 ctr=0.057 sz=0.050 or=0.692 cf=0.003 | Val: tot=6.928 ctr=0.037 sz=0.048 or=0.689 cf=0.000
Epoch  73 | LR: 0.001507 | Tr: tot=6.970 ctr=0.055 sz=0.050 or=0.691 cf=0.003 | Val: tot=6.911 ctr=0.028 sz=0.048 or=0.688 cf=0.000
Epoch  74 | LR: 0.001405 | Tr: tot=6.978 ctr=0.053 sz=0.050 or=0.692 cf=0.002 | Val: tot=6.914 ctr=0.029 sz=0.047 or=0.688 cf=0.000
Epoch  75 | LR: 0.001306 | Tr: tot=6.954 ctr=0.051 sz=0.051 or=0.690 cf=0.001 | Val: tot=6.930 ctr=0.033 sz=0.048 or=0.689 cf=0.000
Epoch  76 | LR: 0.001208 | Tr: tot=6.965 ctr=0.051 sz=0.050 or=0.691 cf=0.003 | Val: tot=6.914 ctr=0.030 sz=0.048 or=0.688 cf=0.000
Epoch  77 | LR: 0.001114 | Tr: tot=6.944 ctr=0.050 sz=0.050 or=0.689 cf=0.001 | Val: tot=6.897 ctr=0.030 sz=0.048 or=0.686 cf=0.000
Epoch  78 | LR: 0.001022 | Tr: tot=6.973 ctr=0.052 sz=0.050 or=0.692 cf=0.002 | Val: tot=6.903 ctr=0.029 sz=0.047 or=0.687 cf=0.000
Epoch  79 | LR: 0.000933 | Tr: tot=6.959 ctr=0.050 sz=0.050 or=0.690 cf=0.001 | Val: tot=6.912 ctr=0.032 sz=0.048 or=0.688 cf=0.000
Epoch  80 | LR: 0.000847 | Tr: tot=6.971 ctr=0.050 sz=0.050 or=0.692 cf=0.001 | Val: tot=6.906 ctr=0.027 sz=0.048 or=0.687 cf=0.000
Epoch  81 | LR: 0.000764 | Tr: tot=6.961 ctr=0.051 sz=0.049 or=0.691 cf=0.002 | Val: tot=6.905 ctr=0.036 sz=0.048 or=0.686 cf=0.000
Epoch  82 | LR: 0.000685 | Tr: tot=6.960 ctr=0.048 sz=0.050 or=0.691 cf=0.001 | Val: tot=6.891 ctr=0.027 sz=0.048 or=0.686 cf=0.000
Epoch  83 | LR: 0.000610 | Tr: tot=6.964 ctr=0.048 sz=0.050 or=0.691 cf=0.002 | Val: tot=6.894 ctr=0.029 sz=0.048 or=0.686 cf=0.000
Epoch  84 | LR: 0.000539 | Tr: tot=6.956 ctr=0.049 sz=0.049 or=0.690 cf=0.002 | Val: tot=6.899 ctr=0.024 sz=0.048 or=0.687 cf=0.000
Epoch  85 | LR: 0.000471 | Tr: tot=6.959 ctr=0.045 sz=0.050 or=0.691 cf=0.002 | Val: tot=6.896 ctr=0.024 sz=0.048 or=0.687 cf=0.000
Epoch  86 | LR: 0.000408 | Tr: tot=6.953 ctr=0.048 sz=0.050 or=0.690 cf=0.002 | Val: tot=6.897 ctr=0.025 sz=0.048 or=0.687 cf=0.000
Epoch  87 | LR: 0.000348 | Tr: tot=6.954 ctr=0.048 sz=0.050 or=0.690 cf=0.002 | Val: tot=6.894 ctr=0.026 sz=0.048 or=0.686 cf=0.000
Epoch  88 | LR: 0.000293 | Tr: tot=6.961 ctr=0.047 sz=0.051 or=0.691 cf=0.002 | Val: tot=6.893 ctr=0.025 sz=0.048 or=0.686 cf=0.000
Epoch  89 | LR: 0.000243 | Tr: tot=6.956 ctr=0.046 sz=0.049 or=0.690 cf=0.003 | Val: tot=6.883 ctr=0.024 sz=0.048 or=0.685 cf=0.000
Epoch  90 | LR: 0.000197 | Tr: tot=6.959 ctr=0.048 sz=0.050 or=0.691 cf=0.003 | Val: tot=6.876 ctr=0.024 sz=0.048 or=0.685 cf=0.000
Epoch  91 | LR: 0.000156 | Tr: tot=6.940 ctr=0.044 sz=0.050 or=0.689 cf=0.001 | Val: tot=6.876 ctr=0.025 sz=0.048 or=0.685 cf=0.000
Epoch  92 | LR: 0.000119 | Tr: tot=6.938 ctr=0.045 sz=0.050 or=0.689 cf=0.002 | Val: tot=6.882 ctr=0.025 sz=0.048 or=0.685 cf=0.000
Epoch  93 | LR: 0.000087 | Tr: tot=6.934 ctr=0.045 sz=0.050 or=0.688 cf=0.001 | Val: tot=6.884 ctr=0.024 sz=0.048 or=0.686 cf=0.000
Epoch  94 | LR: 0.000060 | Tr: tot=6.945 ctr=0.044 sz=0.050 or=0.690 cf=0.001 | Val: tot=6.887 ctr=0.024 sz=0.048 or=0.686 cf=0.000
Epoch  95 | LR: 0.000038 | Tr: tot=6.951 ctr=0.046 sz=0.050 or=0.690 cf=0.001 | Val: tot=6.885 ctr=0.024 sz=0.048 or=0.686 cf=0.000
Epoch  96 | LR: 0.000021 | Tr: tot=6.945 ctr=0.046 sz=0.050 or=0.689 cf=0.002 | Val: tot=6.885 ctr=0.023 sz=0.048 or=0.686 cf=0.000
Epoch  97 | LR: 0.000009 | Tr: tot=6.955 ctr=0.047 sz=0.050 or=0.690 cf=0.002 | Val: tot=6.886 ctr=0.024 sz=0.048 or=0.686 cf=0.000
Epoch  98 | LR: 0.000002 | Tr: tot=6.940 ctr=0.043 sz=0.050 or=0.689 cf=0.001 | Val: tot=6.884 ctr=0.023 sz=0.048 or=0.686 cf=0.000
Epoch  99 | LR: 0.000000 | Tr: tot=6.950 ctr=0.046 sz=0.050 or=0.690 cf=0.002 | Val: tot=6.885 ctr=0.025 sz=0.048 or=0.686 cf=0.000
Final Test Result -> Ctr: 0.0299 | Sz: 0.0495 | Or: 0.6889 | Cf: 0.0004
