Epoch   0 [L1-only] | Train L1: 0.2168 | Val Center: 0.1797 Val L1: 0.2003
Epoch   1 [L1-only] | Train L1: 0.1127 | Val Center: 0.0908 Val L1: 0.1041
Epoch   2 [L1-only] | Train L1: 0.1075 | Val Center: 0.0953 Val L1: 0.1075
Epoch   3 [L1-only] | Train L1: 0.0952 | Val Center: 0.0721 Val L1: 0.0870
Epoch   4 [L1-only] | Train L1: 0.0880 | Val Center: 0.0763 Val L1: 0.0890
Epoch   5 [Hybrid] | Train L1: 0.0875 | Val Center: 0.0818 Val L1: 0.0990
Epoch   6 [Hybrid] | Train L1: 0.0991 | Val Center: 0.1555 Val L1: 0.1755
Epoch   7 [Hybrid] | Train L1: 0.0883 | Val Center: 0.0578 Val L1: 0.0803
Epoch   8 [Hybrid] | Train L1: 0.0753 | Val Center: 0.0513 Val L1: 0.0762
Epoch   9 [Hybrid] | Train L1: 0.0679 | Val Center: 0.0472 Val L1: 0.0729
Epoch  10 [Hybrid] | Train L1: 0.0783 | Val Center: 0.0404 Val L1: 0.0689
Epoch  11 [Hybrid] | Train L1: 0.0695 | Val Center: 0.0319 Val L1: 0.0609
Epoch  12 [Hybrid] | Train L1: 0.0837 | Val Center: 0.0336 Val L1: 0.0637
Epoch  13 [Hybrid] | Train L1: 0.0630 | Val Center: 0.0475 Val L1: 0.0750
Epoch  14 [Hybrid] | Train L1: 0.0632 | Val Center: 0.0597 Val L1: 0.0856
Epoch  15 [Hybrid] | Train L1: 0.0746 | Val Center: 0.0463 Val L1: 0.0716
Epoch  16 [Hybrid] | Train L1: 0.0632 | Val Center: 0.0297 Val L1: 0.0598
Epoch  17 [Hybrid] | Train L1: 0.0598 | Val Center: 0.0254 Val L1: 0.0573
Epoch  18 [Hybrid] | Train L1: 0.0579 | Val Center: 0.0248 Val L1: 0.0572
Epoch  19 [Hybrid] | Train L1: 0.0584 | Val Center: 0.0270 Val L1: 0.0580
Epoch  20 [Hybrid] | Train L1: 0.0552 | Val Center: 0.0265 Val L1: 0.0580
Epoch  21 [Hybrid] | Train L1: 0.0549 | Val Center: 0.0334 Val L1: 0.0638
Epoch  22 [Hybrid] | Train L1: 0.0556 | Val Center: 0.0242 Val L1: 0.0566
Epoch  23 [Hybrid] | Train L1: 0.0544 | Val Center: 0.0210 Val L1: 0.0547
Epoch  24 [Hybrid] | Train L1: 0.0547 | Val Center: 0.0263 Val L1: 0.0567
Epoch  25 [Hybrid] | Train L1: 0.0531 | Val Center: 0.0228 Val L1: 0.0554
Epoch  26 [Hybrid] | Train L1: 0.0536 | Val Center: 0.0295 Val L1: 0.0570
Epoch  27 [Hybrid] | Train L1: 0.0550 | Val Center: 0.0204 Val L1: 0.0542
Epoch  28 [Hybrid] | Train L1: 0.0539 | Val Center: 0.0219 Val L1: 0.0561
Epoch  29 [Hybrid] | Train L1: 0.0539 | Val Center: 0.0259 Val L1: 0.0565
Epoch  30 [Hybrid] | Train L1: 0.0556 | Val Center: 0.0190 Val L1: 0.0536
Epoch  31 [Hybrid] | Train L1: 0.0551 | Val Center: 0.0194 Val L1: 0.0534
Epoch  32 [Hybrid] | Train L1: 0.0531 | Val Center: 0.0185 Val L1: 0.0539
Epoch  33 [Hybrid] | Train L1: 0.0527 | Val Center: 0.0207 Val L1: 0.0542
Epoch  34 [Hybrid] | Train L1: 0.0522 | Val Center: 0.0159 Val L1: 0.0521
Epoch  35 [Hybrid] | Train L1: 0.0536 | Val Center: 0.0206 Val L1: 0.0555
Epoch  36 [Hybrid] | Train L1: 0.0526 | Val Center: 0.0164 Val L1: 0.0521
Epoch  37 [Hybrid] | Train L1: 0.0523 | Val Center: 0.0162 Val L1: 0.0523
Epoch  38 [Hybrid] | Train L1: 0.0530 | Val Center: 0.0165 Val L1: 0.0528
Epoch  39 [Hybrid] | Train L1: 0.0526 | Val Center: 0.0177 Val L1: 0.0526
Epoch  40 [Hybrid] | Train L1: 0.0522 | Val Center: 0.0147 Val L1: 0.0517
Epoch  41 [Hybrid] | Train L1: 0.0519 | Val Center: 0.0158 Val L1: 0.0523
Epoch  42 [Hybrid] | Train L1: 0.0515 | Val Center: 0.0210 Val L1: 0.0558
Epoch  43 [Hybrid] | Train L1: 0.0517 | Val Center: 0.0155 Val L1: 0.0520
Epoch  44 [Hybrid] | Train L1: 0.0522 | Val Center: 0.0187 Val L1: 0.0528
Epoch  45 [Hybrid] | Train L1: 0.0535 | Val Center: 0.0168 Val L1: 0.0531
Epoch  46 [Hybrid] | Train L1: 0.0517 | Val Center: 0.0186 Val L1: 0.0544
Epoch  47 [Hybrid] | Train L1: 0.0520 | Val Center: 0.0218 Val L1: 0.0555
Epoch  48 [Hybrid] | Train L1: 0.0521 | Val Center: 0.0142 Val L1: 0.0518
Epoch  49 [Hybrid] | Train L1: 0.0518 | Val Center: 0.0185 Val L1: 0.0539
Epoch  50 [Hybrid] | Train L1: 0.0521 | Val Center: 0.0217 Val L1: 0.0565
Epoch  51 [Hybrid] | Train L1: 0.0530 | Val Center: 0.0200 Val L1: 0.0530
Epoch  52 [Hybrid] | Train L1: 0.0539 | Val Center: 0.0254 Val L1: 0.0589
Epoch  53 [Hybrid] | Train L1: 0.0525 | Val Center: 0.0153 Val L1: 0.0519
Epoch  54 [Hybrid] | Train L1: 0.0522 | Val Center: 0.0160 Val L1: 0.0526
Epoch  55 [Hybrid] | Train L1: 0.0515 | Val Center: 0.0156 Val L1: 0.0523
Epoch  56 [Hybrid] | Train L1: 0.0519 | Val Center: 0.0147 Val L1: 0.0521
Epoch  57 [Hybrid] | Train L1: 0.0522 | Val Center: 0.0164 Val L1: 0.0522
Epoch  58 [Hybrid] | Train L1: 0.0513 | Val Center: 0.0134 Val L1: 0.0517
Epoch  59 [Hybrid] | Train L1: 0.0520 | Val Center: 0.0160 Val L1: 0.0526
Epoch  60 [Hybrid] | Train L1: 0.0519 | Val Center: 0.0195 Val L1: 0.0542
Epoch  61 [Hybrid] | Train L1: 0.0522 | Val Center: 0.0168 Val L1: 0.0532
Epoch  62 [Hybrid] | Train L1: 0.0531 | Val Center: 0.0141 Val L1: 0.0515
Epoch  63 [Hybrid] | Train L1: 0.0523 | Val Center: 0.0154 Val L1: 0.0521
Epoch  64 [Hybrid] | Train L1: 0.0537 | Val Center: 0.0290 Val L1: 0.0577
Epoch  65 [Hybrid] | Train L1: 0.0528 | Val Center: 0.0147 Val L1: 0.0522
Epoch  66 [Hybrid] | Train L1: 0.0536 | Val Center: 0.0163 Val L1: 0.0523
Epoch  67 [Hybrid] | Train L1: 0.0522 | Val Center: 0.0138 Val L1: 0.0521
Epoch  68 [Hybrid] | Train L1: 0.0526 | Val Center: 0.0142 Val L1: 0.0522
Epoch  69 [Hybrid] | Train L1: 0.0536 | Val Center: 0.0158 Val L1: 0.0519
Epoch  70 [Hybrid] | Train L1: 0.0526 | Val Center: 0.0177 Val L1: 0.0535
Epoch  71 [Hybrid] | Train L1: 0.0516 | Val Center: 0.0146 Val L1: 0.0518
Epoch  72 [Hybrid] | Train L1: 0.0511 | Val Center: 0.0125 Val L1: 0.0511
Epoch  73 [Hybrid] | Train L1: 0.0516 | Val Center: 0.0133 Val L1: 0.0517
Epoch  74 [Hybrid] | Train L1: 0.0514 | Val Center: 0.0124 Val L1: 0.0511
Epoch  75 [Hybrid] | Train L1: 0.0520 | Val Center: 0.0150 Val L1: 0.0513
Epoch  76 [Hybrid] | Train L1: 0.0519 | Val Center: 0.0137 Val L1: 0.0513
Epoch  77 [Hybrid] | Train L1: 0.0511 | Val Center: 0.0159 Val L1: 0.0515
Epoch  78 [Hybrid] | Train L1: 0.0514 | Val Center: 0.0186 Val L1: 0.0528
Epoch  79 [Hybrid] | Train L1: 0.0540 | Val Center: 0.0206 Val L1: 0.0540
Epoch  80 [Hybrid] | Train L1: 0.0521 | Val Center: 0.0142 Val L1: 0.0519
Epoch  81 [Hybrid] | Train L1: 0.0515 | Val Center: 0.0142 Val L1: 0.0515
Epoch  82 [Hybrid] | Train L1: 0.0508 | Val Center: 0.0152 Val L1: 0.0523
Epoch  83 [Hybrid] | Train L1: 0.0520 | Val Center: 0.0215 Val L1: 0.0555
Epoch  84 [Hybrid] | Train L1: 0.0522 | Val Center: 0.0189 Val L1: 0.0546
Epoch  85 [Hybrid] | Train L1: 0.0507 | Val Center: 0.0156 Val L1: 0.0522
Epoch  86 [Hybrid] | Train L1: 0.0510 | Val Center: 0.0131 Val L1: 0.0512
Epoch  87 [Hybrid] | Train L1: 0.0510 | Val Center: 0.0140 Val L1: 0.0514
Epoch  88 [Hybrid] | Train L1: 0.0510 | Val Center: 0.0168 Val L1: 0.0519
Epoch  89 [Hybrid] | Train L1: 0.0520 | Val Center: 0.0137 Val L1: 0.0520
Epoch  90 [Hybrid] | Train L1: 0.0528 | Val Center: 0.0137 Val L1: 0.0516
Epoch  91 [Hybrid] | Train L1: 0.0513 | Val Center: 0.0158 Val L1: 0.0522
Epoch  92 [Hybrid] | Train L1: 0.0509 | Val Center: 0.0125 Val L1: 0.0512
Epoch  93 [Hybrid] | Train L1: 0.0515 | Val Center: 0.0131 Val L1: 0.0516
Epoch  94 [Hybrid] | Train L1: 0.0522 | Val Center: 0.0169 Val L1: 0.0522
Epoch  95 [Hybrid] | Train L1: 0.0517 | Val Center: 0.0142 Val L1: 0.0514
Epoch  96 [Hybrid] | Train L1: 0.0504 | Val Center: 0.0122 Val L1: 0.0510
Epoch  97 [Hybrid] | Train L1: 0.0510 | Val Center: 0.0123 Val L1: 0.0512
Epoch  98 [Hybrid] | Train L1: 0.0505 | Val Center: 0.0133 Val L1: 0.0518
Epoch  99 [Hybrid] | Train L1: 0.0503 | Val Center: 0.0114 Val L1: 0.0508
Epoch 100 [Hybrid] | Train L1: 0.0499 | Val Center: 0.0110 Val L1: 0.0507
Epoch 101 [Hybrid] | Train L1: 0.0504 | Val Center: 0.0145 Val L1: 0.0523
Epoch 102 [Hybrid] | Train L1: 0.0502 | Val Center: 0.0110 Val L1: 0.0511
Epoch 103 [Hybrid] | Train L1: 0.0504 | Val Center: 0.0140 Val L1: 0.0520
Epoch 104 [Hybrid] | Train L1: 0.0502 | Val Center: 0.0106 Val L1: 0.0505
Epoch 105 [Hybrid] | Train L1: 0.0501 | Val Center: 0.0115 Val L1: 0.0510
Epoch 106 [Hybrid] | Train L1: 0.0502 | Val Center: 0.0116 Val L1: 0.0508
Epoch 107 [Hybrid] | Train L1: 0.0504 | Val Center: 0.0108 Val L1: 0.0504
Epoch 108 [Hybrid] | Train L1: 0.0500 | Val Center: 0.0122 Val L1: 0.0510
Epoch 109 [Hybrid] | Train L1: 0.0499 | Val Center: 0.0112 Val L1: 0.0509
Epoch 110 [Hybrid] | Train L1: 0.0502 | Val Center: 0.0111 Val L1: 0.0506
Epoch 111 [Hybrid] | Train L1: 0.0501 | Val Center: 0.0107 Val L1: 0.0505
Epoch 112 [Hybrid] | Train L1: 0.0501 | Val Center: 0.0103 Val L1: 0.0504
Epoch 113 [Hybrid] | Train L1: 0.0504 | Val Center: 0.0111 Val L1: 0.0507
Epoch 114 [Hybrid] | Train L1: 0.0501 | Val Center: 0.0106 Val L1: 0.0505
Epoch 115 [Hybrid] | Train L1: 0.0502 | Val Center: 0.0119 Val L1: 0.0510
Epoch 116 [Hybrid] | Train L1: 0.0504 | Val Center: 0.0122 Val L1: 0.0513
Epoch 117 [Hybrid] | Train L1: 0.0502 | Val Center: 0.0113 Val L1: 0.0509
Epoch 118 [Hybrid] | Train L1: 0.0501 | Val Center: 0.0116 Val L1: 0.0509
Epoch 119 [Hybrid] | Train L1: 0.0501 | Val Center: 0.0114 Val L1: 0.0507
Epoch 120 [Hybrid] | Train L1: 0.0503 | Val Center: 0.0135 Val L1: 0.0516
Epoch 121 [Hybrid] | Train L1: 0.0509 | Val Center: 0.0142 Val L1: 0.0519
Epoch 122 [Hybrid] | Train L1: 0.0502 | Val Center: 0.0114 Val L1: 0.0509
Epoch 123 [Hybrid] | Train L1: 0.0498 | Val Center: 0.0110 Val L1: 0.0506
Epoch 124 [Hybrid] | Train L1: 0.0499 | Val Center: 0.0119 Val L1: 0.0507
Epoch 125 [Hybrid] | Train L1: 0.0504 | Val Center: 0.0145 Val L1: 0.0515
Epoch 126 [Hybrid] | Train L1: 0.0500 | Val Center: 0.0125 Val L1: 0.0509
Epoch 127 [Hybrid] | Train L1: 0.0499 | Val Center: 0.0126 Val L1: 0.0511
Epoch 128 [Hybrid] | Train L1: 0.0496 | Val Center: 0.0121 Val L1: 0.0510
Epoch 129 [Hybrid] | Train L1: 0.0497 | Val Center: 0.0112 Val L1: 0.0508
Epoch 130 [Hybrid] | Train L1: 0.0502 | Val Center: 0.0151 Val L1: 0.0518
Epoch 131 [Hybrid] | Train L1: 0.0502 | Val Center: 0.0119 Val L1: 0.0511
Epoch 132 [Hybrid] | Train L1: 0.0495 | Val Center: 0.0127 Val L1: 0.0508
Epoch 133 [Hybrid] | Train L1: 0.0496 | Val Center: 0.0105 Val L1: 0.0506
Epoch 134 [Hybrid] | Train L1: 0.0493 | Val Center: 0.0115 Val L1: 0.0509
Epoch 135 [Hybrid] | Train L1: 0.0492 | Val Center: 0.0100 Val L1: 0.0506
Epoch 136 [Hybrid] | Train L1: 0.0493 | Val Center: 0.0101 Val L1: 0.0507
Epoch 137 [Hybrid] | Train L1: 0.0493 | Val Center: 0.0105 Val L1: 0.0507
Epoch 138 [Hybrid] | Train L1: 0.0494 | Val Center: 0.0113 Val L1: 0.0509
Epoch 139 [Hybrid] | Train L1: 0.0496 | Val Center: 0.0108 Val L1: 0.0508
Epoch 140 [Hybrid] | Train L1: 0.0504 | Val Center: 0.0100 Val L1: 0.0504
Epoch 141 [Hybrid] | Train L1: 0.0500 | Val Center: 0.0100 Val L1: 0.0503
Epoch 142 [Hybrid] | Train L1: 0.0496 | Val Center: 0.0099 Val L1: 0.0504
Epoch 143 [Hybrid] | Train L1: 0.0494 | Val Center: 0.0104 Val L1: 0.0504
Epoch 144 [Hybrid] | Train L1: 0.0490 | Val Center: 0.0102 Val L1: 0.0504
Epoch 145 [Hybrid] | Train L1: 0.0491 | Val Center: 0.0107 Val L1: 0.0504
Epoch 146 [Hybrid] | Train L1: 0.0492 | Val Center: 0.0111 Val L1: 0.0510
Epoch 147 [Hybrid] | Train L1: 0.0490 | Val Center: 0.0104 Val L1: 0.0508
Epoch 148 [Hybrid] | Train L1: 0.0491 | Val Center: 0.0098 Val L1: 0.0505
Epoch 149 [Hybrid] | Train L1: 0.0490 | Val Center: 0.0096 Val L1: 0.0506
Epoch 150 [Hybrid] | Train L1: 0.0489 | Val Center: 0.0119 Val L1: 0.0513
Epoch 151 [Hybrid] | Train L1: 0.0489 | Val Center: 0.0102 Val L1: 0.0506
Epoch 152 [Hybrid] | Train L1: 0.0488 | Val Center: 0.0110 Val L1: 0.0510
Epoch 153 [Hybrid] | Train L1: 0.0491 | Val Center: 0.0100 Val L1: 0.0508
Epoch 154 [Hybrid] | Train L1: 0.0490 | Val Center: 0.0098 Val L1: 0.0505
Epoch 155 [Hybrid] | Train L1: 0.0490 | Val Center: 0.0108 Val L1: 0.0508
Epoch 156 [Hybrid] | Train L1: 0.0486 | Val Center: 0.0102 Val L1: 0.0509
Epoch 157 [Hybrid] | Train L1: 0.0488 | Val Center: 0.0099 Val L1: 0.0506
Epoch 158 [Hybrid] | Train L1: 0.0488 | Val Center: 0.0131 Val L1: 0.0517
Epoch 159 [Hybrid] | Train L1: 0.0488 | Val Center: 0.0101 Val L1: 0.0508
Epoch 160 [Hybrid] | Train L1: 0.0488 | Val Center: 0.0109 Val L1: 0.0509
Epoch 161 [Hybrid] | Train L1: 0.0491 | Val Center: 0.0104 Val L1: 0.0510
Epoch 162 [Hybrid] | Train L1: 0.0489 | Val Center: 0.0108 Val L1: 0.0511
Epoch 163 [Hybrid] | Train L1: 0.0485 | Val Center: 0.0095 Val L1: 0.0510
Epoch 164 [Hybrid] | Train L1: 0.0488 | Val Center: 0.0103 Val L1: 0.0510
Epoch 165 [Hybrid] | Train L1: 0.0486 | Val Center: 0.0100 Val L1: 0.0509
Epoch 166 [Hybrid] | Train L1: 0.0484 | Val Center: 0.0101 Val L1: 0.0511
Epoch 167 [Hybrid] | Train L1: 0.0483 | Val Center: 0.0098 Val L1: 0.0512
Epoch 168 [Hybrid] | Train L1: 0.0483 | Val Center: 0.0100 Val L1: 0.0510
Epoch 169 [Hybrid] | Train L1: 0.0483 | Val Center: 0.0102 Val L1: 0.0513
Epoch 170 [Hybrid] | Train L1: 0.0486 | Val Center: 0.0099 Val L1: 0.0512
Epoch 171 [Hybrid] | Train L1: 0.0484 | Val Center: 0.0101 Val L1: 0.0511
Epoch 172 [Hybrid] | Train L1: 0.0482 | Val Center: 0.0100 Val L1: 0.0515
Epoch 173 [Hybrid] | Train L1: 0.0483 | Val Center: 0.0106 Val L1: 0.0513
Epoch 174 [Hybrid] | Train L1: 0.0482 | Val Center: 0.0097 Val L1: 0.0511
Epoch 175 [Hybrid] | Train L1: 0.0482 | Val Center: 0.0094 Val L1: 0.0512
Epoch 176 [Hybrid] | Train L1: 0.0486 | Val Center: 0.0098 Val L1: 0.0511
Epoch 177 [Hybrid] | Train L1: 0.0483 | Val Center: 0.0096 Val L1: 0.0511
Epoch 178 [Hybrid] | Train L1: 0.0481 | Val Center: 0.0097 Val L1: 0.0511
Epoch 179 [Hybrid] | Train L1: 0.0480 | Val Center: 0.0098 Val L1: 0.0512
Epoch 180 [Hybrid] | Train L1: 0.0480 | Val Center: 0.0115 Val L1: 0.0518
Epoch 181 [Hybrid] | Train L1: 0.0479 | Val Center: 0.0104 Val L1: 0.0514
Epoch 182 [Hybrid] | Train L1: 0.0482 | Val Center: 0.0096 Val L1: 0.0512
Epoch 183 [Hybrid] | Train L1: 0.0481 | Val Center: 0.0101 Val L1: 0.0514
Epoch 184 [Hybrid] | Train L1: 0.0480 | Val Center: 0.0099 Val L1: 0.0512
Epoch 185 [Hybrid] | Train L1: 0.0478 | Val Center: 0.0105 Val L1: 0.0514
Epoch 186 [Hybrid] | Train L1: 0.0478 | Val Center: 0.0097 Val L1: 0.0511
Epoch 187 [Hybrid] | Train L1: 0.0479 | Val Center: 0.0098 Val L1: 0.0512
Epoch 188 [Hybrid] | Train L1: 0.0477 | Val Center: 0.0099 Val L1: 0.0513
Epoch 189 [Hybrid] | Train L1: 0.0479 | Val Center: 0.0101 Val L1: 0.0514
Epoch 190 [Hybrid] | Train L1: 0.0478 | Val Center: 0.0096 Val L1: 0.0512
Epoch 191 [Hybrid] | Train L1: 0.0479 | Val Center: 0.0095 Val L1: 0.0512
Final Test Result -> Center: 0.0129 | L1: 0.0543
Final results saved to results/run_20260410_170708
